[31m[1mWARNING: This is a development server. Do not use it in a production deployment. Use a production WSGI server instead.[0m
 * Running on http://127.0.0.1:5000
[33mPress CTRL+C to quit[0m
127.0.0.1 - - [19/May/2024 09:16:24] "OPTIONS /process_file HTTP/1.1" 200 -
['/home/yhlu/MICA/testfile/test.sv', '/home/yhlu/MICA/testfile/test2.sv']
127.0.0.1 - - [19/May/2024 09:16:24] "POST /process_file HTTP/1.1" 200 -
[31m[1mWARNING: This is a development server. Do not use it in a production deployment. Use a production WSGI server instead.[0m
 * Running on http://127.0.0.1:5000
[33mPress CTRL+C to quit[0m
127.0.0.1 - - [19/May/2024 11:18:15] "OPTIONS /process_file HTTP/1.1" 200 -
['/home/yhlu/MICA/testfile/test.sv', '/home/yhlu/MICA/testfile/test2.sv']
127.0.0.1 - - [19/May/2024 11:18:15] "[35m[1mPOST /process_file HTTP/1.1[0m" 500 -
[31m[1mWARNING: This is a development server. Do not use it in a production deployment. Use a production WSGI server instead.[0m
 * Running on http://127.0.0.1:5000
[33mPress CTRL+C to quit[0m
127.0.0.1 - - [19/May/2024 11:20:40] "OPTIONS /process_file HTTP/1.1" 200 -
['/home/yhlu/MICA/testfile/test.sv', '/home/yhlu/MICA/testfile/test2.sv']
127.0.0.1 - - [19/May/2024 11:20:40] "[35m[1mPOST /process_file HTTP/1.1[0m" 500 -
[31m[1mWARNING: This is a development server. Do not use it in a production deployment. Use a production WSGI server instead.[0m
 * Running on http://127.0.0.1:5000
[33mPress CTRL+C to quit[0m
127.0.0.1 - - [19/May/2024 11:21:22] "OPTIONS /process_file HTTP/1.1" 200 -
['/home/yhlu/MICA/testfile/test.sv', '/home/yhlu/MICA/testfile/test2.sv']
127.0.0.1 - - [19/May/2024 11:21:22] "[35m[1mPOST /process_file HTTP/1.1[0m" 500 -
[31m[1mWARNING: This is a development server. Do not use it in a production deployment. Use a production WSGI server instead.[0m
 * Running on http://127.0.0.1:5000
[33mPress CTRL+C to quit[0m
127.0.0.1 - - [19/May/2024 11:22:29] "OPTIONS /process_file HTTP/1.1" 200 -
['/home/yhlu/MICA/testfile/test.sv', '/home/yhlu/MICA/testfile/test2.sv']
name:        : ['foo']
ports:       : ['a', 'b', 'z']
direct:      : ['input', 'input', 'output']
parameters:  : []
name:        : ['edge_propagator_ack']
ports:       : ['clk_tx_i', 'rstn_tx_i', 'edge_i', 'ack_tx_o', 'clk_rx_i', 'rstn_rx_i', 'edge_o']
direct:      : ['input', 'input', 'input', 'output', 'input', 'input', 'output']
parameters:  : []
127.0.0.1 - - [19/May/2024 11:22:29] "POST /process_file HTTP/1.1" 200 -
[31m[1mWARNING: This is a development server. Do not use it in a production deployment. Use a production WSGI server instead.[0m
 * Running on http://127.0.0.1:5000
[33mPress CTRL+C to quit[0m
127.0.0.1 - - [19/May/2024 14:43:17] "OPTIONS /process_file HTTP/1.1" 200 -
['/home/yhlu/MICA/testfile/test.sv', '/home/yhlu/MICA/testfile/test2.sv']
name:        : ['foo']
ports:       : ['a', 'b', 'z']
direct:      : ['input', 'input', 'output']
parameters:  : []
name:        : ['edge_propagator_ack']
ports:       : ['clk_tx_i', 'rstn_tx_i', 'edge_i', 'ack_tx_o', 'clk_rx_i', 'rstn_rx_i', 'edge_o']
direct:      : ['input', 'input', 'input', 'output', 'input', 'input', 'output']
parameters:  : []
None
127.0.0.1 - - [19/May/2024 14:43:17] "POST /process_file HTTP/1.1" 200 -
[31m[1mWARNING: This is a development server. Do not use it in a production deployment. Use a production WSGI server instead.[0m
 * Running on http://127.0.0.1:5000
[33mPress CTRL+C to quit[0m
127.0.0.1 - - [19/May/2024 14:46:59] "OPTIONS /process_file HTTP/1.1" 200 -
['/home/yhlu/MICA/testfile/test.sv', '/home/yhlu/MICA/testfile/test2.sv']
{'/home/yhlu/MICA/testfile/test.sv': SyntaxData(source_code=b'module foo (\n    input  a,\n    b,\n    output z\n);\nendmodule : foo\n', tree=[kDescriptionList], tokens=None, rawtokens=None, errors=None), '/home/yhlu/MICA/testfile/test2.sv': SyntaxData(source_code=b"module edge_propagator_ack (\n    input  logic clk_tx_i,\n    input  logic rstn_tx_i,\n    input  logic edge_i,\n    output logic ack_tx_o,\n    input  logic clk_rx_i,\n    input  logic rstn_rx_i,\n    output logic edge_o\n);\n\n  logic [1:0] sync_a;\n  logic       sync_b;\n\n  logic       r_input_reg;\n  logic       s_input_reg_next;\n\n  assign ack_tx_o = sync_a[0];\n\n  assign s_input_reg_next = edge_i | (r_input_reg & ~sync_a[0]);\n\n  always @(negedge rstn_tx_i or posedge clk_tx_i) begin\n    if (~rstn_tx_i) begin\n      r_input_reg <= 1'b0;\n      sync_a      <= 2'b00;\n    end else begin\n      r_input_reg <= s_input_reg_next;\n      sync_a      <= {sync_b, sync_a[1]};\n    end\n  end\n\n  pulp_sync_wedge u_sync_clkb (\n      .clk_i   (clk_rx_i),\n      .rstn_i  (rstn_rx_i),\n      .en_i    (1'b1),\n      .serial_i(r_input_reg),\n      .r_edge_o(edge_o),\n      .f_edge_o(),\n      .serial_o(sync_b)\n  );\n\nendmodule\n", tree=[kDescriptionList], tokens=None, rawtokens=None, errors=None)}
name:        : ['foo']
ports:       : ['a', 'b', 'z']
direct:      : ['input', 'input', 'output']
parameters:  : []
name:        : ['edge_propagator_ack']
ports:       : ['clk_tx_i', 'rstn_tx_i', 'edge_i', 'ack_tx_o', 'clk_rx_i', 'rstn_rx_i', 'edge_o']
direct:      : ['input', 'input', 'input', 'output', 'input', 'input', 'output']
parameters:  : []
None
127.0.0.1 - - [19/May/2024 14:46:59] "POST /process_file HTTP/1.1" 200 -
[31m[1mWARNING: This is a development server. Do not use it in a production deployment. Use a production WSGI server instead.[0m
 * Running on http://127.0.0.1:5000
[33mPress CTRL+C to quit[0m
127.0.0.1 - - [19/May/2024 14:48:44] "OPTIONS /process_file HTTP/1.1" 200 -
['/home/yhlu/MICA/testfile/test.sv', '/home/yhlu/MICA/testfile/test2.sv']
{'/home/yhlu/MICA/testfile/test.sv': SyntaxData(source_code=b'module foo (\n    input  a,\n    b,\n    output z\n);\nendmodule : foo\n', tree=[kDescriptionList], tokens=None, rawtokens=None, errors=None), '/home/yhlu/MICA/testfile/test2.sv': SyntaxData(source_code=b"module edge_propagator_ack (\n    input  logic clk_tx_i,\n    input  logic rstn_tx_i,\n    input  logic edge_i,\n    output logic ack_tx_o,\n    input  logic clk_rx_i,\n    input  logic rstn_rx_i,\n    output logic edge_o\n);\n\n  logic [1:0] sync_a;\n  logic       sync_b;\n\n  logic       r_input_reg;\n  logic       s_input_reg_next;\n\n  assign ack_tx_o = sync_a[0];\n\n  assign s_input_reg_next = edge_i | (r_input_reg & ~sync_a[0]);\n\n  always @(negedge rstn_tx_i or posedge clk_tx_i) begin\n    if (~rstn_tx_i) begin\n      r_input_reg <= 1'b0;\n      sync_a      <= 2'b00;\n    end else begin\n      r_input_reg <= s_input_reg_next;\n      sync_a      <= {sync_b, sync_a[1]};\n    end\n  end\n\n  pulp_sync_wedge u_sync_clkb (\n      .clk_i   (clk_rx_i),\n      .rstn_i  (rstn_rx_i),\n      .en_i    (1'b1),\n      .serial_i(r_input_reg),\n      .r_edge_o(edge_o),\n      .f_edge_o(),\n      .serial_o(sync_b)\n  );\n\nendmodule\n", tree=[kDescriptionList], tokens=None, rawtokens=None, errors=None)}
name:        : ['foo']
ports:       : ['a', 'b', 'z']
direct:      : ['input', 'input', 'output']
parameters:  : []
name:        : ['edge_propagator_ack']
ports:       : ['clk_tx_i', 'rstn_tx_i', 'edge_i', 'ack_tx_o', 'clk_rx_i', 'rstn_rx_i', 'edge_o']
direct:      : ['input', 'input', 'input', 'output', 'input', 'input', 'output']
parameters:  : []
[[{'header_text': 'module foo (\n    input  a,\n    b,\n    output z\n);', 'name': 'foo', 'ports': ['a', 'b', 'z'], 'direct': ['input', 'input', 'output'], 'parameters': [], 'imports': []}], [{'header_text': 'module edge_propagator_ack (\n    input  logic clk_tx_i,\n    input  logic rstn_tx_i,\n    input  logic edge_i,\n    output logic ack_tx_o,\n    input  logic clk_rx_i,\n    input  logic rstn_rx_i,\n    output logic edge_o\n);', 'name': 'edge_propagator_ack', 'ports': ['clk_tx_i', 'rstn_tx_i', 'edge_i', 'ack_tx_o', 'clk_rx_i', 'rstn_rx_i', 'edge_o'], 'direct': ['input', 'input', 'input', 'output', 'input', 'input', 'output'], 'parameters': [], 'imports': []}]]
127.0.0.1 - - [19/May/2024 14:48:44] "POST /process_file HTTP/1.1" 200 -
[31m[1mWARNING: This is a development server. Do not use it in a production deployment. Use a production WSGI server instead.[0m
 * Running on http://127.0.0.1:5000
[33mPress CTRL+C to quit[0m
127.0.0.1 - - [19/May/2024 14:51:05] "OPTIONS /process_file HTTP/1.1" 200 -
['/home/yhlu/MICA/testfile/test.sv', '/home/yhlu/MICA/testfile/test2.sv']
{'/home/yhlu/MICA/testfile/test.sv': SyntaxData(source_code=b'module foo (\n    input  a,\n    b,\n    output z\n);\nendmodule : foo\n', tree=[kDescriptionList], tokens=None, rawtokens=None, errors=None), '/home/yhlu/MICA/testfile/test2.sv': SyntaxData(source_code=b"module edge_propagator_ack (\n    input  logic clk_tx_i,\n    input  logic rstn_tx_i,\n    input  logic edge_i,\n    output logic ack_tx_o,\n    input  logic clk_rx_i,\n    input  logic rstn_rx_i,\n    output logic edge_o\n);\n\n  logic [1:0] sync_a;\n  logic       sync_b;\n\n  logic       r_input_reg;\n  logic       s_input_reg_next;\n\n  assign ack_tx_o = sync_a[0];\n\n  assign s_input_reg_next = edge_i | (r_input_reg & ~sync_a[0]);\n\n  always @(negedge rstn_tx_i or posedge clk_tx_i) begin\n    if (~rstn_tx_i) begin\n      r_input_reg <= 1'b0;\n      sync_a      <= 2'b00;\n    end else begin\n      r_input_reg <= s_input_reg_next;\n      sync_a      <= {sync_b, sync_a[1]};\n    end\n  end\n\n  pulp_sync_wedge u_sync_clkb (\n      .clk_i   (clk_rx_i),\n      .rstn_i  (rstn_rx_i),\n      .en_i    (1'b1),\n      .serial_i(r_input_reg),\n      .r_edge_o(edge_o),\n      .f_edge_o(),\n      .serial_o(sync_b)\n  );\n\nendmodule\n", tree=[kDescriptionList], tokens=None, rawtokens=None, errors=None)}
name:        : ['foo']
ports:       : ['a', 'b', 'z']
direct:      : ['input', 'input', 'output']
parameters:  : []
name:        : ['edge_propagator_ack']
ports:       : ['clk_tx_i', 'rstn_tx_i', 'edge_i', 'ack_tx_o', 'clk_rx_i', 'rstn_rx_i', 'edge_o']
direct:      : ['input', 'input', 'input', 'output', 'input', 'input', 'output']
parameters:  : []
[{'header_text': 'module foo (\n    input  a,\n    b,\n    output z\n);', 'name': 'foo', 'ports': ['a', 'b', 'z'], 'direct': ['input', 'input', 'output'], 'parameters': [], 'imports': []}]
[{'header_text': 'module edge_propagator_ack (\n    input  logic clk_tx_i,\n    input  logic rstn_tx_i,\n    input  logic edge_i,\n    output logic ack_tx_o,\n    input  logic clk_rx_i,\n    input  logic rstn_rx_i,\n    output logic edge_o\n);', 'name': 'edge_propagator_ack', 'ports': ['clk_tx_i', 'rstn_tx_i', 'edge_i', 'ack_tx_o', 'clk_rx_i', 'rstn_rx_i', 'edge_o'], 'direct': ['input', 'input', 'input', 'output', 'input', 'input', 'output'], 'parameters': [], 'imports': []}]
127.0.0.1 - - [19/May/2024 14:51:06] "POST /process_file HTTP/1.1" 200 -
[31m[1mWARNING: This is a development server. Do not use it in a production deployment. Use a production WSGI server instead.[0m
 * Running on http://127.0.0.1:5000
[33mPress CTRL+C to quit[0m
127.0.0.1 - - [19/May/2024 15:14:50] "OPTIONS /process_file HTTP/1.1" 200 -
['/home/yhlu/MICA/testfile/test.sv', '/home/yhlu/MICA/testfile/test2.sv']
{'/home/yhlu/MICA/testfile/test.sv': SyntaxData(source_code=b'module foo (\n    input  a,\n    b,\n    output z\n);\nendmodule : foo\n', tree=[kDescriptionList], tokens=None, rawtokens=None, errors=None), '/home/yhlu/MICA/testfile/test2.sv': SyntaxData(source_code=b"module edge_propagator_ack (\n    input  logic clk_tx_i,\n    input  logic rstn_tx_i,\n    input  logic edge_i,\n    output logic ack_tx_o,\n    input  logic clk_rx_i,\n    input  logic rstn_rx_i,\n    output logic edge_o\n);\n\n  logic [1:0] sync_a;\n  logic       sync_b;\n\n  logic       r_input_reg;\n  logic       s_input_reg_next;\n\n  assign ack_tx_o = sync_a[0];\n\n  assign s_input_reg_next = edge_i | (r_input_reg & ~sync_a[0]);\n\n  always @(negedge rstn_tx_i or posedge clk_tx_i) begin\n    if (~rstn_tx_i) begin\n      r_input_reg <= 1'b0;\n      sync_a      <= 2'b00;\n    end else begin\n      r_input_reg <= s_input_reg_next;\n      sync_a      <= {sync_b, sync_a[1]};\n    end\n  end\n\n  pulp_sync_wedge u_sync_clkb (\n      .clk_i   (clk_rx_i),\n      .rstn_i  (rstn_rx_i),\n      .en_i    (1'b1),\n      .serial_i(r_input_reg),\n      .r_edge_o(edge_o),\n      .f_edge_o(),\n      .serial_o(sync_b)\n  );\n\nendmodule\n", tree=[kDescriptionList], tokens=None, rawtokens=None, errors=None)}
name:        : ['foo']
ports:       : ['a', 'b', 'z']
direct:      : ['input', 'input', 'output']
parameters:  : []
name:        : ['edge_propagator_ack']
ports:       : ['clk_tx_i', 'rstn_tx_i', 'edge_i', 'ack_tx_o', 'clk_rx_i', 'rstn_rx_i', 'edge_o']
direct:      : ['input', 'input', 'input', 'output', 'input', 'input', 'output']
parameters:  : []
127.0.0.1 - - [19/May/2024 15:14:50] "[35m[1mPOST /process_file HTTP/1.1[0m" 500 -
[31m[1mWARNING: This is a development server. Do not use it in a production deployment. Use a production WSGI server instead.[0m
 * Running on http://127.0.0.1:5000
[33mPress CTRL+C to quit[0m
127.0.0.1 - - [19/May/2024 15:16:35] "OPTIONS /process_file HTTP/1.1" 200 -
['/home/yhlu/MICA/testfile/test.sv', '/home/yhlu/MICA/testfile/test2.sv']
{'/home/yhlu/MICA/testfile/test.sv': SyntaxData(source_code=b'module foo (\n    input  a,\n    b,\n    output z\n);\nendmodule : foo\n', tree=[kDescriptionList], tokens=None, rawtokens=None, errors=None), '/home/yhlu/MICA/testfile/test2.sv': SyntaxData(source_code=b"module edge_propagator_ack (\n    input  logic clk_tx_i,\n    input  logic rstn_tx_i,\n    input  logic edge_i,\n    output logic ack_tx_o,\n    input  logic clk_rx_i,\n    input  logic rstn_rx_i,\n    output logic edge_o\n);\n\n  logic [1:0] sync_a;\n  logic       sync_b;\n\n  logic       r_input_reg;\n  logic       s_input_reg_next;\n\n  assign ack_tx_o = sync_a[0];\n\n  assign s_input_reg_next = edge_i | (r_input_reg & ~sync_a[0]);\n\n  always @(negedge rstn_tx_i or posedge clk_tx_i) begin\n    if (~rstn_tx_i) begin\n      r_input_reg <= 1'b0;\n      sync_a      <= 2'b00;\n    end else begin\n      r_input_reg <= s_input_reg_next;\n      sync_a      <= {sync_b, sync_a[1]};\n    end\n  end\n\n  pulp_sync_wedge u_sync_clkb (\n      .clk_i   (clk_rx_i),\n      .rstn_i  (rstn_rx_i),\n      .en_i    (1'b1),\n      .serial_i(r_input_reg),\n      .r_edge_o(edge_o),\n      .f_edge_o(),\n      .serial_o(sync_b)\n  );\n\nendmodule\n", tree=[kDescriptionList], tokens=None, rawtokens=None, errors=None)}
name:        : ['foo']
ports:       : ['a', 'b', 'z']
direct:      : ['input', 'input', 'output']
parameters:  : []
name:        : ['edge_propagator_ack']
ports:       : ['clk_tx_i', 'rstn_tx_i', 'edge_i', 'ack_tx_o', 'clk_rx_i', 'rstn_rx_i', 'edge_o']
direct:      : ['input', 'input', 'input', 'output', 'input', 'input', 'output']
parameters:  : []
[{'header_text': 'module foo (\n    input  a,\n    b,\n    output z\n);', 'name': 'foo', 'ports': ['a', 'b', 'z'], 'direct': ['input', 'input', 'output'], 'parameters': [], 'imports': []}]
127.0.0.1 - - [19/May/2024 15:16:35] "[35m[1mPOST /process_file HTTP/1.1[0m" 500 -
['/home/yhlu/MICA/testfile/test.sv', '/home/yhlu/MICA/testfile/test2.sv']
{'/home/yhlu/MICA/testfile/test.sv': SyntaxData(source_code=b'module foo (\n    input  a,\n    b,\n    output z\n);\nendmodule : foo\n', tree=[kDescriptionList], tokens=None, rawtokens=None, errors=None), '/home/yhlu/MICA/testfile/test2.sv': SyntaxData(source_code=b"module edge_propagator_ack (\n    input  logic clk_tx_i,\n    input  logic rstn_tx_i,\n    input  logic edge_i,\n    output logic ack_tx_o,\n    input  logic clk_rx_i,\n    input  logic rstn_rx_i,\n    output logic edge_o\n);\n\n  logic [1:0] sync_a;\n  logic       sync_b;\n\n  logic       r_input_reg;\n  logic       s_input_reg_next;\n\n  assign ack_tx_o = sync_a[0];\n\n  assign s_input_reg_next = edge_i | (r_input_reg & ~sync_a[0]);\n\n  always @(negedge rstn_tx_i or posedge clk_tx_i) begin\n    if (~rstn_tx_i) begin\n      r_input_reg <= 1'b0;\n      sync_a      <= 2'b00;\n    end else begin\n      r_input_reg <= s_input_reg_next;\n      sync_a      <= {sync_b, sync_a[1]};\n    end\n  end\n\n  pulp_sync_wedge u_sync_clkb (\n      .clk_i   (clk_rx_i),\n      .rstn_i  (rstn_rx_i),\n      .en_i    (1'b1),\n      .serial_i(r_input_reg),\n      .r_edge_o(edge_o),\n      .f_edge_o(),\n      .serial_o(sync_b)\n  );\n\nendmodule\n", tree=[kDescriptionList], tokens=None, rawtokens=None, errors=None)}
name:        : ['foo']
ports:       : ['a', 'b', 'z']
direct:      : ['input', 'input', 'output']
parameters:  : []
name:        : ['edge_propagator_ack']
ports:       : ['clk_tx_i', 'rstn_tx_i', 'edge_i', 'ack_tx_o', 'clk_rx_i', 'rstn_rx_i', 'edge_o']
direct:      : ['input', 'input', 'input', 'output', 'input', 'input', 'output']
parameters:  : []
[{'header_text': 'module foo (\n    input  a,\n    b,\n    output z\n);', 'name': 'foo', 'ports': ['a', 'b', 'z'], 'direct': ['input', 'input', 'output'], 'parameters': [], 'imports': []}]
127.0.0.1 - - [19/May/2024 15:16:35] "[35m[1mPOST /process_file HTTP/1.1[0m" 500 -
['/home/yhlu/MICA/testfile/test.sv', '/home/yhlu/MICA/testfile/test2.sv']
{'/home/yhlu/MICA/testfile/test.sv': SyntaxData(source_code=b'module foo (\n    input  a,\n    b,\n    output z\n);\nendmodule : foo\n', tree=[kDescriptionList], tokens=None, rawtokens=None, errors=None), '/home/yhlu/MICA/testfile/test2.sv': SyntaxData(source_code=b"module edge_propagator_ack (\n    input  logic clk_tx_i,\n    input  logic rstn_tx_i,\n    input  logic edge_i,\n    output logic ack_tx_o,\n    input  logic clk_rx_i,\n    input  logic rstn_rx_i,\n    output logic edge_o\n);\n\n  logic [1:0] sync_a;\n  logic       sync_b;\n\n  logic       r_input_reg;\n  logic       s_input_reg_next;\n\n  assign ack_tx_o = sync_a[0];\n\n  assign s_input_reg_next = edge_i | (r_input_reg & ~sync_a[0]);\n\n  always @(negedge rstn_tx_i or posedge clk_tx_i) begin\n    if (~rstn_tx_i) begin\n      r_input_reg <= 1'b0;\n      sync_a      <= 2'b00;\n    end else begin\n      r_input_reg <= s_input_reg_next;\n      sync_a      <= {sync_b, sync_a[1]};\n    end\n  end\n\n  pulp_sync_wedge u_sync_clkb (\n      .clk_i   (clk_rx_i),\n      .rstn_i  (rstn_rx_i),\n      .en_i    (1'b1),\n      .serial_i(r_input_reg),\n      .r_edge_o(edge_o),\n      .f_edge_o(),\n      .serial_o(sync_b)\n  );\n\nendmodule\n", tree=[kDescriptionList], tokens=None, rawtokens=None, errors=None)}
name:        : ['foo']
ports:       : ['a', 'b', 'z']
direct:      : ['input', 'input', 'output']
parameters:  : []
name:        : ['edge_propagator_ack']
ports:       : ['clk_tx_i', 'rstn_tx_i', 'edge_i', 'ack_tx_o', 'clk_rx_i', 'rstn_rx_i', 'edge_o']
direct:      : ['input', 'input', 'input', 'output', 'input', 'input', 'output']
parameters:  : []
[{'header_text': 'module foo (\n    input  a,\n    b,\n    output z\n);', 'name': 'foo', 'ports': ['a', 'b', 'z'], 'direct': ['input', 'input', 'output'], 'parameters': [], 'imports': []}]
127.0.0.1 - - [19/May/2024 15:16:36] "[35m[1mPOST /process_file HTTP/1.1[0m" 500 -
['/home/yhlu/MICA/testfile/test.sv', '/home/yhlu/MICA/testfile/test2.sv']
{'/home/yhlu/MICA/testfile/test.sv': SyntaxData(source_code=b'module foo (\n    input  a,\n    b,\n    output z\n);\nendmodule : foo\n', tree=[kDescriptionList], tokens=None, rawtokens=None, errors=None), '/home/yhlu/MICA/testfile/test2.sv': SyntaxData(source_code=b"module edge_propagator_ack (\n    input  logic clk_tx_i,\n    input  logic rstn_tx_i,\n    input  logic edge_i,\n    output logic ack_tx_o,\n    input  logic clk_rx_i,\n    input  logic rstn_rx_i,\n    output logic edge_o\n);\n\n  logic [1:0] sync_a;\n  logic       sync_b;\n\n  logic       r_input_reg;\n  logic       s_input_reg_next;\n\n  assign ack_tx_o = sync_a[0];\n\n  assign s_input_reg_next = edge_i | (r_input_reg & ~sync_a[0]);\n\n  always @(negedge rstn_tx_i or posedge clk_tx_i) begin\n    if (~rstn_tx_i) begin\n      r_input_reg <= 1'b0;\n      sync_a      <= 2'b00;\n    end else begin\n      r_input_reg <= s_input_reg_next;\n      sync_a      <= {sync_b, sync_a[1]};\n    end\n  end\n\n  pulp_sync_wedge u_sync_clkb (\n      .clk_i   (clk_rx_i),\n      .rstn_i  (rstn_rx_i),\n      .en_i    (1'b1),\n      .serial_i(r_input_reg),\n      .r_edge_o(edge_o),\n      .f_edge_o(),\n      .serial_o(sync_b)\n  );\n\nendmodule\n", tree=[kDescriptionList], tokens=None, rawtokens=None, errors=None)}
name:        : ['foo']
ports:       : ['a', 'b', 'z']
direct:      : ['input', 'input', 'output']
parameters:  : []
name:        : ['edge_propagator_ack']
ports:       : ['clk_tx_i', 'rstn_tx_i', 'edge_i', 'ack_tx_o', 'clk_rx_i', 'rstn_rx_i', 'edge_o']
direct:      : ['input', 'input', 'input', 'output', 'input', 'input', 'output']
parameters:  : []
[{'header_text': 'module foo (\n    input  a,\n    b,\n    output z\n);', 'name': 'foo', 'ports': ['a', 'b', 'z'], 'direct': ['input', 'input', 'output'], 'parameters': [], 'imports': []}]
127.0.0.1 - - [19/May/2024 15:16:36] "[35m[1mPOST /process_file HTTP/1.1[0m" 500 -
['/home/yhlu/MICA/testfile/test.sv', '/home/yhlu/MICA/testfile/test2.sv']
{'/home/yhlu/MICA/testfile/test.sv': SyntaxData(source_code=b'module foo (\n    input  a,\n    b,\n    output z\n);\nendmodule : foo\n', tree=[kDescriptionList], tokens=None, rawtokens=None, errors=None), '/home/yhlu/MICA/testfile/test2.sv': SyntaxData(source_code=b"module edge_propagator_ack (\n    input  logic clk_tx_i,\n    input  logic rstn_tx_i,\n    input  logic edge_i,\n    output logic ack_tx_o,\n    input  logic clk_rx_i,\n    input  logic rstn_rx_i,\n    output logic edge_o\n);\n\n  logic [1:0] sync_a;\n  logic       sync_b;\n\n  logic       r_input_reg;\n  logic       s_input_reg_next;\n\n  assign ack_tx_o = sync_a[0];\n\n  assign s_input_reg_next = edge_i | (r_input_reg & ~sync_a[0]);\n\n  always @(negedge rstn_tx_i or posedge clk_tx_i) begin\n    if (~rstn_tx_i) begin\n      r_input_reg <= 1'b0;\n      sync_a      <= 2'b00;\n    end else begin\n      r_input_reg <= s_input_reg_next;\n      sync_a      <= {sync_b, sync_a[1]};\n    end\n  end\n\n  pulp_sync_wedge u_sync_clkb (\n      .clk_i   (clk_rx_i),\n      .rstn_i  (rstn_rx_i),\n      .en_i    (1'b1),\n      .serial_i(r_input_reg),\n      .r_edge_o(edge_o),\n      .f_edge_o(),\n      .serial_o(sync_b)\n  );\n\nendmodule\n", tree=[kDescriptionList], tokens=None, rawtokens=None, errors=None)}
name:        : ['foo']
ports:       : ['a', 'b', 'z']
direct:      : ['input', 'input', 'output']
parameters:  : []
name:        : ['edge_propagator_ack']
ports:       : ['clk_tx_i', 'rstn_tx_i', 'edge_i', 'ack_tx_o', 'clk_rx_i', 'rstn_rx_i', 'edge_o']
direct:      : ['input', 'input', 'input', 'output', 'input', 'input', 'output']
parameters:  : []
[{'header_text': 'module foo (\n    input  a,\n    b,\n    output z\n);', 'name': 'foo', 'ports': ['a', 'b', 'z'], 'direct': ['input', 'input', 'output'], 'parameters': [], 'imports': []}]
127.0.0.1 - - [19/May/2024 15:16:36] "[35m[1mPOST /process_file HTTP/1.1[0m" 500 -
['/home/yhlu/MICA/testfile/test.sv', '/home/yhlu/MICA/testfile/test2.sv']
{'/home/yhlu/MICA/testfile/test.sv': SyntaxData(source_code=b'module foo (\n    input  a,\n    b,\n    output z\n);\nendmodule : foo\n', tree=[kDescriptionList], tokens=None, rawtokens=None, errors=None), '/home/yhlu/MICA/testfile/test2.sv': SyntaxData(source_code=b"module edge_propagator_ack (\n    input  logic clk_tx_i,\n    input  logic rstn_tx_i,\n    input  logic edge_i,\n    output logic ack_tx_o,\n    input  logic clk_rx_i,\n    input  logic rstn_rx_i,\n    output logic edge_o\n);\n\n  logic [1:0] sync_a;\n  logic       sync_b;\n\n  logic       r_input_reg;\n  logic       s_input_reg_next;\n\n  assign ack_tx_o = sync_a[0];\n\n  assign s_input_reg_next = edge_i | (r_input_reg & ~sync_a[0]);\n\n  always @(negedge rstn_tx_i or posedge clk_tx_i) begin\n    if (~rstn_tx_i) begin\n      r_input_reg <= 1'b0;\n      sync_a      <= 2'b00;\n    end else begin\n      r_input_reg <= s_input_reg_next;\n      sync_a      <= {sync_b, sync_a[1]};\n    end\n  end\n\n  pulp_sync_wedge u_sync_clkb (\n      .clk_i   (clk_rx_i),\n      .rstn_i  (rstn_rx_i),\n      .en_i    (1'b1),\n      .serial_i(r_input_reg),\n      .r_edge_o(edge_o),\n      .f_edge_o(),\n      .serial_o(sync_b)\n  );\n\nendmodule\n", tree=[kDescriptionList], tokens=None, rawtokens=None, errors=None)}
name:        : ['foo']
ports:       : ['a', 'b', 'z']
direct:      : ['input', 'input', 'output']
parameters:  : []
name:        : ['edge_propagator_ack']
ports:       : ['clk_tx_i', 'rstn_tx_i', 'edge_i', 'ack_tx_o', 'clk_rx_i', 'rstn_rx_i', 'edge_o']
direct:      : ['input', 'input', 'input', 'output', 'input', 'input', 'output']
parameters:  : []
[{'header_text': 'module foo (\n    input  a,\n    b,\n    output z\n);', 'name': 'foo', 'ports': ['a', 'b', 'z'], 'direct': ['input', 'input', 'output'], 'parameters': [], 'imports': []}]
127.0.0.1 - - [19/May/2024 15:16:37] "[35m[1mPOST /process_file HTTP/1.1[0m" 500 -
127.0.0.1 - - [19/May/2024 15:16:41] "OPTIONS /process_file HTTP/1.1" 200 -
['/home/yhlu/MICA/testfile/test.sv', '/home/yhlu/MICA/testfile/test2.sv']
{'/home/yhlu/MICA/testfile/test.sv': SyntaxData(source_code=b'module foo (\n    input  a,\n    b,\n    output z\n);\nendmodule : foo\n', tree=[kDescriptionList], tokens=None, rawtokens=None, errors=None), '/home/yhlu/MICA/testfile/test2.sv': SyntaxData(source_code=b"module edge_propagator_ack (\n    input  logic clk_tx_i,\n    input  logic rstn_tx_i,\n    input  logic edge_i,\n    output logic ack_tx_o,\n    input  logic clk_rx_i,\n    input  logic rstn_rx_i,\n    output logic edge_o\n);\n\n  logic [1:0] sync_a;\n  logic       sync_b;\n\n  logic       r_input_reg;\n  logic       s_input_reg_next;\n\n  assign ack_tx_o = sync_a[0];\n\n  assign s_input_reg_next = edge_i | (r_input_reg & ~sync_a[0]);\n\n  always @(negedge rstn_tx_i or posedge clk_tx_i) begin\n    if (~rstn_tx_i) begin\n      r_input_reg <= 1'b0;\n      sync_a      <= 2'b00;\n    end else begin\n      r_input_reg <= s_input_reg_next;\n      sync_a      <= {sync_b, sync_a[1]};\n    end\n  end\n\n  pulp_sync_wedge u_sync_clkb (\n      .clk_i   (clk_rx_i),\n      .rstn_i  (rstn_rx_i),\n      .en_i    (1'b1),\n      .serial_i(r_input_reg),\n      .r_edge_o(edge_o),\n      .f_edge_o(),\n      .serial_o(sync_b)\n  );\n\nendmodule\n", tree=[kDescriptionList], tokens=None, rawtokens=None, errors=None)}
name:        : ['foo']
ports:       : ['a', 'b', 'z']
direct:      : ['input', 'input', 'output']
parameters:  : []
name:        : ['edge_propagator_ack']
ports:       : ['clk_tx_i', 'rstn_tx_i', 'edge_i', 'ack_tx_o', 'clk_rx_i', 'rstn_rx_i', 'edge_o']
direct:      : ['input', 'input', 'input', 'output', 'input', 'input', 'output']
parameters:  : []
[{'header_text': 'module foo (\n    input  a,\n    b,\n    output z\n);', 'name': 'foo', 'ports': ['a', 'b', 'z'], 'direct': ['input', 'input', 'output'], 'parameters': [], 'imports': []}]
127.0.0.1 - - [19/May/2024 15:16:41] "[35m[1mPOST /process_file HTTP/1.1[0m" 500 -
['/home/yhlu/MICA/testfile/test.sv', '/home/yhlu/MICA/testfile/test2.sv']
{'/home/yhlu/MICA/testfile/test.sv': SyntaxData(source_code=b'module foo (\n    input  a,\n    b,\n    output z\n);\nendmodule : foo\n', tree=[kDescriptionList], tokens=None, rawtokens=None, errors=None), '/home/yhlu/MICA/testfile/test2.sv': SyntaxData(source_code=b"module edge_propagator_ack (\n    input  logic clk_tx_i,\n    input  logic rstn_tx_i,\n    input  logic edge_i,\n    output logic ack_tx_o,\n    input  logic clk_rx_i,\n    input  logic rstn_rx_i,\n    output logic edge_o\n);\n\n  logic [1:0] sync_a;\n  logic       sync_b;\n\n  logic       r_input_reg;\n  logic       s_input_reg_next;\n\n  assign ack_tx_o = sync_a[0];\n\n  assign s_input_reg_next = edge_i | (r_input_reg & ~sync_a[0]);\n\n  always @(negedge rstn_tx_i or posedge clk_tx_i) begin\n    if (~rstn_tx_i) begin\n      r_input_reg <= 1'b0;\n      sync_a      <= 2'b00;\n    end else begin\n      r_input_reg <= s_input_reg_next;\n      sync_a      <= {sync_b, sync_a[1]};\n    end\n  end\n\n  pulp_sync_wedge u_sync_clkb (\n      .clk_i   (clk_rx_i),\n      .rstn_i  (rstn_rx_i),\n      .en_i    (1'b1),\n      .serial_i(r_input_reg),\n      .r_edge_o(edge_o),\n      .f_edge_o(),\n      .serial_o(sync_b)\n  );\n\nendmodule\n", tree=[kDescriptionList], tokens=None, rawtokens=None, errors=None)}
name:        : ['foo']
ports:       : ['a', 'b', 'z']
direct:      : ['input', 'input', 'output']
parameters:  : []
name:        : ['edge_propagator_ack']
ports:       : ['clk_tx_i', 'rstn_tx_i', 'edge_i', 'ack_tx_o', 'clk_rx_i', 'rstn_rx_i', 'edge_o']
direct:      : ['input', 'input', 'input', 'output', 'input', 'input', 'output']
parameters:  : []
[{'header_text': 'module foo (\n    input  a,\n    b,\n    output z\n);', 'name': 'foo', 'ports': ['a', 'b', 'z'], 'direct': ['input', 'input', 'output'], 'parameters': [], 'imports': []}]
127.0.0.1 - - [19/May/2024 15:16:41] "[35m[1mPOST /process_file HTTP/1.1[0m" 500 -
['/home/yhlu/MICA/testfile/test.sv', '/home/yhlu/MICA/testfile/test2.sv']
{'/home/yhlu/MICA/testfile/test.sv': SyntaxData(source_code=b'module foo (\n    input  a,\n    b,\n    output z\n);\nendmodule : foo\n', tree=[kDescriptionList], tokens=None, rawtokens=None, errors=None), '/home/yhlu/MICA/testfile/test2.sv': SyntaxData(source_code=b"module edge_propagator_ack (\n    input  logic clk_tx_i,\n    input  logic rstn_tx_i,\n    input  logic edge_i,\n    output logic ack_tx_o,\n    input  logic clk_rx_i,\n    input  logic rstn_rx_i,\n    output logic edge_o\n);\n\n  logic [1:0] sync_a;\n  logic       sync_b;\n\n  logic       r_input_reg;\n  logic       s_input_reg_next;\n\n  assign ack_tx_o = sync_a[0];\n\n  assign s_input_reg_next = edge_i | (r_input_reg & ~sync_a[0]);\n\n  always @(negedge rstn_tx_i or posedge clk_tx_i) begin\n    if (~rstn_tx_i) begin\n      r_input_reg <= 1'b0;\n      sync_a      <= 2'b00;\n    end else begin\n      r_input_reg <= s_input_reg_next;\n      sync_a      <= {sync_b, sync_a[1]};\n    end\n  end\n\n  pulp_sync_wedge u_sync_clkb (\n      .clk_i   (clk_rx_i),\n      .rstn_i  (rstn_rx_i),\n      .en_i    (1'b1),\n      .serial_i(r_input_reg),\n      .r_edge_o(edge_o),\n      .f_edge_o(),\n      .serial_o(sync_b)\n  );\n\nendmodule\n", tree=[kDescriptionList], tokens=None, rawtokens=None, errors=None)}
name:        : ['foo']
ports:       : ['a', 'b', 'z']
direct:      : ['input', 'input', 'output']
parameters:  : []
name:        : ['edge_propagator_ack']
ports:       : ['clk_tx_i', 'rstn_tx_i', 'edge_i', 'ack_tx_o', 'clk_rx_i', 'rstn_rx_i', 'edge_o']
direct:      : ['input', 'input', 'input', 'output', 'input', 'input', 'output']
parameters:  : []
[{'header_text': 'module foo (\n    input  a,\n    b,\n    output z\n);', 'name': 'foo', 'ports': ['a', 'b', 'z'], 'direct': ['input', 'input', 'output'], 'parameters': [], 'imports': []}]
127.0.0.1 - - [19/May/2024 15:16:41] "[35m[1mPOST /process_file HTTP/1.1[0m" 500 -
['/home/yhlu/MICA/testfile/test.sv', '/home/yhlu/MICA/testfile/test2.sv']
{'/home/yhlu/MICA/testfile/test.sv': SyntaxData(source_code=b'module foo (\n    input  a,\n    b,\n    output z\n);\nendmodule : foo\n', tree=[kDescriptionList], tokens=None, rawtokens=None, errors=None), '/home/yhlu/MICA/testfile/test2.sv': SyntaxData(source_code=b"module edge_propagator_ack (\n    input  logic clk_tx_i,\n    input  logic rstn_tx_i,\n    input  logic edge_i,\n    output logic ack_tx_o,\n    input  logic clk_rx_i,\n    input  logic rstn_rx_i,\n    output logic edge_o\n);\n\n  logic [1:0] sync_a;\n  logic       sync_b;\n\n  logic       r_input_reg;\n  logic       s_input_reg_next;\n\n  assign ack_tx_o = sync_a[0];\n\n  assign s_input_reg_next = edge_i | (r_input_reg & ~sync_a[0]);\n\n  always @(negedge rstn_tx_i or posedge clk_tx_i) begin\n    if (~rstn_tx_i) begin\n      r_input_reg <= 1'b0;\n      sync_a      <= 2'b00;\n    end else begin\n      r_input_reg <= s_input_reg_next;\n      sync_a      <= {sync_b, sync_a[1]};\n    end\n  end\n\n  pulp_sync_wedge u_sync_clkb (\n      .clk_i   (clk_rx_i),\n      .rstn_i  (rstn_rx_i),\n      .en_i    (1'b1),\n      .serial_i(r_input_reg),\n      .r_edge_o(edge_o),\n      .f_edge_o(),\n      .serial_o(sync_b)\n  );\n\nendmodule\n", tree=[kDescriptionList], tokens=None, rawtokens=None, errors=None)}
name:        : ['foo']
ports:       : ['a', 'b', 'z']
direct:      : ['input', 'input', 'output']
parameters:  : []
name:        : ['edge_propagator_ack']
ports:       : ['clk_tx_i', 'rstn_tx_i', 'edge_i', 'ack_tx_o', 'clk_rx_i', 'rstn_rx_i', 'edge_o']
direct:      : ['input', 'input', 'input', 'output', 'input', 'input', 'output']
parameters:  : []
[{'header_text': 'module foo (\n    input  a,\n    b,\n    output z\n);', 'name': 'foo', 'ports': ['a', 'b', 'z'], 'direct': ['input', 'input', 'output'], 'parameters': [], 'imports': []}]
127.0.0.1 - - [19/May/2024 15:16:41] "[35m[1mPOST /process_file HTTP/1.1[0m" 500 -
[31m[1mWARNING: This is a development server. Do not use it in a production deployment. Use a production WSGI server instead.[0m
 * Running on http://127.0.0.1:5000
[33mPress CTRL+C to quit[0m
127.0.0.1 - - [19/May/2024 15:17:45] "OPTIONS /process_file HTTP/1.1" 200 -
['/home/yhlu/MICA/testfile/test.sv', '/home/yhlu/MICA/testfile/test2.sv']
{'/home/yhlu/MICA/testfile/test.sv': SyntaxData(source_code=b'module foo (\n    input  a,\n    b,\n    output z\n);\nendmodule : foo\n', tree=[kDescriptionList], tokens=None, rawtokens=None, errors=None), '/home/yhlu/MICA/testfile/test2.sv': SyntaxData(source_code=b"module edge_propagator_ack (\n    input  logic clk_tx_i,\n    input  logic rstn_tx_i,\n    input  logic edge_i,\n    output logic ack_tx_o,\n    input  logic clk_rx_i,\n    input  logic rstn_rx_i,\n    output logic edge_o\n);\n\n  logic [1:0] sync_a;\n  logic       sync_b;\n\n  logic       r_input_reg;\n  logic       s_input_reg_next;\n\n  assign ack_tx_o = sync_a[0];\n\n  assign s_input_reg_next = edge_i | (r_input_reg & ~sync_a[0]);\n\n  always @(negedge rstn_tx_i or posedge clk_tx_i) begin\n    if (~rstn_tx_i) begin\n      r_input_reg <= 1'b0;\n      sync_a      <= 2'b00;\n    end else begin\n      r_input_reg <= s_input_reg_next;\n      sync_a      <= {sync_b, sync_a[1]};\n    end\n  end\n\n  pulp_sync_wedge u_sync_clkb (\n      .clk_i   (clk_rx_i),\n      .rstn_i  (rstn_rx_i),\n      .en_i    (1'b1),\n      .serial_i(r_input_reg),\n      .r_edge_o(edge_o),\n      .f_edge_o(),\n      .serial_o(sync_b)\n  );\n\nendmodule\n", tree=[kDescriptionList], tokens=None, rawtokens=None, errors=None)}
name:        : ['foo']
ports:       : ['a', 'b', 'z']
direct:      : ['input', 'input', 'output']
parameters:  : []
name:        : ['edge_propagator_ack']
ports:       : ['clk_tx_i', 'rstn_tx_i', 'edge_i', 'ack_tx_o', 'clk_rx_i', 'rstn_rx_i', 'edge_o']
direct:      : ['input', 'input', 'input', 'output', 'input', 'input', 'output']
parameters:  : []
127.0.0.1 - - [19/May/2024 15:17:45] "[35m[1mPOST /process_file HTTP/1.1[0m" 500 -
['/home/yhlu/MICA/testfile/test.sv', '/home/yhlu/MICA/testfile/test2.sv']
{'/home/yhlu/MICA/testfile/test.sv': SyntaxData(source_code=b'module foo (\n    input  a,\n    b,\n    output z\n);\nendmodule : foo\n', tree=[kDescriptionList], tokens=None, rawtokens=None, errors=None), '/home/yhlu/MICA/testfile/test2.sv': SyntaxData(source_code=b"module edge_propagator_ack (\n    input  logic clk_tx_i,\n    input  logic rstn_tx_i,\n    input  logic edge_i,\n    output logic ack_tx_o,\n    input  logic clk_rx_i,\n    input  logic rstn_rx_i,\n    output logic edge_o\n);\n\n  logic [1:0] sync_a;\n  logic       sync_b;\n\n  logic       r_input_reg;\n  logic       s_input_reg_next;\n\n  assign ack_tx_o = sync_a[0];\n\n  assign s_input_reg_next = edge_i | (r_input_reg & ~sync_a[0]);\n\n  always @(negedge rstn_tx_i or posedge clk_tx_i) begin\n    if (~rstn_tx_i) begin\n      r_input_reg <= 1'b0;\n      sync_a      <= 2'b00;\n    end else begin\n      r_input_reg <= s_input_reg_next;\n      sync_a      <= {sync_b, sync_a[1]};\n    end\n  end\n\n  pulp_sync_wedge u_sync_clkb (\n      .clk_i   (clk_rx_i),\n      .rstn_i  (rstn_rx_i),\n      .en_i    (1'b1),\n      .serial_i(r_input_reg),\n      .r_edge_o(edge_o),\n      .f_edge_o(),\n      .serial_o(sync_b)\n  );\n\nendmodule\n", tree=[kDescriptionList], tokens=None, rawtokens=None, errors=None)}
name:        : ['foo']
ports:       : ['a', 'b', 'z']
direct:      : ['input', 'input', 'output']
parameters:  : []
name:        : ['edge_propagator_ack']
ports:       : ['clk_tx_i', 'rstn_tx_i', 'edge_i', 'ack_tx_o', 'clk_rx_i', 'rstn_rx_i', 'edge_o']
direct:      : ['input', 'input', 'input', 'output', 'input', 'input', 'output']
parameters:  : []
127.0.0.1 - - [19/May/2024 15:17:46] "[35m[1mPOST /process_file HTTP/1.1[0m" 500 -
['/home/yhlu/MICA/testfile/test.sv', '/home/yhlu/MICA/testfile/test2.sv']
{'/home/yhlu/MICA/testfile/test.sv': SyntaxData(source_code=b'module foo (\n    input  a,\n    b,\n    output z\n);\nendmodule : foo\n', tree=[kDescriptionList], tokens=None, rawtokens=None, errors=None), '/home/yhlu/MICA/testfile/test2.sv': SyntaxData(source_code=b"module edge_propagator_ack (\n    input  logic clk_tx_i,\n    input  logic rstn_tx_i,\n    input  logic edge_i,\n    output logic ack_tx_o,\n    input  logic clk_rx_i,\n    input  logic rstn_rx_i,\n    output logic edge_o\n);\n\n  logic [1:0] sync_a;\n  logic       sync_b;\n\n  logic       r_input_reg;\n  logic       s_input_reg_next;\n\n  assign ack_tx_o = sync_a[0];\n\n  assign s_input_reg_next = edge_i | (r_input_reg & ~sync_a[0]);\n\n  always @(negedge rstn_tx_i or posedge clk_tx_i) begin\n    if (~rstn_tx_i) begin\n      r_input_reg <= 1'b0;\n      sync_a      <= 2'b00;\n    end else begin\n      r_input_reg <= s_input_reg_next;\n      sync_a      <= {sync_b, sync_a[1]};\n    end\n  end\n\n  pulp_sync_wedge u_sync_clkb (\n      .clk_i   (clk_rx_i),\n      .rstn_i  (rstn_rx_i),\n      .en_i    (1'b1),\n      .serial_i(r_input_reg),\n      .r_edge_o(edge_o),\n      .f_edge_o(),\n      .serial_o(sync_b)\n  );\n\nendmodule\n", tree=[kDescriptionList], tokens=None, rawtokens=None, errors=None)}
name:        : ['foo']
ports:       : ['a', 'b', 'z']
direct:      : ['input', 'input', 'output']
parameters:  : []
name:        : ['edge_propagator_ack']
ports:       : ['clk_tx_i', 'rstn_tx_i', 'edge_i', 'ack_tx_o', 'clk_rx_i', 'rstn_rx_i', 'edge_o']
direct:      : ['input', 'input', 'input', 'output', 'input', 'input', 'output']
parameters:  : []
127.0.0.1 - - [19/May/2024 15:17:46] "[35m[1mPOST /process_file HTTP/1.1[0m" 500 -
[31m[1mWARNING: This is a development server. Do not use it in a production deployment. Use a production WSGI server instead.[0m
 * Running on http://127.0.0.1:5000
[33mPress CTRL+C to quit[0m
127.0.0.1 - - [19/May/2024 15:19:43] "OPTIONS /process_file HTTP/1.1" 200 -
['/home/yhlu/MICA/testfile/test.sv', '/home/yhlu/MICA/testfile/test2.sv']
{'/home/yhlu/MICA/testfile/test.sv': SyntaxData(source_code=b'module foo (\n    input  a,\n    b,\n    output z\n);\nendmodule : foo\n', tree=[kDescriptionList], tokens=None, rawtokens=None, errors=None), '/home/yhlu/MICA/testfile/test2.sv': SyntaxData(source_code=b"module edge_propagator_ack (\n    input  logic clk_tx_i,\n    input  logic rstn_tx_i,\n    input  logic edge_i,\n    output logic ack_tx_o,\n    input  logic clk_rx_i,\n    input  logic rstn_rx_i,\n    output logic edge_o\n);\n\n  logic [1:0] sync_a;\n  logic       sync_b;\n\n  logic       r_input_reg;\n  logic       s_input_reg_next;\n\n  assign ack_tx_o = sync_a[0];\n\n  assign s_input_reg_next = edge_i | (r_input_reg & ~sync_a[0]);\n\n  always @(negedge rstn_tx_i or posedge clk_tx_i) begin\n    if (~rstn_tx_i) begin\n      r_input_reg <= 1'b0;\n      sync_a      <= 2'b00;\n    end else begin\n      r_input_reg <= s_input_reg_next;\n      sync_a      <= {sync_b, sync_a[1]};\n    end\n  end\n\n  pulp_sync_wedge u_sync_clkb (\n      .clk_i   (clk_rx_i),\n      .rstn_i  (rstn_rx_i),\n      .en_i    (1'b1),\n      .serial_i(r_input_reg),\n      .r_edge_o(edge_o),\n      .f_edge_o(),\n      .serial_o(sync_b)\n  );\n\nendmodule\n", tree=[kDescriptionList], tokens=None, rawtokens=None, errors=None)}
name:        : ['foo']
ports:       : ['a', 'b', 'z']
direct:      : ['input', 'input', 'output']
parameters:  : []
name:        : ['edge_propagator_ack']
ports:       : ['clk_tx_i', 'rstn_tx_i', 'edge_i', 'ack_tx_o', 'clk_rx_i', 'rstn_rx_i', 'edge_o']
direct:      : ['input', 'input', 'input', 'output', 'input', 'input', 'output']
parameters:  : []
[{'header_text': 'module foo (\n    input  a,\n    b,\n    output z\n);', 'name': 'foo', 'ports': ['a', 'b', 'z'], 'direct': ['input', 'input', 'output'], 'parameters': [], 'imports': []}]
127.0.0.1 - - [19/May/2024 15:19:44] "[35m[1mPOST /process_file HTTP/1.1[0m" 500 -
[31m[1mWARNING: This is a development server. Do not use it in a production deployment. Use a production WSGI server instead.[0m
 * Running on http://127.0.0.1:5000
[33mPress CTRL+C to quit[0m
127.0.0.1 - - [19/May/2024 15:21:44] "OPTIONS /process_file HTTP/1.1" 200 -
['/home/yhlu/MICA/testfile/test.sv', '/home/yhlu/MICA/testfile/test2.sv']
{'/home/yhlu/MICA/testfile/test.sv': SyntaxData(source_code=b'module foo (\n    input  a,\n    b,\n    output z\n);\nendmodule : foo\n', tree=[kDescriptionList], tokens=None, rawtokens=None, errors=None), '/home/yhlu/MICA/testfile/test2.sv': SyntaxData(source_code=b"module edge_propagator_ack (\n    input  logic clk_tx_i,\n    input  logic rstn_tx_i,\n    input  logic edge_i,\n    output logic ack_tx_o,\n    input  logic clk_rx_i,\n    input  logic rstn_rx_i,\n    output logic edge_o\n);\n\n  logic [1:0] sync_a;\n  logic       sync_b;\n\n  logic       r_input_reg;\n  logic       s_input_reg_next;\n\n  assign ack_tx_o = sync_a[0];\n\n  assign s_input_reg_next = edge_i | (r_input_reg & ~sync_a[0]);\n\n  always @(negedge rstn_tx_i or posedge clk_tx_i) begin\n    if (~rstn_tx_i) begin\n      r_input_reg <= 1'b0;\n      sync_a      <= 2'b00;\n    end else begin\n      r_input_reg <= s_input_reg_next;\n      sync_a      <= {sync_b, sync_a[1]};\n    end\n  end\n\n  pulp_sync_wedge u_sync_clkb (\n      .clk_i   (clk_rx_i),\n      .rstn_i  (rstn_rx_i),\n      .en_i    (1'b1),\n      .serial_i(r_input_reg),\n      .r_edge_o(edge_o),\n      .f_edge_o(),\n      .serial_o(sync_b)\n  );\n\nendmodule\n", tree=[kDescriptionList], tokens=None, rawtokens=None, errors=None)}
127.0.0.1 - - [19/May/2024 15:21:44] "[35m[1mPOST /process_file HTTP/1.1[0m" 500 -
[31m[1mWARNING: This is a development server. Do not use it in a production deployment. Use a production WSGI server instead.[0m
 * Running on http://127.0.0.1:5000
[33mPress CTRL+C to quit[0m
127.0.0.1 - - [19/May/2024 15:25:04] "OPTIONS /process_file HTTP/1.1" 200 -
['/home/yhlu/MICA/testfile/test.sv', '/home/yhlu/MICA/testfile/test2.sv']
{'/home/yhlu/MICA/testfile/test.sv': SyntaxData(source_code=b'module foo (\n    input  a,\n    b,\n    output z\n);\nendmodule : foo\n', tree=[kDescriptionList], tokens=None, rawtokens=None, errors=None), '/home/yhlu/MICA/testfile/test2.sv': SyntaxData(source_code=b"module edge_propagator_ack (\n    input  logic clk_tx_i,\n    input  logic rstn_tx_i,\n    input  logic edge_i,\n    output logic ack_tx_o,\n    input  logic clk_rx_i,\n    input  logic rstn_rx_i,\n    output logic edge_o\n);\n\n  logic [1:0] sync_a;\n  logic       sync_b;\n\n  logic       r_input_reg;\n  logic       s_input_reg_next;\n\n  assign ack_tx_o = sync_a[0];\n\n  assign s_input_reg_next = edge_i | (r_input_reg & ~sync_a[0]);\n\n  always @(negedge rstn_tx_i or posedge clk_tx_i) begin\n    if (~rstn_tx_i) begin\n      r_input_reg <= 1'b0;\n      sync_a      <= 2'b00;\n    end else begin\n      r_input_reg <= s_input_reg_next;\n      sync_a      <= {sync_b, sync_a[1]};\n    end\n  end\n\n  pulp_sync_wedge u_sync_clkb (\n      .clk_i   (clk_rx_i),\n      .rstn_i  (rstn_rx_i),\n      .en_i    (1'b1),\n      .serial_i(r_input_reg),\n      .r_edge_o(edge_o),\n      .f_edge_o(),\n      .serial_o(sync_b)\n  );\n\nendmodule\n", tree=[kDescriptionList], tokens=None, rawtokens=None, errors=None)}
name:        : ['foo']
ports:       : ['a', 'b', 'z']
direct:      : ['input', 'input', 'output']
parameters:  : []
name:        : ['edge_propagator_ack']
ports:       : ['clk_tx_i', 'rstn_tx_i', 'edge_i', 'ack_tx_o', 'clk_rx_i', 'rstn_rx_i', 'edge_o']
direct:      : ['input', 'input', 'input', 'output', 'input', 'input', 'output']
parameters:  : []
{'header_text': 'module foo (\n    input  a,\n    b,\n    output z\n);', 'name': 'foo', 'ports': ['a', 'b', 'z'], 'direct': ['input', 'input', 'output'], 'parameters': [], 'imports': []}
{'header_text': 'module edge_propagator_ack (\n    input  logic clk_tx_i,\n    input  logic rstn_tx_i,\n    input  logic edge_i,\n    output logic ack_tx_o,\n    input  logic clk_rx_i,\n    input  logic rstn_rx_i,\n    output logic edge_o\n);', 'name': 'edge_propagator_ack', 'ports': ['clk_tx_i', 'rstn_tx_i', 'edge_i', 'ack_tx_o', 'clk_rx_i', 'rstn_rx_i', 'edge_o'], 'direct': ['input', 'input', 'input', 'output', 'input', 'input', 'output'], 'parameters': [], 'imports': []}
[{'name': 'foo', 'param': [], 'input': [], 'output': ['a', 'b', 'z']}, {'name': 'edge_propagator_ack', 'param': [], 'input': [], 'output': ['clk_tx_i', 'rstn_tx_i', 'edge_i', 'ack_tx_o', 'clk_rx_i', 'rstn_rx_i', 'edge_o']}]
127.0.0.1 - - [19/May/2024 15:25:04] "POST /process_file HTTP/1.1" 200 -
[31m[1mWARNING: This is a development server. Do not use it in a production deployment. Use a production WSGI server instead.[0m
 * Running on http://127.0.0.1:5000
[33mPress CTRL+C to quit[0m
127.0.0.1 - - [19/May/2024 15:26:55] "OPTIONS /process_file HTTP/1.1" 200 -
['/home/yhlu/MICA/testfile/test.sv', '/home/yhlu/MICA/testfile/test2.sv']
{'/home/yhlu/MICA/testfile/test.sv': SyntaxData(source_code=b'module foo (\n    input  a,\n    b,\n    output z\n);\nendmodule : foo\n', tree=[kDescriptionList], tokens=None, rawtokens=None, errors=None), '/home/yhlu/MICA/testfile/test2.sv': SyntaxData(source_code=b"module edge_propagator_ack (\n    input  logic clk_tx_i,\n    input  logic rstn_tx_i,\n    input  logic edge_i,\n    output logic ack_tx_o,\n    input  logic clk_rx_i,\n    input  logic rstn_rx_i,\n    output logic edge_o\n);\n\n  logic [1:0] sync_a;\n  logic       sync_b;\n\n  logic       r_input_reg;\n  logic       s_input_reg_next;\n\n  assign ack_tx_o = sync_a[0];\n\n  assign s_input_reg_next = edge_i | (r_input_reg & ~sync_a[0]);\n\n  always @(negedge rstn_tx_i or posedge clk_tx_i) begin\n    if (~rstn_tx_i) begin\n      r_input_reg <= 1'b0;\n      sync_a      <= 2'b00;\n    end else begin\n      r_input_reg <= s_input_reg_next;\n      sync_a      <= {sync_b, sync_a[1]};\n    end\n  end\n\n  pulp_sync_wedge u_sync_clkb (\n      .clk_i   (clk_rx_i),\n      .rstn_i  (rstn_rx_i),\n      .en_i    (1'b1),\n      .serial_i(r_input_reg),\n      .r_edge_o(edge_o),\n      .f_edge_o(),\n      .serial_o(sync_b)\n  );\n\nendmodule\n", tree=[kDescriptionList], tokens=None, rawtokens=None, errors=None)}
name:        : ['foo']
ports:       : ['a', 'b', 'z']
direct:      : ['input', 'input', 'output']
parameters:  : []
name:        : ['edge_propagator_ack']
ports:       : ['clk_tx_i', 'rstn_tx_i', 'edge_i', 'ack_tx_o', 'clk_rx_i', 'rstn_rx_i', 'edge_o']
direct:      : ['input', 'input', 'input', 'output', 'input', 'input', 'output']
parameters:  : []
{'header_text': 'module foo (\n    input  a,\n    b,\n    output z\n);', 'name': 'foo', 'ports': ['a', 'b', 'z'], 'direct': ['input', 'input', 'output'], 'parameters': [], 'imports': []}
input
input
output
{'header_text': 'module edge_propagator_ack (\n    input  logic clk_tx_i,\n    input  logic rstn_tx_i,\n    input  logic edge_i,\n    output logic ack_tx_o,\n    input  logic clk_rx_i,\n    input  logic rstn_rx_i,\n    output logic edge_o\n);', 'name': 'edge_propagator_ack', 'ports': ['clk_tx_i', 'rstn_tx_i', 'edge_i', 'ack_tx_o', 'clk_rx_i', 'rstn_rx_i', 'edge_o'], 'direct': ['input', 'input', 'input', 'output', 'input', 'input', 'output'], 'parameters': [], 'imports': []}
input
input
input
output
input
input
output
[{'name': 'foo', 'param': [], 'input': [], 'output': ['a', 'b', 'z']}, {'name': 'edge_propagator_ack', 'param': [], 'input': [], 'output': ['clk_tx_i', 'rstn_tx_i', 'edge_i', 'ack_tx_o', 'clk_rx_i', 'rstn_rx_i', 'edge_o']}]
127.0.0.1 - - [19/May/2024 15:26:55] "POST /process_file HTTP/1.1" 200 -
[31m[1mWARNING: This is a development server. Do not use it in a production deployment. Use a production WSGI server instead.[0m
 * Running on http://127.0.0.1:5000
[33mPress CTRL+C to quit[0m
127.0.0.1 - - [19/May/2024 15:29:33] "OPTIONS /process_file HTTP/1.1" 200 -
['/home/yhlu/MICA/testfile/test.sv', '/home/yhlu/MICA/testfile/test2.sv']
{'/home/yhlu/MICA/testfile/test.sv': SyntaxData(source_code=b'module foo (\n    input  a,\n    b,\n    output z\n);\nendmodule : foo\n', tree=[kDescriptionList], tokens=None, rawtokens=None, errors=None), '/home/yhlu/MICA/testfile/test2.sv': SyntaxData(source_code=b"module edge_propagator_ack (\n    input  logic clk_tx_i,\n    input  logic rstn_tx_i,\n    input  logic edge_i,\n    output logic ack_tx_o,\n    input  logic clk_rx_i,\n    input  logic rstn_rx_i,\n    output logic edge_o\n);\n\n  logic [1:0] sync_a;\n  logic       sync_b;\n\n  logic       r_input_reg;\n  logic       s_input_reg_next;\n\n  assign ack_tx_o = sync_a[0];\n\n  assign s_input_reg_next = edge_i | (r_input_reg & ~sync_a[0]);\n\n  always @(negedge rstn_tx_i or posedge clk_tx_i) begin\n    if (~rstn_tx_i) begin\n      r_input_reg <= 1'b0;\n      sync_a      <= 2'b00;\n    end else begin\n      r_input_reg <= s_input_reg_next;\n      sync_a      <= {sync_b, sync_a[1]};\n    end\n  end\n\n  pulp_sync_wedge u_sync_clkb (\n      .clk_i   (clk_rx_i),\n      .rstn_i  (rstn_rx_i),\n      .en_i    (1'b1),\n      .serial_i(r_input_reg),\n      .r_edge_o(edge_o),\n      .f_edge_o(),\n      .serial_o(sync_b)\n  );\n\nendmodule\n", tree=[kDescriptionList], tokens=None, rawtokens=None, errors=None)}
name:        : ['foo']
ports:       : ['a', 'b', 'z']
direct:      : ['input', 'input', 'output']
parameters:  : []
name:        : ['edge_propagator_ack']
ports:       : ['clk_tx_i', 'rstn_tx_i', 'edge_i', 'ack_tx_o', 'clk_rx_i', 'rstn_rx_i', 'edge_o']
direct:      : ['input', 'input', 'input', 'output', 'input', 'input', 'output']
parameters:  : []
{'header_text': 'module foo (\n    input  a,\n    b,\n    output z\n);', 'name': 'foo', 'ports': ['a', 'b', 'z'], 'direct': ['input', 'input', 'output'], 'parameters': [], 'imports': []}
input
input
output
{'header_text': 'module edge_propagator_ack (\n    input  logic clk_tx_i,\n    input  logic rstn_tx_i,\n    input  logic edge_i,\n    output logic ack_tx_o,\n    input  logic clk_rx_i,\n    input  logic rstn_rx_i,\n    output logic edge_o\n);', 'name': 'edge_propagator_ack', 'ports': ['clk_tx_i', 'rstn_tx_i', 'edge_i', 'ack_tx_o', 'clk_rx_i', 'rstn_rx_i', 'edge_o'], 'direct': ['input', 'input', 'input', 'output', 'input', 'input', 'output'], 'parameters': [], 'imports': []}
input
input
input
output
input
input
output
[{'name': 'foo', 'param': [], 'input': ['a', 'b'], 'output': ['z']}, {'name': 'edge_propagator_ack', 'param': [], 'input': ['clk_tx_i', 'rstn_tx_i', 'edge_i', 'clk_rx_i', 'rstn_rx_i'], 'output': ['ack_tx_o', 'edge_o']}]
127.0.0.1 - - [19/May/2024 15:29:34] "POST /process_file HTTP/1.1" 200 -
[31m[1mWARNING: This is a development server. Do not use it in a production deployment. Use a production WSGI server instead.[0m
 * Running on http://127.0.0.1:5000
[33mPress CTRL+C to quit[0m
[31m[1mWARNING: This is a development server. Do not use it in a production deployment. Use a production WSGI server instead.[0m
 * Running on http://127.0.0.1:5000
[33mPress CTRL+C to quit[0m
[31m[1mWARNING: This is a development server. Do not use it in a production deployment. Use a production WSGI server instead.[0m
 * Running on http://127.0.0.1:5000
[33mPress CTRL+C to quit[0m
[31m[1mWARNING: This is a development server. Do not use it in a production deployment. Use a production WSGI server instead.[0m
 * Running on http://127.0.0.1:5000
[33mPress CTRL+C to quit[0m
[31m[1mWARNING: This is a development server. Do not use it in a production deployment. Use a production WSGI server instead.[0m
 * Running on http://127.0.0.1:5000
[33mPress CTRL+C to quit[0m
[31m[1mWARNING: This is a development server. Do not use it in a production deployment. Use a production WSGI server instead.[0m
 * Running on http://127.0.0.1:5000
[33mPress CTRL+C to quit[0m
[31m[1mWARNING: This is a development server. Do not use it in a production deployment. Use a production WSGI server instead.[0m
 * Running on http://127.0.0.1:5000
[33mPress CTRL+C to quit[0m
[31m[1mWARNING: This is a development server. Do not use it in a production deployment. Use a production WSGI server instead.[0m
 * Running on http://127.0.0.1:5000
[33mPress CTRL+C to quit[0m
127.0.0.1 - - [20/May/2024 20:09:21] "[33mGET /main.edbb703af38c8c14253d.hot-update.json HTTP/1.1[0m" 404 -
127.0.0.1 - - [20/May/2024 20:09:21] "[33mGET /main.55ea0f7ed5ed198d3362.hot-update.json HTTP/1.1[0m" 404 -
[31m[1mWARNING: This is a development server. Do not use it in a production deployment. Use a production WSGI server instead.[0m
 * Running on http://127.0.0.1:5000
[33mPress CTRL+C to quit[0m
 * Restarting with stat
 * Debugger is active!
 * Debugger PIN: 404-626-911
127.0.0.1 - - [20/May/2024 22:46:59] "OPTIONS /process_file HTTP/1.1" 200 -
127.0.0.1 - - [20/May/2024 22:46:59] "[31m[1mPOST /process_file HTTP/1.1[0m" 400 -
127.0.0.1 - - [20/May/2024 22:47:09] "OPTIONS /process_file HTTP/1.1" 200 -
127.0.0.1 - - [20/May/2024 22:47:10] "[31m[1mPOST /process_file HTTP/1.1[0m" 400 -
127.0.0.1 - - [20/May/2024 22:47:10] "[31m[1mPOST /process_file HTTP/1.1[0m" 400 -
127.0.0.1 - - [20/May/2024 22:47:10] "[31m[1mPOST /process_file HTTP/1.1[0m" 400 -
127.0.0.1 - - [20/May/2024 22:47:10] "[31m[1mPOST /process_file HTTP/1.1[0m" 400 -
127.0.0.1 - - [20/May/2024 22:47:10] "[31m[1mPOST /process_file HTTP/1.1[0m" 400 -
127.0.0.1 - - [20/May/2024 22:47:10] "[31m[1mPOST /process_file HTTP/1.1[0m" 400 -
127.0.0.1 - - [20/May/2024 22:47:11] "[31m[1mPOST /process_file HTTP/1.1[0m" 400 -
127.0.0.1 - - [20/May/2024 22:47:11] "[31m[1mPOST /process_file HTTP/1.1[0m" 400 -
[31m[1mWARNING: This is a development server. Do not use it in a production deployment. Use a production WSGI server instead.[0m
 * Running on http://127.0.0.1:5000
[33mPress CTRL+C to quit[0m
[31m[1mWARNING: This is a development server. Do not use it in a production deployment. Use a production WSGI server instead.[0m
 * Running on http://127.0.0.1:5000
[33mPress CTRL+C to quit[0m
127.0.0.1 - - [20/May/2024 22:49:23] "OPTIONS /process_file HTTP/1.1" 200 -
127.0.0.1 - - [20/May/2024 22:49:23] "[31m[1mPOST /process_file HTTP/1.1[0m" 400 -
127.0.0.1 - - [20/May/2024 22:49:23] "[31m[1mPOST /process_file HTTP/1.1[0m" 400 -
127.0.0.1 - - [20/May/2024 22:49:24] "[31m[1mPOST /process_file HTTP/1.1[0m" 400 -
127.0.0.1 - - [20/May/2024 22:49:24] "[31m[1mPOST /process_file HTTP/1.1[0m" 400 -
127.0.0.1 - - [20/May/2024 22:49:24] "[31m[1mPOST /process_file HTTP/1.1[0m" 400 -
127.0.0.1 - - [20/May/2024 22:49:24] "[31m[1mPOST /process_file HTTP/1.1[0m" 400 -
127.0.0.1 - - [20/May/2024 22:50:09] "OPTIONS /process_file HTTP/1.1" 200 -
127.0.0.1 - - [20/May/2024 22:50:09] "[31m[1mPOST /process_file HTTP/1.1[0m" 400 -
127.0.0.1 - - [20/May/2024 22:51:29] "OPTIONS /process_file HTTP/1.1" 200 -
127.0.0.1 - - [20/May/2024 22:51:29] "[31m[1mPOST /process_file HTTP/1.1[0m" 400 -
127.0.0.1 - - [20/May/2024 22:56:16] "OPTIONS /process_file HTTP/1.1" 200 -
127.0.0.1 - - [20/May/2024 22:56:16] "[31m[1mPOST /process_file HTTP/1.1[0m" 400 -
[31m[1mWARNING: This is a development server. Do not use it in a production deployment. Use a production WSGI server instead.[0m
 * Running on http://127.0.0.1:5000
[33mPress CTRL+C to quit[0m
127.0.0.1 - - [20/May/2024 22:58:20] "OPTIONS /process_file HTTP/1.1" 200 -
{'input': '/home/yhlu/MICA/testfile/filelist.f'}
127.0.0.1 - - [20/May/2024 22:58:20] "[31m[1mPOST /process_file HTTP/1.1[0m" 400 -
{'input': '/home/yhlu/MICA/testfile/filelist.f'}
127.0.0.1 - - [20/May/2024 22:58:20] "[31m[1mPOST /process_file HTTP/1.1[0m" 400 -
{'input': '/home/yhlu/MICA/testfile/filelist.f'}
127.0.0.1 - - [20/May/2024 22:58:21] "[31m[1mPOST /process_file HTTP/1.1[0m" 400 -
{'input': '/home/yhlu/MICA/testfile/filelist.f'}
127.0.0.1 - - [20/May/2024 22:58:21] "[31m[1mPOST /process_file HTTP/1.1[0m" 400 -
[31m[1mWARNING: This is a development server. Do not use it in a production deployment. Use a production WSGI server instead.[0m
 * Running on http://127.0.0.1:5000
[33mPress CTRL+C to quit[0m
127.0.0.1 - - [20/May/2024 22:58:56] "OPTIONS /process_file HTTP/1.1" 200 -
{'input': '/home/yhlu/MICA/testfile/filelist.f'}
['/home/yhlu/MICA/testfile/test.sv', '/home/yhlu/MICA/testfile/test2.sv']
{'/home/yhlu/MICA/testfile/test.sv': SyntaxData(source_code=b'module foo (\n    input  a,\n    b,\n    output z\n);\nendmodule : foo\n', tree=[kDescriptionList], tokens=None, rawtokens=None, errors=None), '/home/yhlu/MICA/testfile/test2.sv': SyntaxData(source_code=b"module edge_propagator_ack (\n    input  logic clk_tx_i,\n    input  logic rstn_tx_i,\n    input  logic edge_i,\n    output logic ack_tx_o,\n    input  logic clk_rx_i,\n    input  logic rstn_rx_i,\n    output logic edge_o\n);\n\n  logic [1:0] sync_a;\n  logic       sync_b;\n\n  logic       r_input_reg;\n  logic       s_input_reg_next;\n\n  assign ack_tx_o = sync_a[0];\n\n  assign s_input_reg_next = edge_i | (r_input_reg & ~sync_a[0]);\n\n  always @(negedge rstn_tx_i or posedge clk_tx_i) begin\n    if (~rstn_tx_i) begin\n      r_input_reg <= 1'b0;\n      sync_a      <= 2'b00;\n    end else begin\n      r_input_reg <= s_input_reg_next;\n      sync_a      <= {sync_b, sync_a[1]};\n    end\n  end\n\n  pulp_sync_wedge u_sync_clkb (\n      .clk_i   (clk_rx_i),\n      .rstn_i  (rstn_rx_i),\n      .en_i    (1'b1),\n      .serial_i(r_input_reg),\n      .r_edge_o(edge_o),\n      .f_edge_o(),\n      .serial_o(sync_b)\n  );\n\nendmodule\n", tree=[kDescriptionList], tokens=None, rawtokens=None, errors=None)}
name:        : ['foo']
ports:       : ['a', 'b', 'z']
direct:      : ['input', 'input', 'output']
parameters:  : []
name:        : ['edge_propagator_ack']
ports:       : ['clk_tx_i', 'rstn_tx_i', 'edge_i', 'ack_tx_o', 'clk_rx_i', 'rstn_rx_i', 'edge_o']
direct:      : ['input', 'input', 'input', 'output', 'input', 'input', 'output']
parameters:  : []
{'header_text': 'module foo (\n    input  a,\n    b,\n    output z\n);', 'name': 'foo', 'ports': ['a', 'b', 'z'], 'direct': ['input', 'input', 'output'], 'parameters': [], 'imports': []}
{'header_text': 'module edge_propagator_ack (\n    input  logic clk_tx_i,\n    input  logic rstn_tx_i,\n    input  logic edge_i,\n    output logic ack_tx_o,\n    input  logic clk_rx_i,\n    input  logic rstn_rx_i,\n    output logic edge_o\n);', 'name': 'edge_propagator_ack', 'ports': ['clk_tx_i', 'rstn_tx_i', 'edge_i', 'ack_tx_o', 'clk_rx_i', 'rstn_rx_i', 'edge_o'], 'direct': ['input', 'input', 'input', 'output', 'input', 'input', 'output'], 'parameters': [], 'imports': []}
[{'name': 'foo', 'param': [], 'input': ['a', 'b'], 'output': ['z']}, {'name': 'edge_propagator_ack', 'param': [], 'input': ['clk_tx_i', 'rstn_tx_i', 'edge_i', 'clk_rx_i', 'rstn_rx_i'], 'output': ['ack_tx_o', 'edge_o']}]
127.0.0.1 - - [20/May/2024 22:58:57] "POST /process_file HTTP/1.1" 200 -
127.0.0.1 - - [20/May/2024 23:06:12] "OPTIONS /process_file HTTP/1.1" 200 -
{'input': ''}
127.0.0.1 - - [20/May/2024 23:06:12] "[31m[1mPOST /process_file HTTP/1.1[0m" 400 -
{'input': ''}
127.0.0.1 - - [20/May/2024 23:06:14] "[31m[1mPOST /process_file HTTP/1.1[0m" 400 -
{'input': ''}
127.0.0.1 - - [20/May/2024 23:06:15] "[31m[1mPOST /process_file HTTP/1.1[0m" 400 -
{'input': ''}
127.0.0.1 - - [20/May/2024 23:06:15] "[31m[1mPOST /process_file HTTP/1.1[0m" 400 -
{'input': ''}
127.0.0.1 - - [20/May/2024 23:06:17] "[31m[1mPOST /process_file HTTP/1.1[0m" 400 -
127.0.0.1 - - [20/May/2024 23:06:17] "OPTIONS /process_file HTTP/1.1" 200 -
{'input': ''}
127.0.0.1 - - [20/May/2024 23:06:17] "[31m[1mPOST /process_file HTTP/1.1[0m" 400 -
127.0.0.1 - - [20/May/2024 23:06:30] "OPTIONS /process_file HTTP/1.1" 200 -
{'input': '/home/yhlu/MICA/testfile/filelist.f'}
['/home/yhlu/MICA/testfile/test.sv', '/home/yhlu/MICA/testfile/test2.sv']
{'/home/yhlu/MICA/testfile/test.sv': SyntaxData(source_code=b'module foo (\n    input  a,\n    b,\n    output z\n);\nendmodule : foo\n', tree=[kDescriptionList], tokens=None, rawtokens=None, errors=None), '/home/yhlu/MICA/testfile/test2.sv': SyntaxData(source_code=b"module edge_propagator_ack (\n    input  logic clk_tx_i,\n    input  logic rstn_tx_i,\n    input  logic edge_i,\n    output logic ack_tx_o,\n    input  logic clk_rx_i,\n    input  logic rstn_rx_i,\n    output logic edge_o\n);\n\n  logic [1:0] sync_a;\n  logic       sync_b;\n\n  logic       r_input_reg;\n  logic       s_input_reg_next;\n\n  assign ack_tx_o = sync_a[0];\n\n  assign s_input_reg_next = edge_i | (r_input_reg & ~sync_a[0]);\n\n  always @(negedge rstn_tx_i or posedge clk_tx_i) begin\n    if (~rstn_tx_i) begin\n      r_input_reg <= 1'b0;\n      sync_a      <= 2'b00;\n    end else begin\n      r_input_reg <= s_input_reg_next;\n      sync_a      <= {sync_b, sync_a[1]};\n    end\n  end\n\n  pulp_sync_wedge u_sync_clkb (\n      .clk_i   (clk_rx_i),\n      .rstn_i  (rstn_rx_i),\n      .en_i    (1'b1),\n      .serial_i(r_input_reg),\n      .r_edge_o(edge_o),\n      .f_edge_o(),\n      .serial_o(sync_b)\n  );\n\nendmodule\n", tree=[kDescriptionList], tokens=None, rawtokens=None, errors=None)}
name:        : ['foo']
ports:       : ['a', 'b', 'z']
direct:      : ['input', 'input', 'output']
parameters:  : []
name:        : ['edge_propagator_ack']
ports:       : ['clk_tx_i', 'rstn_tx_i', 'edge_i', 'ack_tx_o', 'clk_rx_i', 'rstn_rx_i', 'edge_o']
direct:      : ['input', 'input', 'input', 'output', 'input', 'input', 'output']
parameters:  : []
{'header_text': 'module foo (\n    input  a,\n    b,\n    output z\n);', 'name': 'foo', 'ports': ['a', 'b', 'z'], 'direct': ['input', 'input', 'output'], 'parameters': [], 'imports': []}
{'header_text': 'module edge_propagator_ack (\n    input  logic clk_tx_i,\n    input  logic rstn_tx_i,\n    input  logic edge_i,\n    output logic ack_tx_o,\n    input  logic clk_rx_i,\n    input  logic rstn_rx_i,\n    output logic edge_o\n);', 'name': 'edge_propagator_ack', 'ports': ['clk_tx_i', 'rstn_tx_i', 'edge_i', 'ack_tx_o', 'clk_rx_i', 'rstn_rx_i', 'edge_o'], 'direct': ['input', 'input', 'input', 'output', 'input', 'input', 'output'], 'parameters': [], 'imports': []}
[{'name': 'foo', 'param': [], 'input': ['a', 'b'], 'output': ['z']}, {'name': 'edge_propagator_ack', 'param': [], 'input': ['clk_tx_i', 'rstn_tx_i', 'edge_i', 'clk_rx_i', 'rstn_rx_i'], 'output': ['ack_tx_o', 'edge_o']}]
127.0.0.1 - - [20/May/2024 23:06:30] "POST /process_file HTTP/1.1" 200 -
127.0.0.1 - - [20/May/2024 23:09:33] "OPTIONS /process_file HTTP/1.1" 200 -
{'input': '/home/yhlu/MICA/testfile/filelist.f'}
['/home/yhlu/MICA/testfile/test.sv', '/home/yhlu/MICA/testfile/test2.sv']
{'/home/yhlu/MICA/testfile/test.sv': SyntaxData(source_code=b'module foo (\n    input  a,\n    b,\n    output z\n);\nendmodule : foo\n', tree=[kDescriptionList], tokens=None, rawtokens=None, errors=None), '/home/yhlu/MICA/testfile/test2.sv': SyntaxData(source_code=b"module edge_propagator_ack (\n    input  logic clk_tx_i,\n    input  logic rstn_tx_i,\n    input  logic edge_i,\n    output logic ack_tx_o,\n    input  logic clk_rx_i,\n    input  logic rstn_rx_i,\n    output logic edge_o\n);\n\n  logic [1:0] sync_a;\n  logic       sync_b;\n\n  logic       r_input_reg;\n  logic       s_input_reg_next;\n\n  assign ack_tx_o = sync_a[0];\n\n  assign s_input_reg_next = edge_i | (r_input_reg & ~sync_a[0]);\n\n  always @(negedge rstn_tx_i or posedge clk_tx_i) begin\n    if (~rstn_tx_i) begin\n      r_input_reg <= 1'b0;\n      sync_a      <= 2'b00;\n    end else begin\n      r_input_reg <= s_input_reg_next;\n      sync_a      <= {sync_b, sync_a[1]};\n    end\n  end\n\n  pulp_sync_wedge u_sync_clkb (\n      .clk_i   (clk_rx_i),\n      .rstn_i  (rstn_rx_i),\n      .en_i    (1'b1),\n      .serial_i(r_input_reg),\n      .r_edge_o(edge_o),\n      .f_edge_o(),\n      .serial_o(sync_b)\n  );\n\nendmodule\n", tree=[kDescriptionList], tokens=None, rawtokens=None, errors=None)}
name:        : ['foo']
ports:       : ['a', 'b', 'z']
direct:      : ['input', 'input', 'output']
parameters:  : []
name:        : ['edge_propagator_ack']
ports:       : ['clk_tx_i', 'rstn_tx_i', 'edge_i', 'ack_tx_o', 'clk_rx_i', 'rstn_rx_i', 'edge_o']
direct:      : ['input', 'input', 'input', 'output', 'input', 'input', 'output']
parameters:  : []
{'header_text': 'module foo (\n    input  a,\n    b,\n    output z\n);', 'name': 'foo', 'ports': ['a', 'b', 'z'], 'direct': ['input', 'input', 'output'], 'parameters': [], 'imports': []}
{'header_text': 'module edge_propagator_ack (\n    input  logic clk_tx_i,\n    input  logic rstn_tx_i,\n    input  logic edge_i,\n    output logic ack_tx_o,\n    input  logic clk_rx_i,\n    input  logic rstn_rx_i,\n    output logic edge_o\n);', 'name': 'edge_propagator_ack', 'ports': ['clk_tx_i', 'rstn_tx_i', 'edge_i', 'ack_tx_o', 'clk_rx_i', 'rstn_rx_i', 'edge_o'], 'direct': ['input', 'input', 'input', 'output', 'input', 'input', 'output'], 'parameters': [], 'imports': []}
[{'name': 'foo', 'param': [], 'input': ['a', 'b'], 'output': ['z']}, {'name': 'edge_propagator_ack', 'param': [], 'input': ['clk_tx_i', 'rstn_tx_i', 'edge_i', 'clk_rx_i', 'rstn_rx_i'], 'output': ['ack_tx_o', 'edge_o']}]
127.0.0.1 - - [20/May/2024 23:09:33] "POST /process_file HTTP/1.1" 200 -
[31m[1mWARNING: This is a development server. Do not use it in a production deployment. Use a production WSGI server instead.[0m
 * Running on http://127.0.0.1:5000
[33mPress CTRL+C to quit[0m
127.0.0.1 - - [20/May/2024 23:33:22] "OPTIONS /process_file HTTP/1.1" 200 -
{'input': '/home/yhlu/MICA/testfile/filelist.f'}
['/home/yhlu/MICA/testfile/test.sv', '/home/yhlu/MICA/testfile/test2.sv']
{'/home/yhlu/MICA/testfile/test.sv': SyntaxData(source_code=b'module foo (\n    input  a,\n    b,\n    output z\n);\nendmodule : foo\n', tree=[kDescriptionList], tokens=None, rawtokens=None, errors=None), '/home/yhlu/MICA/testfile/test2.sv': SyntaxData(source_code=b"module edge_propagator_ack (\n    input  logic clk_tx_i,\n    input  logic rstn_tx_i,\n    input  logic edge_i,\n    output logic ack_tx_o,\n    input  logic clk_rx_i,\n    input  logic rstn_rx_i,\n    output logic edge_o\n);\n\n  logic [1:0] sync_a;\n  logic       sync_b;\n\n  logic       r_input_reg;\n  logic       s_input_reg_next;\n\n  assign ack_tx_o = sync_a[0];\n\n  assign s_input_reg_next = edge_i | (r_input_reg & ~sync_a[0]);\n\n  always @(negedge rstn_tx_i or posedge clk_tx_i) begin\n    if (~rstn_tx_i) begin\n      r_input_reg <= 1'b0;\n      sync_a      <= 2'b00;\n    end else begin\n      r_input_reg <= s_input_reg_next;\n      sync_a      <= {sync_b, sync_a[1]};\n    end\n  end\n\n  pulp_sync_wedge u_sync_clkb (\n      .clk_i   (clk_rx_i),\n      .rstn_i  (rstn_rx_i),\n      .en_i    (1'b1),\n      .serial_i(r_input_reg),\n      .r_edge_o(edge_o),\n      .f_edge_o(),\n      .serial_o(sync_b)\n  );\n\nendmodule\n", tree=[kDescriptionList], tokens=None, rawtokens=None, errors=None)}
name:        : ['foo']
ports:       : ['a', 'b', 'z']
direct:      : ['input', 'input', 'output']
parameters:  : []
name:        : ['edge_propagator_ack']
ports:       : ['clk_tx_i', 'rstn_tx_i', 'edge_i', 'ack_tx_o', 'clk_rx_i', 'rstn_rx_i', 'edge_o']
direct:      : ['input', 'input', 'input', 'output', 'input', 'input', 'output']
parameters:  : []
{'header_text': 'module foo (\n    input  a,\n    b,\n    output z\n);', 'name': 'foo', 'ports': ['a', 'b', 'z'], 'direct': ['input', 'input', 'output'], 'parameters': [], 'imports': []}
{'header_text': 'module edge_propagator_ack (\n    input  logic clk_tx_i,\n    input  logic rstn_tx_i,\n    input  logic edge_i,\n    output logic ack_tx_o,\n    input  logic clk_rx_i,\n    input  logic rstn_rx_i,\n    output logic edge_o\n);', 'name': 'edge_propagator_ack', 'ports': ['clk_tx_i', 'rstn_tx_i', 'edge_i', 'ack_tx_o', 'clk_rx_i', 'rstn_rx_i', 'edge_o'], 'direct': ['input', 'input', 'input', 'output', 'input', 'input', 'output'], 'parameters': [], 'imports': []}
[{'name': 'foo', 'param': [], 'input': ['a', 'b'], 'output': ['z']}, {'name': 'edge_propagator_ack', 'param': [], 'input': ['clk_tx_i', 'rstn_tx_i', 'edge_i', 'clk_rx_i', 'rstn_rx_i'], 'output': ['ack_tx_o', 'edge_o']}]
[{'type': 'custom', 'name': 'foo', 'color': 'rgb(192,0,255)'}, {'type': 'custom', 'name': 'edge_propagator_ack', 'color': 'rgb(192,0,255)'}]
127.0.0.1 - - [20/May/2024 23:33:23] "POST /process_file HTTP/1.1" 200 -
127.0.0.1 - - [20/May/2024 23:51:14] "OPTIONS /process_file HTTP/1.1" 200 -
{'input': '/home/yhlu/MICA/testfile/filelist.f'}
['/home/yhlu/MICA/testfile/test.sv', '/home/yhlu/MICA/testfile/test2.sv']
{'/home/yhlu/MICA/testfile/test.sv': SyntaxData(source_code=b'module foo (\n    input  a,\n    b,\n    output z\n);\nendmodule : foo\n', tree=[kDescriptionList], tokens=None, rawtokens=None, errors=None), '/home/yhlu/MICA/testfile/test2.sv': SyntaxData(source_code=b"module edge_propagator_ack (\n    input  logic clk_tx_i,\n    input  logic rstn_tx_i,\n    input  logic edge_i,\n    output logic ack_tx_o,\n    input  logic clk_rx_i,\n    input  logic rstn_rx_i,\n    output logic edge_o\n);\n\n  logic [1:0] sync_a;\n  logic       sync_b;\n\n  logic       r_input_reg;\n  logic       s_input_reg_next;\n\n  assign ack_tx_o = sync_a[0];\n\n  assign s_input_reg_next = edge_i | (r_input_reg & ~sync_a[0]);\n\n  always @(negedge rstn_tx_i or posedge clk_tx_i) begin\n    if (~rstn_tx_i) begin\n      r_input_reg <= 1'b0;\n      sync_a      <= 2'b00;\n    end else begin\n      r_input_reg <= s_input_reg_next;\n      sync_a      <= {sync_b, sync_a[1]};\n    end\n  end\n\n  pulp_sync_wedge u_sync_clkb (\n      .clk_i   (clk_rx_i),\n      .rstn_i  (rstn_rx_i),\n      .en_i    (1'b1),\n      .serial_i(r_input_reg),\n      .r_edge_o(edge_o),\n      .f_edge_o(),\n      .serial_o(sync_b)\n  );\n\nendmodule\n", tree=[kDescriptionList], tokens=None, rawtokens=None, errors=None)}
name:        : ['foo']
ports:       : ['a', 'b', 'z']
direct:      : ['input', 'input', 'output']
parameters:  : []
name:        : ['edge_propagator_ack']
ports:       : ['clk_tx_i', 'rstn_tx_i', 'edge_i', 'ack_tx_o', 'clk_rx_i', 'rstn_rx_i', 'edge_o']
direct:      : ['input', 'input', 'input', 'output', 'input', 'input', 'output']
parameters:  : []
{'header_text': 'module foo (\n    input  a,\n    b,\n    output z\n);', 'name': 'foo', 'ports': ['a', 'b', 'z'], 'direct': ['input', 'input', 'output'], 'parameters': [], 'imports': []}
{'header_text': 'module edge_propagator_ack (\n    input  logic clk_tx_i,\n    input  logic rstn_tx_i,\n    input  logic edge_i,\n    output logic ack_tx_o,\n    input  logic clk_rx_i,\n    input  logic rstn_rx_i,\n    output logic edge_o\n);', 'name': 'edge_propagator_ack', 'ports': ['clk_tx_i', 'rstn_tx_i', 'edge_i', 'ack_tx_o', 'clk_rx_i', 'rstn_rx_i', 'edge_o'], 'direct': ['input', 'input', 'input', 'output', 'input', 'input', 'output'], 'parameters': [], 'imports': []}
[{'name': 'foo', 'param': [], 'input': ['a', 'b'], 'output': ['z']}, {'name': 'edge_propagator_ack', 'param': [], 'input': ['clk_tx_i', 'rstn_tx_i', 'edge_i', 'clk_rx_i', 'rstn_rx_i'], 'output': ['ack_tx_o', 'edge_o']}]
[{'type': 'custom', 'name': 'foo', 'color': 'rgb(192,0,255)'}, {'type': 'custom', 'name': 'edge_propagator_ack', 'color': 'rgb(192,0,255)'}]
127.0.0.1 - - [20/May/2024 23:51:14] "POST /process_file HTTP/1.1" 200 -
127.0.0.1 - - [20/May/2024 23:55:32] "OPTIONS /process_file HTTP/1.1" 200 -
{'input': '/home/yhlu/MICA/testfile/filelist.f'}
['/home/yhlu/MICA/testfile/test.sv', '/home/yhlu/MICA/testfile/test2.sv']
{'/home/yhlu/MICA/testfile/test.sv': SyntaxData(source_code=b'module foo (\n    input  a,\n    b,\n    output z\n);\nendmodule : foo\n', tree=[kDescriptionList], tokens=None, rawtokens=None, errors=None), '/home/yhlu/MICA/testfile/test2.sv': SyntaxData(source_code=b"module edge_propagator_ack (\n    input  logic clk_tx_i,\n    input  logic rstn_tx_i,\n    input  logic edge_i,\n    output logic ack_tx_o,\n    input  logic clk_rx_i,\n    input  logic rstn_rx_i,\n    output logic edge_o\n);\n\n  logic [1:0] sync_a;\n  logic       sync_b;\n\n  logic       r_input_reg;\n  logic       s_input_reg_next;\n\n  assign ack_tx_o = sync_a[0];\n\n  assign s_input_reg_next = edge_i | (r_input_reg & ~sync_a[0]);\n\n  always @(negedge rstn_tx_i or posedge clk_tx_i) begin\n    if (~rstn_tx_i) begin\n      r_input_reg <= 1'b0;\n      sync_a      <= 2'b00;\n    end else begin\n      r_input_reg <= s_input_reg_next;\n      sync_a      <= {sync_b, sync_a[1]};\n    end\n  end\n\n  pulp_sync_wedge u_sync_clkb (\n      .clk_i   (clk_rx_i),\n      .rstn_i  (rstn_rx_i),\n      .en_i    (1'b1),\n      .serial_i(r_input_reg),\n      .r_edge_o(edge_o),\n      .f_edge_o(),\n      .serial_o(sync_b)\n  );\n\nendmodule\n", tree=[kDescriptionList], tokens=None, rawtokens=None, errors=None)}
name:        : ['foo']
ports:       : ['a', 'b', 'z']
direct:      : ['input', 'input', 'output']
parameters:  : []
name:        : ['edge_propagator_ack']
ports:       : ['clk_tx_i', 'rstn_tx_i', 'edge_i', 'ack_tx_o', 'clk_rx_i', 'rstn_rx_i', 'edge_o']
direct:      : ['input', 'input', 'input', 'output', 'input', 'input', 'output']
parameters:  : []
{'header_text': 'module foo (\n    input  a,\n    b,\n    output z\n);', 'name': 'foo', 'ports': ['a', 'b', 'z'], 'direct': ['input', 'input', 'output'], 'parameters': [], 'imports': []}
{'header_text': 'module edge_propagator_ack (\n    input  logic clk_tx_i,\n    input  logic rstn_tx_i,\n    input  logic edge_i,\n    output logic ack_tx_o,\n    input  logic clk_rx_i,\n    input  logic rstn_rx_i,\n    output logic edge_o\n);', 'name': 'edge_propagator_ack', 'ports': ['clk_tx_i', 'rstn_tx_i', 'edge_i', 'ack_tx_o', 'clk_rx_i', 'rstn_rx_i', 'edge_o'], 'direct': ['input', 'input', 'input', 'output', 'input', 'input', 'output'], 'parameters': [], 'imports': []}
[{'name': 'foo', 'param': [], 'input': ['a', 'b'], 'output': ['z']}, {'name': 'edge_propagator_ack', 'param': [], 'input': ['clk_tx_i', 'rstn_tx_i', 'edge_i', 'clk_rx_i', 'rstn_rx_i'], 'output': ['ack_tx_o', 'edge_o']}]
[{'type': 'custom', 'name': 'foo', 'color': 'rgb(192,0,255)'}, {'type': 'custom', 'name': 'edge_propagator_ack', 'color': 'rgb(192,0,255)'}]
127.0.0.1 - - [20/May/2024 23:55:32] "POST /process_file HTTP/1.1" 200 -
127.0.0.1 - - [20/May/2024 23:58:22] "OPTIONS /process_file HTTP/1.1" 200 -
{'input': '/home/yhlu/MICA/testfile/filelist.f'}
['/home/yhlu/MICA/testfile/test.sv', '/home/yhlu/MICA/testfile/test2.sv']
{'/home/yhlu/MICA/testfile/test.sv': SyntaxData(source_code=b'module foo (\n    input  a,\n    b,\n    output z\n);\nendmodule : foo\n', tree=[kDescriptionList], tokens=None, rawtokens=None, errors=None), '/home/yhlu/MICA/testfile/test2.sv': SyntaxData(source_code=b"module edge_propagator_ack (\n    input  logic clk_tx_i,\n    input  logic rstn_tx_i,\n    input  logic edge_i,\n    output logic ack_tx_o,\n    input  logic clk_rx_i,\n    input  logic rstn_rx_i,\n    output logic edge_o\n);\n\n  logic [1:0] sync_a;\n  logic       sync_b;\n\n  logic       r_input_reg;\n  logic       s_input_reg_next;\n\n  assign ack_tx_o = sync_a[0];\n\n  assign s_input_reg_next = edge_i | (r_input_reg & ~sync_a[0]);\n\n  always @(negedge rstn_tx_i or posedge clk_tx_i) begin\n    if (~rstn_tx_i) begin\n      r_input_reg <= 1'b0;\n      sync_a      <= 2'b00;\n    end else begin\n      r_input_reg <= s_input_reg_next;\n      sync_a      <= {sync_b, sync_a[1]};\n    end\n  end\n\n  pulp_sync_wedge u_sync_clkb (\n      .clk_i   (clk_rx_i),\n      .rstn_i  (rstn_rx_i),\n      .en_i    (1'b1),\n      .serial_i(r_input_reg),\n      .r_edge_o(edge_o),\n      .f_edge_o(),\n      .serial_o(sync_b)\n  );\n\nendmodule\n", tree=[kDescriptionList], tokens=None, rawtokens=None, errors=None)}
name:        : ['foo']
ports:       : ['a', 'b', 'z']
direct:      : ['input', 'input', 'output']
parameters:  : []
name:        : ['edge_propagator_ack']
ports:       : ['clk_tx_i', 'rstn_tx_i', 'edge_i', 'ack_tx_o', 'clk_rx_i', 'rstn_rx_i', 'edge_o']
direct:      : ['input', 'input', 'input', 'output', 'input', 'input', 'output']
parameters:  : []
{'header_text': 'module foo (\n    input  a,\n    b,\n    output z\n);', 'name': 'foo', 'ports': ['a', 'b', 'z'], 'direct': ['input', 'input', 'output'], 'parameters': [], 'imports': []}
{'header_text': 'module edge_propagator_ack (\n    input  logic clk_tx_i,\n    input  logic rstn_tx_i,\n    input  logic edge_i,\n    output logic ack_tx_o,\n    input  logic clk_rx_i,\n    input  logic rstn_rx_i,\n    output logic edge_o\n);', 'name': 'edge_propagator_ack', 'ports': ['clk_tx_i', 'rstn_tx_i', 'edge_i', 'ack_tx_o', 'clk_rx_i', 'rstn_rx_i', 'edge_o'], 'direct': ['input', 'input', 'input', 'output', 'input', 'input', 'output'], 'parameters': [], 'imports': []}
[{'name': 'foo', 'param': [], 'input': ['a', 'b'], 'output': ['z']}, {'name': 'edge_propagator_ack', 'param': [], 'input': ['clk_tx_i', 'rstn_tx_i', 'edge_i', 'clk_rx_i', 'rstn_rx_i'], 'output': ['ack_tx_o', 'edge_o']}]
[{'type': 'custom', 'name': 'foo', 'color': 'rgb(192,0,255)'}, {'type': 'custom', 'name': 'edge_propagator_ack', 'color': 'rgb(192,0,255)'}]
127.0.0.1 - - [20/May/2024 23:58:22] "POST /process_file HTTP/1.1" 200 -
[31m[1mWARNING: This is a development server. Do not use it in a production deployment. Use a production WSGI server instead.[0m
 * Running on http://127.0.0.1:5000
[33mPress CTRL+C to quit[0m
127.0.0.1 - - [21/May/2024 00:03:03] "OPTIONS /process_file HTTP/1.1" 200 -
{'input': '/home/yhlu/MICA/testfile/filelist.f'}
['/home/yhlu/MICA/testfile/test.sv', '/home/yhlu/MICA/testfile/test2.sv']
{'/home/yhlu/MICA/testfile/test.sv': SyntaxData(source_code=b'module foo (\n    input  a,\n    b,\n    output z\n);\nendmodule : foo\n', tree=[kDescriptionList], tokens=None, rawtokens=None, errors=None), '/home/yhlu/MICA/testfile/test2.sv': SyntaxData(source_code=b"module edge_propagator_ack (\n    input  logic clk_tx_i,\n    input  logic rstn_tx_i,\n    input  logic edge_i,\n    output logic ack_tx_o,\n    input  logic clk_rx_i,\n    input  logic rstn_rx_i,\n    output logic edge_o\n);\n\n  logic [1:0] sync_a;\n  logic       sync_b;\n\n  logic       r_input_reg;\n  logic       s_input_reg_next;\n\n  assign ack_tx_o = sync_a[0];\n\n  assign s_input_reg_next = edge_i | (r_input_reg & ~sync_a[0]);\n\n  always @(negedge rstn_tx_i or posedge clk_tx_i) begin\n    if (~rstn_tx_i) begin\n      r_input_reg <= 1'b0;\n      sync_a      <= 2'b00;\n    end else begin\n      r_input_reg <= s_input_reg_next;\n      sync_a      <= {sync_b, sync_a[1]};\n    end\n  end\n\n  pulp_sync_wedge u_sync_clkb (\n      .clk_i   (clk_rx_i),\n      .rstn_i  (rstn_rx_i),\n      .en_i    (1'b1),\n      .serial_i(r_input_reg),\n      .r_edge_o(edge_o),\n      .f_edge_o(),\n      .serial_o(sync_b)\n  );\n\nendmodule\n", tree=[kDescriptionList], tokens=None, rawtokens=None, errors=None)}
name:        : ['foo']
ports:       : ['a', 'b', 'z']
direct:      : ['input', 'input', 'output']
parameters:  : []
name:        : ['edge_propagator_ack']
ports:       : ['clk_tx_i', 'rstn_tx_i', 'edge_i', 'ack_tx_o', 'clk_rx_i', 'rstn_rx_i', 'edge_o']
direct:      : ['input', 'input', 'input', 'output', 'input', 'input', 'output']
parameters:  : []
{'header_text': 'module foo (\n    input  a,\n    b,\n    output z\n);', 'name': 'foo', 'ports': ['a', 'b', 'z'], 'direct': ['input', 'input', 'output'], 'parameters': [], 'imports': []}
{'header_text': 'module edge_propagator_ack (\n    input  logic clk_tx_i,\n    input  logic rstn_tx_i,\n    input  logic edge_i,\n    output logic ack_tx_o,\n    input  logic clk_rx_i,\n    input  logic rstn_rx_i,\n    output logic edge_o\n);', 'name': 'edge_propagator_ack', 'ports': ['clk_tx_i', 'rstn_tx_i', 'edge_i', 'ack_tx_o', 'clk_rx_i', 'rstn_rx_i', 'edge_o'], 'direct': ['input', 'input', 'input', 'output', 'input', 'input', 'output'], 'parameters': [], 'imports': []}
[{'name': 'foo', 'param': [], 'input': ['a', 'b'], 'output': ['z']}, {'name': 'edge_propagator_ack', 'param': [], 'input': ['clk_tx_i', 'rstn_tx_i', 'edge_i', 'clk_rx_i', 'rstn_rx_i'], 'output': ['ack_tx_o', 'edge_o']}]
[{'type': 'foo', 'name': 'foo', 'color': 'rgb(192,0,255)'}, {'type': 'edge_propagator_ack', 'name': 'edge_propagator_ack', 'color': 'rgb(192,0,255)'}]
127.0.0.1 - - [21/May/2024 00:03:03] "POST /process_file HTTP/1.1" 200 -
{'input': '/home/yhlu/MICA/testfile/filelist.f'}
['/home/yhlu/MICA/testfile/test.sv', '/home/yhlu/MICA/testfile/test2.sv']
{'/home/yhlu/MICA/testfile/test.sv': SyntaxData(source_code=b'module foo (\n    input  a,\n    b,\n    output z\n);\nendmodule : foo\n', tree=[kDescriptionList], tokens=None, rawtokens=None, errors=None), '/home/yhlu/MICA/testfile/test2.sv': SyntaxData(source_code=b"module edge_propagator_ack (\n    input  logic clk_tx_i,\n    input  logic rstn_tx_i,\n    input  logic edge_i,\n    output logic ack_tx_o,\n    input  logic clk_rx_i,\n    input  logic rstn_rx_i,\n    output logic edge_o\n);\n\n  logic [1:0] sync_a;\n  logic       sync_b;\n\n  logic       r_input_reg;\n  logic       s_input_reg_next;\n\n  assign ack_tx_o = sync_a[0];\n\n  assign s_input_reg_next = edge_i | (r_input_reg & ~sync_a[0]);\n\n  always @(negedge rstn_tx_i or posedge clk_tx_i) begin\n    if (~rstn_tx_i) begin\n      r_input_reg <= 1'b0;\n      sync_a      <= 2'b00;\n    end else begin\n      r_input_reg <= s_input_reg_next;\n      sync_a      <= {sync_b, sync_a[1]};\n    end\n  end\n\n  pulp_sync_wedge u_sync_clkb (\n      .clk_i   (clk_rx_i),\n      .rstn_i  (rstn_rx_i),\n      .en_i    (1'b1),\n      .serial_i(r_input_reg),\n      .r_edge_o(edge_o),\n      .f_edge_o(),\n      .serial_o(sync_b)\n  );\n\nendmodule\n", tree=[kDescriptionList], tokens=None, rawtokens=None, errors=None)}
name:        : ['foo']
ports:       : ['a', 'b', 'z']
direct:      : ['input', 'input', 'output']
parameters:  : []
name:        : ['edge_propagator_ack']
ports:       : ['clk_tx_i', 'rstn_tx_i', 'edge_i', 'ack_tx_o', 'clk_rx_i', 'rstn_rx_i', 'edge_o']
direct:      : ['input', 'input', 'input', 'output', 'input', 'input', 'output']
parameters:  : []
{'header_text': 'module foo (\n    input  a,\n    b,\n    output z\n);', 'name': 'foo', 'ports': ['a', 'b', 'z'], 'direct': ['input', 'input', 'output'], 'parameters': [], 'imports': []}
{'header_text': 'module edge_propagator_ack (\n    input  logic clk_tx_i,\n    input  logic rstn_tx_i,\n    input  logic edge_i,\n    output logic ack_tx_o,\n    input  logic clk_rx_i,\n    input  logic rstn_rx_i,\n    output logic edge_o\n);', 'name': 'edge_propagator_ack', 'ports': ['clk_tx_i', 'rstn_tx_i', 'edge_i', 'ack_tx_o', 'clk_rx_i', 'rstn_rx_i', 'edge_o'], 'direct': ['input', 'input', 'input', 'output', 'input', 'input', 'output'], 'parameters': [], 'imports': []}
[{'name': 'foo', 'param': [], 'input': ['a', 'b'], 'output': ['z']}, {'name': 'edge_propagator_ack', 'param': [], 'input': ['clk_tx_i', 'rstn_tx_i', 'edge_i', 'clk_rx_i', 'rstn_rx_i'], 'output': ['ack_tx_o', 'edge_o']}]
[{'type': 'foo', 'name': 'foo', 'color': 'rgb(192,0,255)'}, {'type': 'edge_propagator_ack', 'name': 'edge_propagator_ack', 'color': 'rgb(192,0,255)'}]
127.0.0.1 - - [21/May/2024 00:03:06] "POST /process_file HTTP/1.1" 200 -
127.0.0.1 - - [21/May/2024 00:03:30] "OPTIONS /process_file HTTP/1.1" 200 -
{'input': '/home/yhlu/MICA/testfile/filelist.f'}
['/home/yhlu/MICA/testfile/test.sv', '/home/yhlu/MICA/testfile/test2.sv']
{'/home/yhlu/MICA/testfile/test.sv': SyntaxData(source_code=b'module foo (\n    input  a,\n    b,\n    output z\n);\nendmodule : foo\n', tree=[kDescriptionList], tokens=None, rawtokens=None, errors=None), '/home/yhlu/MICA/testfile/test2.sv': SyntaxData(source_code=b"module edge_propagator_ack (\n    input  logic clk_tx_i,\n    input  logic rstn_tx_i,\n    input  logic edge_i,\n    output logic ack_tx_o,\n    input  logic clk_rx_i,\n    input  logic rstn_rx_i,\n    output logic edge_o\n);\n\n  logic [1:0] sync_a;\n  logic       sync_b;\n\n  logic       r_input_reg;\n  logic       s_input_reg_next;\n\n  assign ack_tx_o = sync_a[0];\n\n  assign s_input_reg_next = edge_i | (r_input_reg & ~sync_a[0]);\n\n  always @(negedge rstn_tx_i or posedge clk_tx_i) begin\n    if (~rstn_tx_i) begin\n      r_input_reg <= 1'b0;\n      sync_a      <= 2'b00;\n    end else begin\n      r_input_reg <= s_input_reg_next;\n      sync_a      <= {sync_b, sync_a[1]};\n    end\n  end\n\n  pulp_sync_wedge u_sync_clkb (\n      .clk_i   (clk_rx_i),\n      .rstn_i  (rstn_rx_i),\n      .en_i    (1'b1),\n      .serial_i(r_input_reg),\n      .r_edge_o(edge_o),\n      .f_edge_o(),\n      .serial_o(sync_b)\n  );\n\nendmodule\n", tree=[kDescriptionList], tokens=None, rawtokens=None, errors=None)}
name:        : ['foo']
ports:       : ['a', 'b', 'z']
direct:      : ['input', 'input', 'output']
parameters:  : []
name:        : ['edge_propagator_ack']
ports:       : ['clk_tx_i', 'rstn_tx_i', 'edge_i', 'ack_tx_o', 'clk_rx_i', 'rstn_rx_i', 'edge_o']
direct:      : ['input', 'input', 'input', 'output', 'input', 'input', 'output']
parameters:  : []
{'header_text': 'module foo (\n    input  a,\n    b,\n    output z\n);', 'name': 'foo', 'ports': ['a', 'b', 'z'], 'direct': ['input', 'input', 'output'], 'parameters': [], 'imports': []}
{'header_text': 'module edge_propagator_ack (\n    input  logic clk_tx_i,\n    input  logic rstn_tx_i,\n    input  logic edge_i,\n    output logic ack_tx_o,\n    input  logic clk_rx_i,\n    input  logic rstn_rx_i,\n    output logic edge_o\n);', 'name': 'edge_propagator_ack', 'ports': ['clk_tx_i', 'rstn_tx_i', 'edge_i', 'ack_tx_o', 'clk_rx_i', 'rstn_rx_i', 'edge_o'], 'direct': ['input', 'input', 'input', 'output', 'input', 'input', 'output'], 'parameters': [], 'imports': []}
[{'name': 'foo', 'param': [], 'input': ['a', 'b'], 'output': ['z']}, {'name': 'edge_propagator_ack', 'param': [], 'input': ['clk_tx_i', 'rstn_tx_i', 'edge_i', 'clk_rx_i', 'rstn_rx_i'], 'output': ['ack_tx_o', 'edge_o']}]
[{'type': 'foo', 'name': 'foo', 'color': 'rgb(192,0,255)'}, {'type': 'edge_propagator_ack', 'name': 'edge_propagator_ack', 'color': 'rgb(192,0,255)'}]
127.0.0.1 - - [21/May/2024 00:03:30] "POST /process_file HTTP/1.1" 200 -
127.0.0.1 - - [21/May/2024 00:05:09] "OPTIONS /process_file HTTP/1.1" 200 -
{'input': '/home/yhlu/MICA/testfile/filelist.f'}
['/home/yhlu/MICA/testfile/test.sv', '/home/yhlu/MICA/testfile/test2.sv']
{'/home/yhlu/MICA/testfile/test.sv': SyntaxData(source_code=b'module foo (\n    input  a,\n    b,\n    output z\n);\nendmodule : foo\n', tree=[kDescriptionList], tokens=None, rawtokens=None, errors=None), '/home/yhlu/MICA/testfile/test2.sv': SyntaxData(source_code=b"module edge_propagator_ack (\n    input  logic clk_tx_i,\n    input  logic rstn_tx_i,\n    input  logic edge_i,\n    output logic ack_tx_o,\n    input  logic clk_rx_i,\n    input  logic rstn_rx_i,\n    output logic edge_o\n);\n\n  logic [1:0] sync_a;\n  logic       sync_b;\n\n  logic       r_input_reg;\n  logic       s_input_reg_next;\n\n  assign ack_tx_o = sync_a[0];\n\n  assign s_input_reg_next = edge_i | (r_input_reg & ~sync_a[0]);\n\n  always @(negedge rstn_tx_i or posedge clk_tx_i) begin\n    if (~rstn_tx_i) begin\n      r_input_reg <= 1'b0;\n      sync_a      <= 2'b00;\n    end else begin\n      r_input_reg <= s_input_reg_next;\n      sync_a      <= {sync_b, sync_a[1]};\n    end\n  end\n\n  pulp_sync_wedge u_sync_clkb (\n      .clk_i   (clk_rx_i),\n      .rstn_i  (rstn_rx_i),\n      .en_i    (1'b1),\n      .serial_i(r_input_reg),\n      .r_edge_o(edge_o),\n      .f_edge_o(),\n      .serial_o(sync_b)\n  );\n\nendmodule\n", tree=[kDescriptionList], tokens=None, rawtokens=None, errors=None)}
name:        : ['foo']
ports:       : ['a', 'b', 'z']
direct:      : ['input', 'input', 'output']
parameters:  : []
name:        : ['edge_propagator_ack']
ports:       : ['clk_tx_i', 'rstn_tx_i', 'edge_i', 'ack_tx_o', 'clk_rx_i', 'rstn_rx_i', 'edge_o']
direct:      : ['input', 'input', 'input', 'output', 'input', 'input', 'output']
parameters:  : []
{'header_text': 'module foo (\n    input  a,\n    b,\n    output z\n);', 'name': 'foo', 'ports': ['a', 'b', 'z'], 'direct': ['input', 'input', 'output'], 'parameters': [], 'imports': []}
{'header_text': 'module edge_propagator_ack (\n    input  logic clk_tx_i,\n    input  logic rstn_tx_i,\n    input  logic edge_i,\n    output logic ack_tx_o,\n    input  logic clk_rx_i,\n    input  logic rstn_rx_i,\n    output logic edge_o\n);', 'name': 'edge_propagator_ack', 'ports': ['clk_tx_i', 'rstn_tx_i', 'edge_i', 'ack_tx_o', 'clk_rx_i', 'rstn_rx_i', 'edge_o'], 'direct': ['input', 'input', 'input', 'output', 'input', 'input', 'output'], 'parameters': [], 'imports': []}
[{'name': 'foo', 'param': [], 'input': ['a', 'b'], 'output': ['z']}, {'name': 'edge_propagator_ack', 'param': [], 'input': ['clk_tx_i', 'rstn_tx_i', 'edge_i', 'clk_rx_i', 'rstn_rx_i'], 'output': ['ack_tx_o', 'edge_o']}]
[{'type': 'foo', 'name': 'foo', 'color': 'rgb(192,0,255)'}, {'type': 'edge_propagator_ack', 'name': 'edge_propagator_ack', 'color': 'rgb(192,0,255)'}]
127.0.0.1 - - [21/May/2024 00:05:09] "POST /process_file HTTP/1.1" 200 -
127.0.0.1 - - [21/May/2024 00:05:47] "OPTIONS /process_file HTTP/1.1" 200 -
{'input': '/home/yhlu/MICA/testfile/filelist.f'}
['/home/yhlu/MICA/testfile/test.sv', '/home/yhlu/MICA/testfile/test2.sv']
{'/home/yhlu/MICA/testfile/test.sv': SyntaxData(source_code=b'module foo (\n    input  a,\n    b,\n    output z\n);\nendmodule : foo\n', tree=[kDescriptionList], tokens=None, rawtokens=None, errors=None), '/home/yhlu/MICA/testfile/test2.sv': SyntaxData(source_code=b"module edge_propagator_ack (\n    input  logic clk_tx_i,\n    input  logic rstn_tx_i,\n    input  logic edge_i,\n    output logic ack_tx_o,\n    input  logic clk_rx_i,\n    input  logic rstn_rx_i,\n    output logic edge_o\n);\n\n  logic [1:0] sync_a;\n  logic       sync_b;\n\n  logic       r_input_reg;\n  logic       s_input_reg_next;\n\n  assign ack_tx_o = sync_a[0];\n\n  assign s_input_reg_next = edge_i | (r_input_reg & ~sync_a[0]);\n\n  always @(negedge rstn_tx_i or posedge clk_tx_i) begin\n    if (~rstn_tx_i) begin\n      r_input_reg <= 1'b0;\n      sync_a      <= 2'b00;\n    end else begin\n      r_input_reg <= s_input_reg_next;\n      sync_a      <= {sync_b, sync_a[1]};\n    end\n  end\n\n  pulp_sync_wedge u_sync_clkb (\n      .clk_i   (clk_rx_i),\n      .rstn_i  (rstn_rx_i),\n      .en_i    (1'b1),\n      .serial_i(r_input_reg),\n      .r_edge_o(edge_o),\n      .f_edge_o(),\n      .serial_o(sync_b)\n  );\n\nendmodule\n", tree=[kDescriptionList], tokens=None, rawtokens=None, errors=None)}
name:        : ['foo']
ports:       : ['a', 'b', 'z']
direct:      : ['input', 'input', 'output']
parameters:  : []
name:        : ['edge_propagator_ack']
ports:       : ['clk_tx_i', 'rstn_tx_i', 'edge_i', 'ack_tx_o', 'clk_rx_i', 'rstn_rx_i', 'edge_o']
direct:      : ['input', 'input', 'input', 'output', 'input', 'input', 'output']
parameters:  : []
{'header_text': 'module foo (\n    input  a,\n    b,\n    output z\n);', 'name': 'foo', 'ports': ['a', 'b', 'z'], 'direct': ['input', 'input', 'output'], 'parameters': [], 'imports': []}
{'header_text': 'module edge_propagator_ack (\n    input  logic clk_tx_i,\n    input  logic rstn_tx_i,\n    input  logic edge_i,\n    output logic ack_tx_o,\n    input  logic clk_rx_i,\n    input  logic rstn_rx_i,\n    output logic edge_o\n);', 'name': 'edge_propagator_ack', 'ports': ['clk_tx_i', 'rstn_tx_i', 'edge_i', 'ack_tx_o', 'clk_rx_i', 'rstn_rx_i', 'edge_o'], 'direct': ['input', 'input', 'input', 'output', 'input', 'input', 'output'], 'parameters': [], 'imports': []}
[{'name': 'foo', 'param': [], 'input': ['a', 'b'], 'output': ['z']}, {'name': 'edge_propagator_ack', 'param': [], 'input': ['clk_tx_i', 'rstn_tx_i', 'edge_i', 'clk_rx_i', 'rstn_rx_i'], 'output': ['ack_tx_o', 'edge_o']}]
[{'type': 'foo', 'name': 'foo', 'color': 'rgb(192,0,255)'}, {'type': 'edge_propagator_ack', 'name': 'edge_propagator_ack', 'color': 'rgb(192,0,255)'}]
127.0.0.1 - - [21/May/2024 00:05:48] "POST /process_file HTTP/1.1" 200 -
127.0.0.1 - - [21/May/2024 00:24:22] "OPTIONS /process_file HTTP/1.1" 200 -
{'input': '/home/yhlu/MICA/testfile/filelist.f'}
['/home/yhlu/MICA/testfile/test.sv', '/home/yhlu/MICA/testfile/test2.sv']
{'/home/yhlu/MICA/testfile/test.sv': SyntaxData(source_code=b'module foo (\n    input  a,\n    b,\n    output z\n);\nendmodule : foo\n', tree=[kDescriptionList], tokens=None, rawtokens=None, errors=None), '/home/yhlu/MICA/testfile/test2.sv': SyntaxData(source_code=b"module edge_propagator_ack (\n    input  logic clk_tx_i,\n    input  logic rstn_tx_i,\n    input  logic edge_i,\n    output logic ack_tx_o,\n    input  logic clk_rx_i,\n    input  logic rstn_rx_i,\n    output logic edge_o\n);\n\n  logic [1:0] sync_a;\n  logic       sync_b;\n\n  logic       r_input_reg;\n  logic       s_input_reg_next;\n\n  assign ack_tx_o = sync_a[0];\n\n  assign s_input_reg_next = edge_i | (r_input_reg & ~sync_a[0]);\n\n  always @(negedge rstn_tx_i or posedge clk_tx_i) begin\n    if (~rstn_tx_i) begin\n      r_input_reg <= 1'b0;\n      sync_a      <= 2'b00;\n    end else begin\n      r_input_reg <= s_input_reg_next;\n      sync_a      <= {sync_b, sync_a[1]};\n    end\n  end\n\n  pulp_sync_wedge u_sync_clkb (\n      .clk_i   (clk_rx_i),\n      .rstn_i  (rstn_rx_i),\n      .en_i    (1'b1),\n      .serial_i(r_input_reg),\n      .r_edge_o(edge_o),\n      .f_edge_o(),\n      .serial_o(sync_b)\n  );\n\nendmodule\n", tree=[kDescriptionList], tokens=None, rawtokens=None, errors=None)}
name:        : ['foo']
ports:       : ['a', 'b', 'z']
direct:      : ['input', 'input', 'output']
parameters:  : []
name:        : ['edge_propagator_ack']
ports:       : ['clk_tx_i', 'rstn_tx_i', 'edge_i', 'ack_tx_o', 'clk_rx_i', 'rstn_rx_i', 'edge_o']
direct:      : ['input', 'input', 'input', 'output', 'input', 'input', 'output']
parameters:  : []
{'header_text': 'module foo (\n    input  a,\n    b,\n    output z\n);', 'name': 'foo', 'ports': ['a', 'b', 'z'], 'direct': ['input', 'input', 'output'], 'parameters': [], 'imports': []}
{'header_text': 'module edge_propagator_ack (\n    input  logic clk_tx_i,\n    input  logic rstn_tx_i,\n    input  logic edge_i,\n    output logic ack_tx_o,\n    input  logic clk_rx_i,\n    input  logic rstn_rx_i,\n    output logic edge_o\n);', 'name': 'edge_propagator_ack', 'ports': ['clk_tx_i', 'rstn_tx_i', 'edge_i', 'ack_tx_o', 'clk_rx_i', 'rstn_rx_i', 'edge_o'], 'direct': ['input', 'input', 'input', 'output', 'input', 'input', 'output'], 'parameters': [], 'imports': []}
[{'name': 'foo', 'param': [], 'input': ['a', 'b'], 'output': ['z']}, {'name': 'edge_propagator_ack', 'param': [], 'input': ['clk_tx_i', 'rstn_tx_i', 'edge_i', 'clk_rx_i', 'rstn_rx_i'], 'output': ['ack_tx_o', 'edge_o']}]
[{'type': 'foo', 'name': 'foo', 'color': 'rgb(192,0,255)'}, {'type': 'edge_propagator_ack', 'name': 'edge_propagator_ack', 'color': 'rgb(192,0,255)'}]
127.0.0.1 - - [21/May/2024 00:24:23] "POST /process_file HTTP/1.1" 200 -
127.0.0.1 - - [21/May/2024 00:27:29] "OPTIONS /process_file HTTP/1.1" 200 -
{'input': '/home/yhlu/MICA/testfile/filelist.f'}
['/home/yhlu/MICA/testfile/test.sv', '/home/yhlu/MICA/testfile/test2.sv']
{'/home/yhlu/MICA/testfile/test.sv': SyntaxData(source_code=b'module foo (\n    input  a,\n    b,\n    output z\n);\nendmodule : foo\n', tree=[kDescriptionList], tokens=None, rawtokens=None, errors=None), '/home/yhlu/MICA/testfile/test2.sv': SyntaxData(source_code=b"module edge_propagator_ack (\n    input  logic clk_tx_i,\n    input  logic rstn_tx_i,\n    input  logic edge_i,\n    output logic ack_tx_o,\n    input  logic clk_rx_i,\n    input  logic rstn_rx_i,\n    output logic edge_o\n);\n\n  logic [1:0] sync_a;\n  logic       sync_b;\n\n  logic       r_input_reg;\n  logic       s_input_reg_next;\n\n  assign ack_tx_o = sync_a[0];\n\n  assign s_input_reg_next = edge_i | (r_input_reg & ~sync_a[0]);\n\n  always @(negedge rstn_tx_i or posedge clk_tx_i) begin\n    if (~rstn_tx_i) begin\n      r_input_reg <= 1'b0;\n      sync_a      <= 2'b00;\n    end else begin\n      r_input_reg <= s_input_reg_next;\n      sync_a      <= {sync_b, sync_a[1]};\n    end\n  end\n\n  pulp_sync_wedge u_sync_clkb (\n      .clk_i   (clk_rx_i),\n      .rstn_i  (rstn_rx_i),\n      .en_i    (1'b1),\n      .serial_i(r_input_reg),\n      .r_edge_o(edge_o),\n      .f_edge_o(),\n      .serial_o(sync_b)\n  );\n\nendmodule\n", tree=[kDescriptionList], tokens=None, rawtokens=None, errors=None)}
name:        : ['foo']
ports:       : ['a', 'b', 'z']
direct:      : ['input', 'input', 'output']
parameters:  : []
name:        : ['edge_propagator_ack']
ports:       : ['clk_tx_i', 'rstn_tx_i', 'edge_i', 'ack_tx_o', 'clk_rx_i', 'rstn_rx_i', 'edge_o']
direct:      : ['input', 'input', 'input', 'output', 'input', 'input', 'output']
parameters:  : []
{'header_text': 'module foo (\n    input  a,\n    b,\n    output z\n);', 'name': 'foo', 'ports': ['a', 'b', 'z'], 'direct': ['input', 'input', 'output'], 'parameters': [], 'imports': []}
{'header_text': 'module edge_propagator_ack (\n    input  logic clk_tx_i,\n    input  logic rstn_tx_i,\n    input  logic edge_i,\n    output logic ack_tx_o,\n    input  logic clk_rx_i,\n    input  logic rstn_rx_i,\n    output logic edge_o\n);', 'name': 'edge_propagator_ack', 'ports': ['clk_tx_i', 'rstn_tx_i', 'edge_i', 'ack_tx_o', 'clk_rx_i', 'rstn_rx_i', 'edge_o'], 'direct': ['input', 'input', 'input', 'output', 'input', 'input', 'output'], 'parameters': [], 'imports': []}
[{'name': 'foo', 'param': [], 'input': ['a', 'b'], 'output': ['z']}, {'name': 'edge_propagator_ack', 'param': [], 'input': ['clk_tx_i', 'rstn_tx_i', 'edge_i', 'clk_rx_i', 'rstn_rx_i'], 'output': ['ack_tx_o', 'edge_o']}]
[{'type': 'foo', 'name': 'foo', 'color': 'rgb(192,0,255)'}, {'type': 'edge_propagator_ack', 'name': 'edge_propagator_ack', 'color': 'rgb(192,0,255)'}]
127.0.0.1 - - [21/May/2024 00:27:29] "POST /process_file HTTP/1.1" 200 -
127.0.0.1 - - [21/May/2024 00:30:26] "OPTIONS /process_file HTTP/1.1" 200 -
{'input': '/home/yhlu/MICA/testfile/filelist.f'}
['/home/yhlu/MICA/testfile/test.sv', '/home/yhlu/MICA/testfile/test2.sv']
{'/home/yhlu/MICA/testfile/test.sv': SyntaxData(source_code=b'module foo (\n    input  a,\n    b,\n    output z\n);\nendmodule : foo\n', tree=[kDescriptionList], tokens=None, rawtokens=None, errors=None), '/home/yhlu/MICA/testfile/test2.sv': SyntaxData(source_code=b"module edge_propagator_ack (\n    input  logic clk_tx_i,\n    input  logic rstn_tx_i,\n    input  logic edge_i,\n    output logic ack_tx_o,\n    input  logic clk_rx_i,\n    input  logic rstn_rx_i,\n    output logic edge_o\n);\n\n  logic [1:0] sync_a;\n  logic       sync_b;\n\n  logic       r_input_reg;\n  logic       s_input_reg_next;\n\n  assign ack_tx_o = sync_a[0];\n\n  assign s_input_reg_next = edge_i | (r_input_reg & ~sync_a[0]);\n\n  always @(negedge rstn_tx_i or posedge clk_tx_i) begin\n    if (~rstn_tx_i) begin\n      r_input_reg <= 1'b0;\n      sync_a      <= 2'b00;\n    end else begin\n      r_input_reg <= s_input_reg_next;\n      sync_a      <= {sync_b, sync_a[1]};\n    end\n  end\n\n  pulp_sync_wedge u_sync_clkb (\n      .clk_i   (clk_rx_i),\n      .rstn_i  (rstn_rx_i),\n      .en_i    (1'b1),\n      .serial_i(r_input_reg),\n      .r_edge_o(edge_o),\n      .f_edge_o(),\n      .serial_o(sync_b)\n  );\n\nendmodule\n", tree=[kDescriptionList], tokens=None, rawtokens=None, errors=None)}
name:        : ['foo']
ports:       : ['a', 'b', 'z']
direct:      : ['input', 'input', 'output']
parameters:  : []
name:        : ['edge_propagator_ack']
ports:       : ['clk_tx_i', 'rstn_tx_i', 'edge_i', 'ack_tx_o', 'clk_rx_i', 'rstn_rx_i', 'edge_o']
direct:      : ['input', 'input', 'input', 'output', 'input', 'input', 'output']
parameters:  : []
{'header_text': 'module foo (\n    input  a,\n    b,\n    output z\n);', 'name': 'foo', 'ports': ['a', 'b', 'z'], 'direct': ['input', 'input', 'output'], 'parameters': [], 'imports': []}
{'header_text': 'module edge_propagator_ack (\n    input  logic clk_tx_i,\n    input  logic rstn_tx_i,\n    input  logic edge_i,\n    output logic ack_tx_o,\n    input  logic clk_rx_i,\n    input  logic rstn_rx_i,\n    output logic edge_o\n);', 'name': 'edge_propagator_ack', 'ports': ['clk_tx_i', 'rstn_tx_i', 'edge_i', 'ack_tx_o', 'clk_rx_i', 'rstn_rx_i', 'edge_o'], 'direct': ['input', 'input', 'input', 'output', 'input', 'input', 'output'], 'parameters': [], 'imports': []}
[{'name': 'foo', 'param': [], 'input': ['a', 'b'], 'output': ['z']}, {'name': 'edge_propagator_ack', 'param': [], 'input': ['clk_tx_i', 'rstn_tx_i', 'edge_i', 'clk_rx_i', 'rstn_rx_i'], 'output': ['ack_tx_o', 'edge_o']}]
[{'type': 'foo', 'name': 'foo', 'color': 'rgb(192,0,255)'}, {'type': 'edge_propagator_ack', 'name': 'edge_propagator_ack', 'color': 'rgb(192,0,255)'}]
127.0.0.1 - - [21/May/2024 00:30:26] "POST /process_file HTTP/1.1" 200 -
127.0.0.1 - - [21/May/2024 00:34:02] "OPTIONS /process_file HTTP/1.1" 200 -
{'input': '/home/yhlu/MICA/testfile/filelist.f'}
['/home/yhlu/MICA/testfile/test.sv', '/home/yhlu/MICA/testfile/test2.sv']
{'/home/yhlu/MICA/testfile/test.sv': SyntaxData(source_code=b'module foo (\n    input  a,\n    b,\n    output z\n);\nendmodule : foo\n', tree=[kDescriptionList], tokens=None, rawtokens=None, errors=None), '/home/yhlu/MICA/testfile/test2.sv': SyntaxData(source_code=b"module edge_propagator_ack (\n    input  logic clk_tx_i,\n    input  logic rstn_tx_i,\n    input  logic edge_i,\n    output logic ack_tx_o,\n    input  logic clk_rx_i,\n    input  logic rstn_rx_i,\n    output logic edge_o\n);\n\n  logic [1:0] sync_a;\n  logic       sync_b;\n\n  logic       r_input_reg;\n  logic       s_input_reg_next;\n\n  assign ack_tx_o = sync_a[0];\n\n  assign s_input_reg_next = edge_i | (r_input_reg & ~sync_a[0]);\n\n  always @(negedge rstn_tx_i or posedge clk_tx_i) begin\n    if (~rstn_tx_i) begin\n      r_input_reg <= 1'b0;\n      sync_a      <= 2'b00;\n    end else begin\n      r_input_reg <= s_input_reg_next;\n      sync_a      <= {sync_b, sync_a[1]};\n    end\n  end\n\n  pulp_sync_wedge u_sync_clkb (\n      .clk_i   (clk_rx_i),\n      .rstn_i  (rstn_rx_i),\n      .en_i    (1'b1),\n      .serial_i(r_input_reg),\n      .r_edge_o(edge_o),\n      .f_edge_o(),\n      .serial_o(sync_b)\n  );\n\nendmodule\n", tree=[kDescriptionList], tokens=None, rawtokens=None, errors=None)}
name:        : ['foo']
ports:       : ['a', 'b', 'z']
direct:      : ['input', 'input', 'output']
parameters:  : []
name:        : ['edge_propagator_ack']
ports:       : ['clk_tx_i', 'rstn_tx_i', 'edge_i', 'ack_tx_o', 'clk_rx_i', 'rstn_rx_i', 'edge_o']
direct:      : ['input', 'input', 'input', 'output', 'input', 'input', 'output']
parameters:  : []
{'header_text': 'module foo (\n    input  a,\n    b,\n    output z\n);', 'name': 'foo', 'ports': ['a', 'b', 'z'], 'direct': ['input', 'input', 'output'], 'parameters': [], 'imports': []}
{'header_text': 'module edge_propagator_ack (\n    input  logic clk_tx_i,\n    input  logic rstn_tx_i,\n    input  logic edge_i,\n    output logic ack_tx_o,\n    input  logic clk_rx_i,\n    input  logic rstn_rx_i,\n    output logic edge_o\n);', 'name': 'edge_propagator_ack', 'ports': ['clk_tx_i', 'rstn_tx_i', 'edge_i', 'ack_tx_o', 'clk_rx_i', 'rstn_rx_i', 'edge_o'], 'direct': ['input', 'input', 'input', 'output', 'input', 'input', 'output'], 'parameters': [], 'imports': []}
[{'name': 'foo', 'param': [], 'input': ['a', 'b'], 'output': ['z']}, {'name': 'edge_propagator_ack', 'param': [], 'input': ['clk_tx_i', 'rstn_tx_i', 'edge_i', 'clk_rx_i', 'rstn_rx_i'], 'output': ['ack_tx_o', 'edge_o']}]
[{'type': 'foo', 'name': 'foo', 'color': 'rgb(192,0,255)'}, {'type': 'edge_propagator_ack', 'name': 'edge_propagator_ack', 'color': 'rgb(192,0,255)'}]
127.0.0.1 - - [21/May/2024 00:34:02] "POST /process_file HTTP/1.1" 200 -
127.0.0.1 - - [21/May/2024 00:35:19] "OPTIONS /process_file HTTP/1.1" 200 -
{'input': '/home/yhlu/MICA/testfile/filelist.f'}
['/home/yhlu/MICA/testfile/test.sv', '/home/yhlu/MICA/testfile/test2.sv']
{'/home/yhlu/MICA/testfile/test.sv': SyntaxData(source_code=b'module foo (\n    input  a,\n    b,\n    output z\n);\nendmodule : foo\n', tree=[kDescriptionList], tokens=None, rawtokens=None, errors=None), '/home/yhlu/MICA/testfile/test2.sv': SyntaxData(source_code=b"module edge_propagator_ack (\n    input  logic clk_tx_i,\n    input  logic rstn_tx_i,\n    input  logic edge_i,\n    output logic ack_tx_o,\n    input  logic clk_rx_i,\n    input  logic rstn_rx_i,\n    output logic edge_o\n);\n\n  logic [1:0] sync_a;\n  logic       sync_b;\n\n  logic       r_input_reg;\n  logic       s_input_reg_next;\n\n  assign ack_tx_o = sync_a[0];\n\n  assign s_input_reg_next = edge_i | (r_input_reg & ~sync_a[0]);\n\n  always @(negedge rstn_tx_i or posedge clk_tx_i) begin\n    if (~rstn_tx_i) begin\n      r_input_reg <= 1'b0;\n      sync_a      <= 2'b00;\n    end else begin\n      r_input_reg <= s_input_reg_next;\n      sync_a      <= {sync_b, sync_a[1]};\n    end\n  end\n\n  pulp_sync_wedge u_sync_clkb (\n      .clk_i   (clk_rx_i),\n      .rstn_i  (rstn_rx_i),\n      .en_i    (1'b1),\n      .serial_i(r_input_reg),\n      .r_edge_o(edge_o),\n      .f_edge_o(),\n      .serial_o(sync_b)\n  );\n\nendmodule\n", tree=[kDescriptionList], tokens=None, rawtokens=None, errors=None)}
name:        : ['foo']
ports:       : ['a', 'b', 'z']
direct:      : ['input', 'input', 'output']
parameters:  : []
name:        : ['edge_propagator_ack']
ports:       : ['clk_tx_i', 'rstn_tx_i', 'edge_i', 'ack_tx_o', 'clk_rx_i', 'rstn_rx_i', 'edge_o']
direct:      : ['input', 'input', 'input', 'output', 'input', 'input', 'output']
parameters:  : []
{'header_text': 'module foo (\n    input  a,\n    b,\n    output z\n);', 'name': 'foo', 'ports': ['a', 'b', 'z'], 'direct': ['input', 'input', 'output'], 'parameters': [], 'imports': []}
{'header_text': 'module edge_propagator_ack (\n    input  logic clk_tx_i,\n    input  logic rstn_tx_i,\n    input  logic edge_i,\n    output logic ack_tx_o,\n    input  logic clk_rx_i,\n    input  logic rstn_rx_i,\n    output logic edge_o\n);', 'name': 'edge_propagator_ack', 'ports': ['clk_tx_i', 'rstn_tx_i', 'edge_i', 'ack_tx_o', 'clk_rx_i', 'rstn_rx_i', 'edge_o'], 'direct': ['input', 'input', 'input', 'output', 'input', 'input', 'output'], 'parameters': [], 'imports': []}
[{'name': 'foo', 'param': [], 'input': ['a', 'b'], 'output': ['z']}, {'name': 'edge_propagator_ack', 'param': [], 'input': ['clk_tx_i', 'rstn_tx_i', 'edge_i', 'clk_rx_i', 'rstn_rx_i'], 'output': ['ack_tx_o', 'edge_o']}]
[{'type': 'foo', 'name': 'foo', 'color': 'rgb(192,0,255)'}, {'type': 'edge_propagator_ack', 'name': 'edge_propagator_ack', 'color': 'rgb(192,0,255)'}]
127.0.0.1 - - [21/May/2024 00:35:19] "POST /process_file HTTP/1.1" 200 -
127.0.0.1 - - [21/May/2024 00:46:06] "OPTIONS /process_file HTTP/1.1" 200 -
{'input': '/home/yhlu/MICA/testfile/filelist.f'}
['/home/yhlu/MICA/testfile/test.sv', '/home/yhlu/MICA/testfile/test2.sv']
{'/home/yhlu/MICA/testfile/test.sv': SyntaxData(source_code=b'module foo (\n    input  a,\n    b,\n    output z\n);\nendmodule : foo\n', tree=[kDescriptionList], tokens=None, rawtokens=None, errors=None), '/home/yhlu/MICA/testfile/test2.sv': SyntaxData(source_code=b"module edge_propagator_ack (\n    input  logic clk_tx_i,\n    input  logic rstn_tx_i,\n    input  logic edge_i,\n    output logic ack_tx_o,\n    input  logic clk_rx_i,\n    input  logic rstn_rx_i,\n    output logic edge_o\n);\n\n  logic [1:0] sync_a;\n  logic       sync_b;\n\n  logic       r_input_reg;\n  logic       s_input_reg_next;\n\n  assign ack_tx_o = sync_a[0];\n\n  assign s_input_reg_next = edge_i | (r_input_reg & ~sync_a[0]);\n\n  always @(negedge rstn_tx_i or posedge clk_tx_i) begin\n    if (~rstn_tx_i) begin\n      r_input_reg <= 1'b0;\n      sync_a      <= 2'b00;\n    end else begin\n      r_input_reg <= s_input_reg_next;\n      sync_a      <= {sync_b, sync_a[1]};\n    end\n  end\n\n  pulp_sync_wedge u_sync_clkb (\n      .clk_i   (clk_rx_i),\n      .rstn_i  (rstn_rx_i),\n      .en_i    (1'b1),\n      .serial_i(r_input_reg),\n      .r_edge_o(edge_o),\n      .f_edge_o(),\n      .serial_o(sync_b)\n  );\n\nendmodule\n", tree=[kDescriptionList], tokens=None, rawtokens=None, errors=None)}
name:        : ['foo']
ports:       : ['a', 'b', 'z']
direct:      : ['input', 'input', 'output']
parameters:  : []
name:        : ['edge_propagator_ack']
ports:       : ['clk_tx_i', 'rstn_tx_i', 'edge_i', 'ack_tx_o', 'clk_rx_i', 'rstn_rx_i', 'edge_o']
direct:      : ['input', 'input', 'input', 'output', 'input', 'input', 'output']
parameters:  : []
{'header_text': 'module foo (\n    input  a,\n    b,\n    output z\n);', 'name': 'foo', 'ports': ['a', 'b', 'z'], 'direct': ['input', 'input', 'output'], 'parameters': [], 'imports': []}
{'header_text': 'module edge_propagator_ack (\n    input  logic clk_tx_i,\n    input  logic rstn_tx_i,\n    input  logic edge_i,\n    output logic ack_tx_o,\n    input  logic clk_rx_i,\n    input  logic rstn_rx_i,\n    output logic edge_o\n);', 'name': 'edge_propagator_ack', 'ports': ['clk_tx_i', 'rstn_tx_i', 'edge_i', 'ack_tx_o', 'clk_rx_i', 'rstn_rx_i', 'edge_o'], 'direct': ['input', 'input', 'input', 'output', 'input', 'input', 'output'], 'parameters': [], 'imports': []}
[{'name': 'foo', 'param': [], 'input': ['a', 'b'], 'output': ['z']}, {'name': 'edge_propagator_ack', 'param': [], 'input': ['clk_tx_i', 'rstn_tx_i', 'edge_i', 'clk_rx_i', 'rstn_rx_i'], 'output': ['ack_tx_o', 'edge_o']}]
[{'type': 'foo', 'name': 'foo', 'color': 'rgb(192,0,255)'}, {'type': 'edge_propagator_ack', 'name': 'edge_propagator_ack', 'color': 'rgb(192,0,255)'}]
127.0.0.1 - - [21/May/2024 00:46:07] "POST /process_file HTTP/1.1" 200 -
127.0.0.1 - - [21/May/2024 00:48:18] "OPTIONS /process_file HTTP/1.1" 200 -
{'input': '/home/yhlu/MICA/testfile/filelist.f'}
['/home/yhlu/MICA/testfile/test.sv', '/home/yhlu/MICA/testfile/test2.sv']
{'/home/yhlu/MICA/testfile/test.sv': SyntaxData(source_code=b'module foo (\n    input  a,\n    b,\n    output z\n);\nendmodule : foo\n', tree=[kDescriptionList], tokens=None, rawtokens=None, errors=None), '/home/yhlu/MICA/testfile/test2.sv': SyntaxData(source_code=b"module edge_propagator_ack (\n    input  logic clk_tx_i,\n    input  logic rstn_tx_i,\n    input  logic edge_i,\n    output logic ack_tx_o,\n    input  logic clk_rx_i,\n    input  logic rstn_rx_i,\n    output logic edge_o\n);\n\n  logic [1:0] sync_a;\n  logic       sync_b;\n\n  logic       r_input_reg;\n  logic       s_input_reg_next;\n\n  assign ack_tx_o = sync_a[0];\n\n  assign s_input_reg_next = edge_i | (r_input_reg & ~sync_a[0]);\n\n  always @(negedge rstn_tx_i or posedge clk_tx_i) begin\n    if (~rstn_tx_i) begin\n      r_input_reg <= 1'b0;\n      sync_a      <= 2'b00;\n    end else begin\n      r_input_reg <= s_input_reg_next;\n      sync_a      <= {sync_b, sync_a[1]};\n    end\n  end\n\n  pulp_sync_wedge u_sync_clkb (\n      .clk_i   (clk_rx_i),\n      .rstn_i  (rstn_rx_i),\n      .en_i    (1'b1),\n      .serial_i(r_input_reg),\n      .r_edge_o(edge_o),\n      .f_edge_o(),\n      .serial_o(sync_b)\n  );\n\nendmodule\n", tree=[kDescriptionList], tokens=None, rawtokens=None, errors=None)}
name:        : ['foo']
ports:       : ['a', 'b', 'z']
direct:      : ['input', 'input', 'output']
parameters:  : []
name:        : ['edge_propagator_ack']
ports:       : ['clk_tx_i', 'rstn_tx_i', 'edge_i', 'ack_tx_o', 'clk_rx_i', 'rstn_rx_i', 'edge_o']
direct:      : ['input', 'input', 'input', 'output', 'input', 'input', 'output']
parameters:  : []
{'header_text': 'module foo (\n    input  a,\n    b,\n    output z\n);', 'name': 'foo', 'ports': ['a', 'b', 'z'], 'direct': ['input', 'input', 'output'], 'parameters': [], 'imports': []}
{'header_text': 'module edge_propagator_ack (\n    input  logic clk_tx_i,\n    input  logic rstn_tx_i,\n    input  logic edge_i,\n    output logic ack_tx_o,\n    input  logic clk_rx_i,\n    input  logic rstn_rx_i,\n    output logic edge_o\n);', 'name': 'edge_propagator_ack', 'ports': ['clk_tx_i', 'rstn_tx_i', 'edge_i', 'ack_tx_o', 'clk_rx_i', 'rstn_rx_i', 'edge_o'], 'direct': ['input', 'input', 'input', 'output', 'input', 'input', 'output'], 'parameters': [], 'imports': []}
[{'name': 'foo', 'param': [], 'input': ['a', 'b'], 'output': ['z']}, {'name': 'edge_propagator_ack', 'param': [], 'input': ['clk_tx_i', 'rstn_tx_i', 'edge_i', 'clk_rx_i', 'rstn_rx_i'], 'output': ['ack_tx_o', 'edge_o']}]
[{'type': 'foo', 'name': 'foo', 'color': 'rgb(192,0,255)'}, {'type': 'edge_propagator_ack', 'name': 'edge_propagator_ack', 'color': 'rgb(192,0,255)'}]
127.0.0.1 - - [21/May/2024 00:48:18] "POST /process_file HTTP/1.1" 200 -
127.0.0.1 - - [21/May/2024 00:53:35] "OPTIONS /process_file HTTP/1.1" 200 -
{'input': '/home/yhlu/MICA/testfile/filelist.f'}
['/home/yhlu/MICA/testfile/test.sv', '/home/yhlu/MICA/testfile/test2.sv']
{'/home/yhlu/MICA/testfile/test.sv': SyntaxData(source_code=b'module foo (\n    input  a,\n    b,\n    output z\n);\nendmodule : foo\n', tree=[kDescriptionList], tokens=None, rawtokens=None, errors=None), '/home/yhlu/MICA/testfile/test2.sv': SyntaxData(source_code=b"module edge_propagator_ack (\n    input  logic clk_tx_i,\n    input  logic rstn_tx_i,\n    input  logic edge_i,\n    output logic ack_tx_o,\n    input  logic clk_rx_i,\n    input  logic rstn_rx_i,\n    output logic edge_o\n);\n\n  logic [1:0] sync_a;\n  logic       sync_b;\n\n  logic       r_input_reg;\n  logic       s_input_reg_next;\n\n  assign ack_tx_o = sync_a[0];\n\n  assign s_input_reg_next = edge_i | (r_input_reg & ~sync_a[0]);\n\n  always @(negedge rstn_tx_i or posedge clk_tx_i) begin\n    if (~rstn_tx_i) begin\n      r_input_reg <= 1'b0;\n      sync_a      <= 2'b00;\n    end else begin\n      r_input_reg <= s_input_reg_next;\n      sync_a      <= {sync_b, sync_a[1]};\n    end\n  end\n\n  pulp_sync_wedge u_sync_clkb (\n      .clk_i   (clk_rx_i),\n      .rstn_i  (rstn_rx_i),\n      .en_i    (1'b1),\n      .serial_i(r_input_reg),\n      .r_edge_o(edge_o),\n      .f_edge_o(),\n      .serial_o(sync_b)\n  );\n\nendmodule\n", tree=[kDescriptionList], tokens=None, rawtokens=None, errors=None)}
name:        : ['foo']
ports:       : ['a', 'b', 'z']
direct:      : ['input', 'input', 'output']
parameters:  : []
name:        : ['edge_propagator_ack']
ports:       : ['clk_tx_i', 'rstn_tx_i', 'edge_i', 'ack_tx_o', 'clk_rx_i', 'rstn_rx_i', 'edge_o']
direct:      : ['input', 'input', 'input', 'output', 'input', 'input', 'output']
parameters:  : []
{'header_text': 'module foo (\n    input  a,\n    b,\n    output z\n);', 'name': 'foo', 'ports': ['a', 'b', 'z'], 'direct': ['input', 'input', 'output'], 'parameters': [], 'imports': []}
{'header_text': 'module edge_propagator_ack (\n    input  logic clk_tx_i,\n    input  logic rstn_tx_i,\n    input  logic edge_i,\n    output logic ack_tx_o,\n    input  logic clk_rx_i,\n    input  logic rstn_rx_i,\n    output logic edge_o\n);', 'name': 'edge_propagator_ack', 'ports': ['clk_tx_i', 'rstn_tx_i', 'edge_i', 'ack_tx_o', 'clk_rx_i', 'rstn_rx_i', 'edge_o'], 'direct': ['input', 'input', 'input', 'output', 'input', 'input', 'output'], 'parameters': [], 'imports': []}
[{'name': 'foo', 'param': [], 'input': ['a', 'b'], 'output': ['z']}, {'name': 'edge_propagator_ack', 'param': [], 'input': ['clk_tx_i', 'rstn_tx_i', 'edge_i', 'clk_rx_i', 'rstn_rx_i'], 'output': ['ack_tx_o', 'edge_o']}]
[{'type': 'foo', 'name': 'foo', 'color': 'rgb(192,0,255)'}, {'type': 'edge_propagator_ack', 'name': 'edge_propagator_ack', 'color': 'rgb(192,0,255)'}]
127.0.0.1 - - [21/May/2024 00:53:35] "POST /process_file HTTP/1.1" 200 -
127.0.0.1 - - [21/May/2024 00:54:23] "OPTIONS /process_file HTTP/1.1" 200 -
{'input': '/home/yhlu/MICA/testfile/filelist.f'}
['/home/yhlu/MICA/testfile/test.sv', '/home/yhlu/MICA/testfile/test2.sv']
{'/home/yhlu/MICA/testfile/test.sv': SyntaxData(source_code=b'module foo (\n    input  a,\n    b,\n    output z\n);\nendmodule : foo\n', tree=[kDescriptionList], tokens=None, rawtokens=None, errors=None), '/home/yhlu/MICA/testfile/test2.sv': SyntaxData(source_code=b"module edge_propagator_ack (\n    input  logic clk_tx_i,\n    input  logic rstn_tx_i,\n    input  logic edge_i,\n    output logic ack_tx_o,\n    input  logic clk_rx_i,\n    input  logic rstn_rx_i,\n    output logic edge_o\n);\n\n  logic [1:0] sync_a;\n  logic       sync_b;\n\n  logic       r_input_reg;\n  logic       s_input_reg_next;\n\n  assign ack_tx_o = sync_a[0];\n\n  assign s_input_reg_next = edge_i | (r_input_reg & ~sync_a[0]);\n\n  always @(negedge rstn_tx_i or posedge clk_tx_i) begin\n    if (~rstn_tx_i) begin\n      r_input_reg <= 1'b0;\n      sync_a      <= 2'b00;\n    end else begin\n      r_input_reg <= s_input_reg_next;\n      sync_a      <= {sync_b, sync_a[1]};\n    end\n  end\n\n  pulp_sync_wedge u_sync_clkb (\n      .clk_i   (clk_rx_i),\n      .rstn_i  (rstn_rx_i),\n      .en_i    (1'b1),\n      .serial_i(r_input_reg),\n      .r_edge_o(edge_o),\n      .f_edge_o(),\n      .serial_o(sync_b)\n  );\n\nendmodule\n", tree=[kDescriptionList], tokens=None, rawtokens=None, errors=None)}
name:        : ['foo']
ports:       : ['a', 'b', 'z']
direct:      : ['input', 'input', 'output']
parameters:  : []
name:        : ['edge_propagator_ack']
ports:       : ['clk_tx_i', 'rstn_tx_i', 'edge_i', 'ack_tx_o', 'clk_rx_i', 'rstn_rx_i', 'edge_o']
direct:      : ['input', 'input', 'input', 'output', 'input', 'input', 'output']
parameters:  : []
{'header_text': 'module foo (\n    input  a,\n    b,\n    output z\n);', 'name': 'foo', 'ports': ['a', 'b', 'z'], 'direct': ['input', 'input', 'output'], 'parameters': [], 'imports': []}
{'header_text': 'module edge_propagator_ack (\n    input  logic clk_tx_i,\n    input  logic rstn_tx_i,\n    input  logic edge_i,\n    output logic ack_tx_o,\n    input  logic clk_rx_i,\n    input  logic rstn_rx_i,\n    output logic edge_o\n);', 'name': 'edge_propagator_ack', 'ports': ['clk_tx_i', 'rstn_tx_i', 'edge_i', 'ack_tx_o', 'clk_rx_i', 'rstn_rx_i', 'edge_o'], 'direct': ['input', 'input', 'input', 'output', 'input', 'input', 'output'], 'parameters': [], 'imports': []}
[{'name': 'foo', 'param': [], 'input': ['a', 'b'], 'output': ['z']}, {'name': 'edge_propagator_ack', 'param': [], 'input': ['clk_tx_i', 'rstn_tx_i', 'edge_i', 'clk_rx_i', 'rstn_rx_i'], 'output': ['ack_tx_o', 'edge_o']}]
[{'type': 'foo', 'name': 'foo', 'color': 'rgb(192,0,255)'}, {'type': 'edge_propagator_ack', 'name': 'edge_propagator_ack', 'color': 'rgb(192,0,255)'}]
127.0.0.1 - - [21/May/2024 00:54:24] "POST /process_file HTTP/1.1" 200 -
127.0.0.1 - - [21/May/2024 00:57:12] "OPTIONS /process_file HTTP/1.1" 200 -
{'input': '/home/yhlu/MICA/testfile/filelist.f'}
['/home/yhlu/MICA/testfile/test.sv', '/home/yhlu/MICA/testfile/test2.sv']
{'/home/yhlu/MICA/testfile/test.sv': SyntaxData(source_code=b'module foo (\n    input  a,\n    b,\n    output z\n);\nendmodule : foo\n', tree=[kDescriptionList], tokens=None, rawtokens=None, errors=None), '/home/yhlu/MICA/testfile/test2.sv': SyntaxData(source_code=b"module edge_propagator_ack (\n    input  logic clk_tx_i,\n    input  logic rstn_tx_i,\n    input  logic edge_i,\n    output logic ack_tx_o,\n    input  logic clk_rx_i,\n    input  logic rstn_rx_i,\n    output logic edge_o\n);\n\n  logic [1:0] sync_a;\n  logic       sync_b;\n\n  logic       r_input_reg;\n  logic       s_input_reg_next;\n\n  assign ack_tx_o = sync_a[0];\n\n  assign s_input_reg_next = edge_i | (r_input_reg & ~sync_a[0]);\n\n  always @(negedge rstn_tx_i or posedge clk_tx_i) begin\n    if (~rstn_tx_i) begin\n      r_input_reg <= 1'b0;\n      sync_a      <= 2'b00;\n    end else begin\n      r_input_reg <= s_input_reg_next;\n      sync_a      <= {sync_b, sync_a[1]};\n    end\n  end\n\n  pulp_sync_wedge u_sync_clkb (\n      .clk_i   (clk_rx_i),\n      .rstn_i  (rstn_rx_i),\n      .en_i    (1'b1),\n      .serial_i(r_input_reg),\n      .r_edge_o(edge_o),\n      .f_edge_o(),\n      .serial_o(sync_b)\n  );\n\nendmodule\n", tree=[kDescriptionList], tokens=None, rawtokens=None, errors=None)}
name:        : ['foo']
ports:       : ['a', 'b', 'z']
direct:      : ['input', 'input', 'output']
parameters:  : []
name:        : ['edge_propagator_ack']
ports:       : ['clk_tx_i', 'rstn_tx_i', 'edge_i', 'ack_tx_o', 'clk_rx_i', 'rstn_rx_i', 'edge_o']
direct:      : ['input', 'input', 'input', 'output', 'input', 'input', 'output']
parameters:  : []
{'header_text': 'module foo (\n    input  a,\n    b,\n    output z\n);', 'name': 'foo', 'ports': ['a', 'b', 'z'], 'direct': ['input', 'input', 'output'], 'parameters': [], 'imports': []}
{'header_text': 'module edge_propagator_ack (\n    input  logic clk_tx_i,\n    input  logic rstn_tx_i,\n    input  logic edge_i,\n    output logic ack_tx_o,\n    input  logic clk_rx_i,\n    input  logic rstn_rx_i,\n    output logic edge_o\n);', 'name': 'edge_propagator_ack', 'ports': ['clk_tx_i', 'rstn_tx_i', 'edge_i', 'ack_tx_o', 'clk_rx_i', 'rstn_rx_i', 'edge_o'], 'direct': ['input', 'input', 'input', 'output', 'input', 'input', 'output'], 'parameters': [], 'imports': []}
[{'name': 'foo', 'param': [], 'input': ['a', 'b'], 'output': ['z']}, {'name': 'edge_propagator_ack', 'param': [], 'input': ['clk_tx_i', 'rstn_tx_i', 'edge_i', 'clk_rx_i', 'rstn_rx_i'], 'output': ['ack_tx_o', 'edge_o']}]
[{'type': 'foo', 'name': 'foo', 'color': 'rgb(192,0,255)'}, {'type': 'edge_propagator_ack', 'name': 'edge_propagator_ack', 'color': 'rgb(192,0,255)'}]
127.0.0.1 - - [21/May/2024 00:57:12] "POST /process_file HTTP/1.1" 200 -
127.0.0.1 - - [21/May/2024 01:02:08] "OPTIONS /process_file HTTP/1.1" 200 -
{'input': '/home/yhlu/MICA/testfile/filelist.f'}
['/home/yhlu/MICA/testfile/test.sv', '/home/yhlu/MICA/testfile/test2.sv']
{'/home/yhlu/MICA/testfile/test.sv': SyntaxData(source_code=b'module foo (\n    input  a,\n    b,\n    output z\n);\nendmodule : foo\n', tree=[kDescriptionList], tokens=None, rawtokens=None, errors=None), '/home/yhlu/MICA/testfile/test2.sv': SyntaxData(source_code=b"module edge_propagator_ack (\n    input  logic clk_tx_i,\n    input  logic rstn_tx_i,\n    input  logic edge_i,\n    output logic ack_tx_o,\n    input  logic clk_rx_i,\n    input  logic rstn_rx_i,\n    output logic edge_o\n);\n\n  logic [1:0] sync_a;\n  logic       sync_b;\n\n  logic       r_input_reg;\n  logic       s_input_reg_next;\n\n  assign ack_tx_o = sync_a[0];\n\n  assign s_input_reg_next = edge_i | (r_input_reg & ~sync_a[0]);\n\n  always @(negedge rstn_tx_i or posedge clk_tx_i) begin\n    if (~rstn_tx_i) begin\n      r_input_reg <= 1'b0;\n      sync_a      <= 2'b00;\n    end else begin\n      r_input_reg <= s_input_reg_next;\n      sync_a      <= {sync_b, sync_a[1]};\n    end\n  end\n\n  pulp_sync_wedge u_sync_clkb (\n      .clk_i   (clk_rx_i),\n      .rstn_i  (rstn_rx_i),\n      .en_i    (1'b1),\n      .serial_i(r_input_reg),\n      .r_edge_o(edge_o),\n      .f_edge_o(),\n      .serial_o(sync_b)\n  );\n\nendmodule\n", tree=[kDescriptionList], tokens=None, rawtokens=None, errors=None)}
name:        : ['foo']
ports:       : ['a', 'b', 'z']
direct:      : ['input', 'input', 'output']
parameters:  : []
name:        : ['edge_propagator_ack']
ports:       : ['clk_tx_i', 'rstn_tx_i', 'edge_i', 'ack_tx_o', 'clk_rx_i', 'rstn_rx_i', 'edge_o']
direct:      : ['input', 'input', 'input', 'output', 'input', 'input', 'output']
parameters:  : []
{'header_text': 'module foo (\n    input  a,\n    b,\n    output z\n);', 'name': 'foo', 'ports': ['a', 'b', 'z'], 'direct': ['input', 'input', 'output'], 'parameters': [], 'imports': []}
{'header_text': 'module edge_propagator_ack (\n    input  logic clk_tx_i,\n    input  logic rstn_tx_i,\n    input  logic edge_i,\n    output logic ack_tx_o,\n    input  logic clk_rx_i,\n    input  logic rstn_rx_i,\n    output logic edge_o\n);', 'name': 'edge_propagator_ack', 'ports': ['clk_tx_i', 'rstn_tx_i', 'edge_i', 'ack_tx_o', 'clk_rx_i', 'rstn_rx_i', 'edge_o'], 'direct': ['input', 'input', 'input', 'output', 'input', 'input', 'output'], 'parameters': [], 'imports': []}
[{'name': 'foo', 'param': [], 'input': ['a', 'b'], 'output': ['z']}, {'name': 'edge_propagator_ack', 'param': [], 'input': ['clk_tx_i', 'rstn_tx_i', 'edge_i', 'clk_rx_i', 'rstn_rx_i'], 'output': ['ack_tx_o', 'edge_o']}]
[{'type': 'foo', 'name': 'foo', 'color': 'rgb(192,0,255)'}, {'type': 'edge_propagator_ack', 'name': 'edge_propagator_ack', 'color': 'rgb(192,0,255)'}]
127.0.0.1 - - [21/May/2024 01:02:09] "POST /process_file HTTP/1.1" 200 -
127.0.0.1 - - [21/May/2024 01:03:01] "OPTIONS /process_file HTTP/1.1" 200 -
{'input': '/home/yhlu/MICA/testfile/filelist.f'}
['/home/yhlu/MICA/testfile/test.sv', '/home/yhlu/MICA/testfile/test2.sv']
{'/home/yhlu/MICA/testfile/test.sv': SyntaxData(source_code=b'module foo (\n    input  a,\n    b,\n    output z\n);\nendmodule : foo\n', tree=[kDescriptionList], tokens=None, rawtokens=None, errors=None), '/home/yhlu/MICA/testfile/test2.sv': SyntaxData(source_code=b"module edge_propagator_ack (\n    input  logic clk_tx_i,\n    input  logic rstn_tx_i,\n    input  logic edge_i,\n    output logic ack_tx_o,\n    input  logic clk_rx_i,\n    input  logic rstn_rx_i,\n    output logic edge_o\n);\n\n  logic [1:0] sync_a;\n  logic       sync_b;\n\n  logic       r_input_reg;\n  logic       s_input_reg_next;\n\n  assign ack_tx_o = sync_a[0];\n\n  assign s_input_reg_next = edge_i | (r_input_reg & ~sync_a[0]);\n\n  always @(negedge rstn_tx_i or posedge clk_tx_i) begin\n    if (~rstn_tx_i) begin\n      r_input_reg <= 1'b0;\n      sync_a      <= 2'b00;\n    end else begin\n      r_input_reg <= s_input_reg_next;\n      sync_a      <= {sync_b, sync_a[1]};\n    end\n  end\n\n  pulp_sync_wedge u_sync_clkb (\n      .clk_i   (clk_rx_i),\n      .rstn_i  (rstn_rx_i),\n      .en_i    (1'b1),\n      .serial_i(r_input_reg),\n      .r_edge_o(edge_o),\n      .f_edge_o(),\n      .serial_o(sync_b)\n  );\n\nendmodule\n", tree=[kDescriptionList], tokens=None, rawtokens=None, errors=None)}
name:        : ['foo']
ports:       : ['a', 'b', 'z']
direct:      : ['input', 'input', 'output']
parameters:  : []
name:        : ['edge_propagator_ack']
ports:       : ['clk_tx_i', 'rstn_tx_i', 'edge_i', 'ack_tx_o', 'clk_rx_i', 'rstn_rx_i', 'edge_o']
direct:      : ['input', 'input', 'input', 'output', 'input', 'input', 'output']
parameters:  : []
{'header_text': 'module foo (\n    input  a,\n    b,\n    output z\n);', 'name': 'foo', 'ports': ['a', 'b', 'z'], 'direct': ['input', 'input', 'output'], 'parameters': [], 'imports': []}
{'header_text': 'module edge_propagator_ack (\n    input  logic clk_tx_i,\n    input  logic rstn_tx_i,\n    input  logic edge_i,\n    output logic ack_tx_o,\n    input  logic clk_rx_i,\n    input  logic rstn_rx_i,\n    output logic edge_o\n);', 'name': 'edge_propagator_ack', 'ports': ['clk_tx_i', 'rstn_tx_i', 'edge_i', 'ack_tx_o', 'clk_rx_i', 'rstn_rx_i', 'edge_o'], 'direct': ['input', 'input', 'input', 'output', 'input', 'input', 'output'], 'parameters': [], 'imports': []}
[{'name': 'foo', 'param': [], 'input': ['a', 'b'], 'output': ['z']}, {'name': 'edge_propagator_ack', 'param': [], 'input': ['clk_tx_i', 'rstn_tx_i', 'edge_i', 'clk_rx_i', 'rstn_rx_i'], 'output': ['ack_tx_o', 'edge_o']}]
[{'type': 'foo', 'name': 'foo', 'color': 'rgb(192,0,255)'}, {'type': 'edge_propagator_ack', 'name': 'edge_propagator_ack', 'color': 'rgb(192,0,255)'}]
127.0.0.1 - - [21/May/2024 01:03:01] "POST /process_file HTTP/1.1" 200 -
127.0.0.1 - - [21/May/2024 01:10:59] "OPTIONS /process_file HTTP/1.1" 200 -
{'input': '/home/yhlu/MICA/testfile/filelist.f'}
['/home/yhlu/MICA/testfile/test.sv', '/home/yhlu/MICA/testfile/test2.sv']
{'/home/yhlu/MICA/testfile/test.sv': SyntaxData(source_code=b'module foo (\n    input  a,\n    b,\n    output z\n);\nendmodule : foo\n', tree=[kDescriptionList], tokens=None, rawtokens=None, errors=None), '/home/yhlu/MICA/testfile/test2.sv': SyntaxData(source_code=b"module edge_propagator_ack (\n    input  logic clk_tx_i,\n    input  logic rstn_tx_i,\n    input  logic edge_i,\n    output logic ack_tx_o,\n    input  logic clk_rx_i,\n    input  logic rstn_rx_i,\n    output logic edge_o\n);\n\n  logic [1:0] sync_a;\n  logic       sync_b;\n\n  logic       r_input_reg;\n  logic       s_input_reg_next;\n\n  assign ack_tx_o = sync_a[0];\n\n  assign s_input_reg_next = edge_i | (r_input_reg & ~sync_a[0]);\n\n  always @(negedge rstn_tx_i or posedge clk_tx_i) begin\n    if (~rstn_tx_i) begin\n      r_input_reg <= 1'b0;\n      sync_a      <= 2'b00;\n    end else begin\n      r_input_reg <= s_input_reg_next;\n      sync_a      <= {sync_b, sync_a[1]};\n    end\n  end\n\n  pulp_sync_wedge u_sync_clkb (\n      .clk_i   (clk_rx_i),\n      .rstn_i  (rstn_rx_i),\n      .en_i    (1'b1),\n      .serial_i(r_input_reg),\n      .r_edge_o(edge_o),\n      .f_edge_o(),\n      .serial_o(sync_b)\n  );\n\nendmodule\n", tree=[kDescriptionList], tokens=None, rawtokens=None, errors=None)}
name:        : ['foo']
ports:       : ['a', 'b', 'z']
direct:      : ['input', 'input', 'output']
parameters:  : []
name:        : ['edge_propagator_ack']
ports:       : ['clk_tx_i', 'rstn_tx_i', 'edge_i', 'ack_tx_o', 'clk_rx_i', 'rstn_rx_i', 'edge_o']
direct:      : ['input', 'input', 'input', 'output', 'input', 'input', 'output']
parameters:  : []
{'header_text': 'module foo (\n    input  a,\n    b,\n    output z\n);', 'name': 'foo', 'ports': ['a', 'b', 'z'], 'direct': ['input', 'input', 'output'], 'parameters': [], 'imports': []}
{'header_text': 'module edge_propagator_ack (\n    input  logic clk_tx_i,\n    input  logic rstn_tx_i,\n    input  logic edge_i,\n    output logic ack_tx_o,\n    input  logic clk_rx_i,\n    input  logic rstn_rx_i,\n    output logic edge_o\n);', 'name': 'edge_propagator_ack', 'ports': ['clk_tx_i', 'rstn_tx_i', 'edge_i', 'ack_tx_o', 'clk_rx_i', 'rstn_rx_i', 'edge_o'], 'direct': ['input', 'input', 'input', 'output', 'input', 'input', 'output'], 'parameters': [], 'imports': []}
[{'name': 'foo', 'param': [], 'input': ['a', 'b'], 'output': ['z']}, {'name': 'edge_propagator_ack', 'param': [], 'input': ['clk_tx_i', 'rstn_tx_i', 'edge_i', 'clk_rx_i', 'rstn_rx_i'], 'output': ['ack_tx_o', 'edge_o']}]
[{'type': 'foo', 'name': 'foo', 'color': 'rgb(192,0,255)'}, {'type': 'edge_propagator_ack', 'name': 'edge_propagator_ack', 'color': 'rgb(192,0,255)'}]
127.0.0.1 - - [21/May/2024 01:10:59] "POST /process_file HTTP/1.1" 200 -
[31m[1mWARNING: This is a development server. Do not use it in a production deployment. Use a production WSGI server instead.[0m
 * Running on http://127.0.0.1:5000
[33mPress CTRL+C to quit[0m
 * Restarting with stat
 * Debugger is active!
 * Debugger PIN: 121-444-138
127.0.0.1 - - [21/May/2024 06:31:55] "OPTIONS /process_file HTTP/1.1" 200 -
{'input': '/home/yhlu/MICA/testfile/filelist.f'}
['/home/yhlu/MICA/testfile/test.sv', '/home/yhlu/MICA/testfile/test2.sv']
{'/home/yhlu/MICA/testfile/test.sv': SyntaxData(source_code=b'module foo (\n    input  a,\n    b,\n    output z\n);\nendmodule : foo\n', tree=[kDescriptionList], tokens=None, rawtokens=None, errors=None), '/home/yhlu/MICA/testfile/test2.sv': SyntaxData(source_code=b"module edge_propagator_ack (\n    input  logic clk_tx_i,\n    input  logic rstn_tx_i,\n    input  logic edge_i,\n    output logic ack_tx_o,\n    input  logic clk_rx_i,\n    input  logic rstn_rx_i,\n    output logic edge_o\n);\n\n  logic [1:0] sync_a;\n  logic       sync_b;\n\n  logic       r_input_reg;\n  logic       s_input_reg_next;\n\n  assign ack_tx_o = sync_a[0];\n\n  assign s_input_reg_next = edge_i | (r_input_reg & ~sync_a[0]);\n\n  always @(negedge rstn_tx_i or posedge clk_tx_i) begin\n    if (~rstn_tx_i) begin\n      r_input_reg <= 1'b0;\n      sync_a      <= 2'b00;\n    end else begin\n      r_input_reg <= s_input_reg_next;\n      sync_a      <= {sync_b, sync_a[1]};\n    end\n  end\n\n  pulp_sync_wedge u_sync_clkb (\n      .clk_i   (clk_rx_i),\n      .rstn_i  (rstn_rx_i),\n      .en_i    (1'b1),\n      .serial_i(r_input_reg),\n      .r_edge_o(edge_o),\n      .f_edge_o(),\n      .serial_o(sync_b)\n  );\n\nendmodule\n", tree=[kDescriptionList], tokens=None, rawtokens=None, errors=None)}
name:        : ['foo']
ports:       : ['a', 'b', 'z']
direct:      : ['input', 'input', 'output']
parameters:  : []
name:        : ['edge_propagator_ack']
ports:       : ['clk_tx_i', 'rstn_tx_i', 'edge_i', 'ack_tx_o', 'clk_rx_i', 'rstn_rx_i', 'edge_o']
direct:      : ['input', 'input', 'input', 'output', 'input', 'input', 'output']
parameters:  : []
{'header_text': 'module foo (\n    input  a,\n    b,\n    output z\n);', 'name': 'foo', 'ports': ['a', 'b', 'z'], 'direct': ['input', 'input', 'output'], 'parameters': [], 'imports': []}
{'header_text': 'module edge_propagator_ack (\n    input  logic clk_tx_i,\n    input  logic rstn_tx_i,\n    input  logic edge_i,\n    output logic ack_tx_o,\n    input  logic clk_rx_i,\n    input  logic rstn_rx_i,\n    output logic edge_o\n);', 'name': 'edge_propagator_ack', 'ports': ['clk_tx_i', 'rstn_tx_i', 'edge_i', 'ack_tx_o', 'clk_rx_i', 'rstn_rx_i', 'edge_o'], 'direct': ['input', 'input', 'input', 'output', 'input', 'input', 'output'], 'parameters': [], 'imports': []}
[{'name': 'foo', 'param': [], 'input': ['a', 'b'], 'output': ['z']}, {'name': 'edge_propagator_ack', 'param': [], 'input': ['clk_tx_i', 'rstn_tx_i', 'edge_i', 'clk_rx_i', 'rstn_rx_i'], 'output': ['ack_tx_o', 'edge_o']}]
[{'type': 'foo', 'name': 'foo', 'color': 'rgb(192,0,255)'}, {'type': 'edge_propagator_ack', 'name': 'edge_propagator_ack', 'color': 'rgb(192,0,255)'}]
127.0.0.1 - - [21/May/2024 06:31:55] "POST /process_file HTTP/1.1" 200 -
127.0.0.1 - - [21/May/2024 06:48:19] "OPTIONS /process_file HTTP/1.1" 200 -
{'input': '/home/yhlu/MICA/testfile/filelist.f'}
['/home/yhlu/MICA/testfile/test.sv', '/home/yhlu/MICA/testfile/test2.sv']
{'/home/yhlu/MICA/testfile/test.sv': SyntaxData(source_code=b'module foo (\n    input  a,\n    b,\n    output z\n);\nendmodule : foo\n', tree=[kDescriptionList], tokens=None, rawtokens=None, errors=None), '/home/yhlu/MICA/testfile/test2.sv': SyntaxData(source_code=b"module edge_propagator_ack (\n    input  logic clk_tx_i,\n    input  logic rstn_tx_i,\n    input  logic edge_i,\n    output logic ack_tx_o,\n    input  logic clk_rx_i,\n    input  logic rstn_rx_i,\n    output logic edge_o\n);\n\n  logic [1:0] sync_a;\n  logic       sync_b;\n\n  logic       r_input_reg;\n  logic       s_input_reg_next;\n\n  assign ack_tx_o = sync_a[0];\n\n  assign s_input_reg_next = edge_i | (r_input_reg & ~sync_a[0]);\n\n  always @(negedge rstn_tx_i or posedge clk_tx_i) begin\n    if (~rstn_tx_i) begin\n      r_input_reg <= 1'b0;\n      sync_a      <= 2'b00;\n    end else begin\n      r_input_reg <= s_input_reg_next;\n      sync_a      <= {sync_b, sync_a[1]};\n    end\n  end\n\n  pulp_sync_wedge u_sync_clkb (\n      .clk_i   (clk_rx_i),\n      .rstn_i  (rstn_rx_i),\n      .en_i    (1'b1),\n      .serial_i(r_input_reg),\n      .r_edge_o(edge_o),\n      .f_edge_o(),\n      .serial_o(sync_b)\n  );\n\nendmodule\n", tree=[kDescriptionList], tokens=None, rawtokens=None, errors=None)}
name:        : ['foo']
ports:       : ['a', 'b', 'z']
direct:      : ['input', 'input', 'output']
parameters:  : []
name:        : ['edge_propagator_ack']
ports:       : ['clk_tx_i', 'rstn_tx_i', 'edge_i', 'ack_tx_o', 'clk_rx_i', 'rstn_rx_i', 'edge_o']
direct:      : ['input', 'input', 'input', 'output', 'input', 'input', 'output']
parameters:  : []
{'header_text': 'module foo (\n    input  a,\n    b,\n    output z\n);', 'name': 'foo', 'ports': ['a', 'b', 'z'], 'direct': ['input', 'input', 'output'], 'parameters': [], 'imports': []}
{'header_text': 'module edge_propagator_ack (\n    input  logic clk_tx_i,\n    input  logic rstn_tx_i,\n    input  logic edge_i,\n    output logic ack_tx_o,\n    input  logic clk_rx_i,\n    input  logic rstn_rx_i,\n    output logic edge_o\n);', 'name': 'edge_propagator_ack', 'ports': ['clk_tx_i', 'rstn_tx_i', 'edge_i', 'ack_tx_o', 'clk_rx_i', 'rstn_rx_i', 'edge_o'], 'direct': ['input', 'input', 'input', 'output', 'input', 'input', 'output'], 'parameters': [], 'imports': []}
[{'name': 'foo', 'param': [], 'input': ['a', 'b'], 'output': ['z']}, {'name': 'edge_propagator_ack', 'param': [], 'input': ['clk_tx_i', 'rstn_tx_i', 'edge_i', 'clk_rx_i', 'rstn_rx_i'], 'output': ['ack_tx_o', 'edge_o']}]
[{'type': 'foo', 'name': 'foo', 'color': 'rgb(192,0,255)'}, {'type': 'edge_propagator_ack', 'name': 'edge_propagator_ack', 'color': 'rgb(192,0,255)'}]
127.0.0.1 - - [21/May/2024 06:48:19] "POST /process_file HTTP/1.1" 200 -
127.0.0.1 - - [21/May/2024 06:51:43] "OPTIONS /process_file HTTP/1.1" 200 -
{'input': '/home/yhlu/MICA/testfile/filelist.f'}
['/home/yhlu/MICA/testfile/test.sv', '/home/yhlu/MICA/testfile/test2.sv']
{'/home/yhlu/MICA/testfile/test.sv': SyntaxData(source_code=b'module foo (\n    input  a,\n    b,\n    output z\n);\nendmodule : foo\n', tree=[kDescriptionList], tokens=None, rawtokens=None, errors=None), '/home/yhlu/MICA/testfile/test2.sv': SyntaxData(source_code=b"module edge_propagator_ack (\n    input  logic clk_tx_i,\n    input  logic rstn_tx_i,\n    input  logic edge_i,\n    output logic ack_tx_o,\n    input  logic clk_rx_i,\n    input  logic rstn_rx_i,\n    output logic edge_o\n);\n\n  logic [1:0] sync_a;\n  logic       sync_b;\n\n  logic       r_input_reg;\n  logic       s_input_reg_next;\n\n  assign ack_tx_o = sync_a[0];\n\n  assign s_input_reg_next = edge_i | (r_input_reg & ~sync_a[0]);\n\n  always @(negedge rstn_tx_i or posedge clk_tx_i) begin\n    if (~rstn_tx_i) begin\n      r_input_reg <= 1'b0;\n      sync_a      <= 2'b00;\n    end else begin\n      r_input_reg <= s_input_reg_next;\n      sync_a      <= {sync_b, sync_a[1]};\n    end\n  end\n\n  pulp_sync_wedge u_sync_clkb (\n      .clk_i   (clk_rx_i),\n      .rstn_i  (rstn_rx_i),\n      .en_i    (1'b1),\n      .serial_i(r_input_reg),\n      .r_edge_o(edge_o),\n      .f_edge_o(),\n      .serial_o(sync_b)\n  );\n\nendmodule\n", tree=[kDescriptionList], tokens=None, rawtokens=None, errors=None)}
name:        : ['foo']
ports:       : ['a', 'b', 'z']
direct:      : ['input', 'input', 'output']
parameters:  : []
name:        : ['edge_propagator_ack']
ports:       : ['clk_tx_i', 'rstn_tx_i', 'edge_i', 'ack_tx_o', 'clk_rx_i', 'rstn_rx_i', 'edge_o']
direct:      : ['input', 'input', 'input', 'output', 'input', 'input', 'output']
parameters:  : []
{'header_text': 'module foo (\n    input  a,\n    b,\n    output z\n);', 'name': 'foo', 'ports': ['a', 'b', 'z'], 'direct': ['input', 'input', 'output'], 'parameters': [], 'imports': []}
{'header_text': 'module edge_propagator_ack (\n    input  logic clk_tx_i,\n    input  logic rstn_tx_i,\n    input  logic edge_i,\n    output logic ack_tx_o,\n    input  logic clk_rx_i,\n    input  logic rstn_rx_i,\n    output logic edge_o\n);', 'name': 'edge_propagator_ack', 'ports': ['clk_tx_i', 'rstn_tx_i', 'edge_i', 'ack_tx_o', 'clk_rx_i', 'rstn_rx_i', 'edge_o'], 'direct': ['input', 'input', 'input', 'output', 'input', 'input', 'output'], 'parameters': [], 'imports': []}
[{'name': 'foo', 'param': [], 'input': ['a', 'b'], 'output': ['z']}, {'name': 'edge_propagator_ack', 'param': [], 'input': ['clk_tx_i', 'rstn_tx_i', 'edge_i', 'clk_rx_i', 'rstn_rx_i'], 'output': ['ack_tx_o', 'edge_o']}]
[{'type': 'foo', 'name': 'foo', 'color': 'rgb(192,0,255)'}, {'type': 'edge_propagator_ack', 'name': 'edge_propagator_ack', 'color': 'rgb(192,0,255)'}]
127.0.0.1 - - [21/May/2024 06:51:43] "POST /process_file HTTP/1.1" 200 -
127.0.0.1 - - [21/May/2024 07:43:30] "OPTIONS /process_file HTTP/1.1" 200 -
{'input': '/home/yhlu/MICA/testfile/filelist.f'}
['/home/yhlu/MICA/testfile/test.sv', '/home/yhlu/MICA/testfile/test2.sv']
{'/home/yhlu/MICA/testfile/test.sv': SyntaxData(source_code=b'module foo (\n    input  a,\n    b,\n    output z\n);\nendmodule : foo\n', tree=[kDescriptionList], tokens=None, rawtokens=None, errors=None), '/home/yhlu/MICA/testfile/test2.sv': SyntaxData(source_code=b"module edge_propagator_ack (\n    input  logic clk_tx_i,\n    input  logic rstn_tx_i,\n    input  logic edge_i,\n    output logic ack_tx_o,\n    input  logic clk_rx_i,\n    input  logic rstn_rx_i,\n    output logic edge_o\n);\n\n  logic [1:0] sync_a;\n  logic       sync_b;\n\n  logic       r_input_reg;\n  logic       s_input_reg_next;\n\n  assign ack_tx_o = sync_a[0];\n\n  assign s_input_reg_next = edge_i | (r_input_reg & ~sync_a[0]);\n\n  always @(negedge rstn_tx_i or posedge clk_tx_i) begin\n    if (~rstn_tx_i) begin\n      r_input_reg <= 1'b0;\n      sync_a      <= 2'b00;\n    end else begin\n      r_input_reg <= s_input_reg_next;\n      sync_a      <= {sync_b, sync_a[1]};\n    end\n  end\n\n  pulp_sync_wedge u_sync_clkb (\n      .clk_i   (clk_rx_i),\n      .rstn_i  (rstn_rx_i),\n      .en_i    (1'b1),\n      .serial_i(r_input_reg),\n      .r_edge_o(edge_o),\n      .f_edge_o(),\n      .serial_o(sync_b)\n  );\n\nendmodule\n", tree=[kDescriptionList], tokens=None, rawtokens=None, errors=None)}
name:        : ['foo']
ports:       : ['a', 'b', 'z']
direct:      : ['input', 'input', 'output']
parameters:  : []
name:        : ['edge_propagator_ack']
ports:       : ['clk_tx_i', 'rstn_tx_i', 'edge_i', 'ack_tx_o', 'clk_rx_i', 'rstn_rx_i', 'edge_o']
direct:      : ['input', 'input', 'input', 'output', 'input', 'input', 'output']
parameters:  : []
{'header_text': 'module foo (\n    input  a,\n    b,\n    output z\n);', 'name': 'foo', 'ports': ['a', 'b', 'z'], 'direct': ['input', 'input', 'output'], 'parameters': [], 'imports': []}
{'header_text': 'module edge_propagator_ack (\n    input  logic clk_tx_i,\n    input  logic rstn_tx_i,\n    input  logic edge_i,\n    output logic ack_tx_o,\n    input  logic clk_rx_i,\n    input  logic rstn_rx_i,\n    output logic edge_o\n);', 'name': 'edge_propagator_ack', 'ports': ['clk_tx_i', 'rstn_tx_i', 'edge_i', 'ack_tx_o', 'clk_rx_i', 'rstn_rx_i', 'edge_o'], 'direct': ['input', 'input', 'input', 'output', 'input', 'input', 'output'], 'parameters': [], 'imports': []}
[{'name': 'foo', 'param': [], 'input': ['a', 'b'], 'output': ['z']}, {'name': 'edge_propagator_ack', 'param': [], 'input': ['clk_tx_i', 'rstn_tx_i', 'edge_i', 'clk_rx_i', 'rstn_rx_i'], 'output': ['ack_tx_o', 'edge_o']}]
[{'type': 'foo', 'name': 'foo', 'color': 'rgb(192,0,255)'}, {'type': 'edge_propagator_ack', 'name': 'edge_propagator_ack', 'color': 'rgb(192,0,255)'}]
127.0.0.1 - - [21/May/2024 07:43:30] "POST /process_file HTTP/1.1" 200 -
127.0.0.1 - - [21/May/2024 18:23:10] "OPTIONS /process_file HTTP/1.1" 200 -
{'input': '/home/yhlu/MICA/testfile/filelist.f'}
['/home/yhlu/MICA/testfile/test.sv', '/home/yhlu/MICA/testfile/test2.sv']
{'/home/yhlu/MICA/testfile/test.sv': SyntaxData(source_code=b'module foo (\n    input  a,\n    b,\n    output z\n);\nendmodule : foo\n', tree=[kDescriptionList], tokens=None, rawtokens=None, errors=None), '/home/yhlu/MICA/testfile/test2.sv': SyntaxData(source_code=b"module edge_propagator_ack (\n    input  logic clk_tx_i,\n    input  logic rstn_tx_i,\n    input  logic edge_i,\n    output logic ack_tx_o,\n    input  logic clk_rx_i,\n    input  logic rstn_rx_i,\n    output logic edge_o\n);\n\n  logic [1:0] sync_a;\n  logic       sync_b;\n\n  logic       r_input_reg;\n  logic       s_input_reg_next;\n\n  assign ack_tx_o = sync_a[0];\n\n  assign s_input_reg_next = edge_i | (r_input_reg & ~sync_a[0]);\n\n  always @(negedge rstn_tx_i or posedge clk_tx_i) begin\n    if (~rstn_tx_i) begin\n      r_input_reg <= 1'b0;\n      sync_a      <= 2'b00;\n    end else begin\n      r_input_reg <= s_input_reg_next;\n      sync_a      <= {sync_b, sync_a[1]};\n    end\n  end\n\n  pulp_sync_wedge u_sync_clkb (\n      .clk_i   (clk_rx_i),\n      .rstn_i  (rstn_rx_i),\n      .en_i    (1'b1),\n      .serial_i(r_input_reg),\n      .r_edge_o(edge_o),\n      .f_edge_o(),\n      .serial_o(sync_b)\n  );\n\nendmodule\n", tree=[kDescriptionList], tokens=None, rawtokens=None, errors=None)}
name:        : ['foo']
ports:       : ['a', 'b', 'z']
direct:      : ['input', 'input', 'output']
parameters:  : []
name:        : ['edge_propagator_ack']
ports:       : ['clk_tx_i', 'rstn_tx_i', 'edge_i', 'ack_tx_o', 'clk_rx_i', 'rstn_rx_i', 'edge_o']
direct:      : ['input', 'input', 'input', 'output', 'input', 'input', 'output']
parameters:  : []
{'header_text': 'module foo (\n    input  a,\n    b,\n    output z\n);', 'name': 'foo', 'ports': ['a', 'b', 'z'], 'direct': ['input', 'input', 'output'], 'parameters': [], 'imports': []}
{'header_text': 'module edge_propagator_ack (\n    input  logic clk_tx_i,\n    input  logic rstn_tx_i,\n    input  logic edge_i,\n    output logic ack_tx_o,\n    input  logic clk_rx_i,\n    input  logic rstn_rx_i,\n    output logic edge_o\n);', 'name': 'edge_propagator_ack', 'ports': ['clk_tx_i', 'rstn_tx_i', 'edge_i', 'ack_tx_o', 'clk_rx_i', 'rstn_rx_i', 'edge_o'], 'direct': ['input', 'input', 'input', 'output', 'input', 'input', 'output'], 'parameters': [], 'imports': []}
[{'name': 'foo', 'param': [], 'input': ['a', 'b'], 'output': ['z']}, {'name': 'edge_propagator_ack', 'param': [], 'input': ['clk_tx_i', 'rstn_tx_i', 'edge_i', 'clk_rx_i', 'rstn_rx_i'], 'output': ['ack_tx_o', 'edge_o']}]
[{'type': 'foo', 'name': 'foo', 'color': 'rgb(192,0,255)'}, {'type': 'edge_propagator_ack', 'name': 'edge_propagator_ack', 'color': 'rgb(192,0,255)'}]
127.0.0.1 - - [21/May/2024 18:23:10] "POST /process_file HTTP/1.1" 200 -
[31m[1mWARNING: This is a development server. Do not use it in a production deployment. Use a production WSGI server instead.[0m
 * Running on http://127.0.0.1:5000
[33mPress CTRL+C to quit[0m
127.0.0.1 - - [22/May/2024 20:20:30] "OPTIONS /process_file HTTP/1.1" 200 -
{'input': '/home/yhlu/MICA/testfile/filelist.f'}
['/home/yhlu/MICA/testfile/test.sv', '/home/yhlu/MICA/testfile/test2.sv']
{'/home/yhlu/MICA/testfile/test.sv': SyntaxData(source_code=b'module foo (\n    input  a,\n    b,\n    output z\n);\nendmodule : foo\n', tree=[kDescriptionList], tokens=None, rawtokens=None, errors=None), '/home/yhlu/MICA/testfile/test2.sv': SyntaxData(source_code=b"module edge_propagator_ack (\n    input  logic clk_tx_i,\n    input  logic rstn_tx_i,\n    input  logic edge_i,\n    output logic ack_tx_o,\n    input  logic clk_rx_i,\n    input  logic rstn_rx_i,\n    output logic edge_o\n);\n\n  logic [1:0] sync_a;\n  logic       sync_b;\n\n  logic       r_input_reg;\n  logic       s_input_reg_next;\n\n  assign ack_tx_o = sync_a[0];\n\n  assign s_input_reg_next = edge_i | (r_input_reg & ~sync_a[0]);\n\n  always @(negedge rstn_tx_i or posedge clk_tx_i) begin\n    if (~rstn_tx_i) begin\n      r_input_reg <= 1'b0;\n      sync_a      <= 2'b00;\n    end else begin\n      r_input_reg <= s_input_reg_next;\n      sync_a      <= {sync_b, sync_a[1]};\n    end\n  end\n\n  pulp_sync_wedge u_sync_clkb (\n      .clk_i   (clk_rx_i),\n      .rstn_i  (rstn_rx_i),\n      .en_i    (1'b1),\n      .serial_i(r_input_reg),\n      .r_edge_o(edge_o),\n      .f_edge_o(),\n      .serial_o(sync_b)\n  );\n\nendmodule\n", tree=[kDescriptionList], tokens=None, rawtokens=None, errors=None)}
name:        : ['foo']
ports:       : ['a', 'b', 'z']
direct:      : ['input', 'input', 'output']
parameters:  : []
name:        : ['edge_propagator_ack']
ports:       : ['clk_tx_i', 'rstn_tx_i', 'edge_i', 'ack_tx_o', 'clk_rx_i', 'rstn_rx_i', 'edge_o']
direct:      : ['input', 'input', 'input', 'output', 'input', 'input', 'output']
parameters:  : []
{'header_text': 'module foo (\n    input  a,\n    b,\n    output z\n);', 'name': 'foo', 'ports': ['a', 'b', 'z'], 'direct': ['input', 'input', 'output'], 'parameters': [], 'imports': []}
{'header_text': 'module edge_propagator_ack (\n    input  logic clk_tx_i,\n    input  logic rstn_tx_i,\n    input  logic edge_i,\n    output logic ack_tx_o,\n    input  logic clk_rx_i,\n    input  logic rstn_rx_i,\n    output logic edge_o\n);', 'name': 'edge_propagator_ack', 'ports': ['clk_tx_i', 'rstn_tx_i', 'edge_i', 'ack_tx_o', 'clk_rx_i', 'rstn_rx_i', 'edge_o'], 'direct': ['input', 'input', 'input', 'output', 'input', 'input', 'output'], 'parameters': [], 'imports': []}
[{'name': 'foo', 'param': [], 'input': ['a', 'b'], 'output': ['z']}, {'name': 'edge_propagator_ack', 'param': [], 'input': ['clk_tx_i', 'rstn_tx_i', 'edge_i', 'clk_rx_i', 'rstn_rx_i'], 'output': ['ack_tx_o', 'edge_o']}]
[{'type': 'foo', 'name': 'foo', 'color': 'rgb(192,0,255)'}, {'type': 'edge_propagator_ack', 'name': 'edge_propagator_ack', 'color': 'rgb(192,0,255)'}]
127.0.0.1 - - [22/May/2024 20:20:30] "POST /process_file HTTP/1.1" 200 -
[31m[1mWARNING: This is a development server. Do not use it in a production deployment. Use a production WSGI server instead.[0m
 * Running on http://127.0.0.1:5000
[33mPress CTRL+C to quit[0m
127.0.0.1 - - [25/May/2024 14:58:05] "OPTIONS /process_file HTTP/1.1" 200 -
{'input': '/home/yhlu/MICA/testfile/filelist.f'}
['/home/yhlu/MICA/testfile/test.sv', '/home/yhlu/MICA/testfile/test2.sv']
{'/home/yhlu/MICA/testfile/test.sv': SyntaxData(source_code=b'module foo (\n    input  a,\n    b,\n    output z\n);\nendmodule : foo\n', tree=[kDescriptionList], tokens=None, rawtokens=None, errors=None), '/home/yhlu/MICA/testfile/test2.sv': SyntaxData(source_code=b"module edge_propagator_ack (\n    input  logic clk_tx_i,\n    input  logic rstn_tx_i,\n    input  logic edge_i,\n    output logic ack_tx_o,\n    input  logic clk_rx_i,\n    input  logic rstn_rx_i,\n    output logic edge_o\n);\n\n  logic [1:0] sync_a;\n  logic       sync_b;\n\n  logic       r_input_reg;\n  logic       s_input_reg_next;\n\n  assign ack_tx_o = sync_a[0];\n\n  assign s_input_reg_next = edge_i | (r_input_reg & ~sync_a[0]);\n\n  always @(negedge rstn_tx_i or posedge clk_tx_i) begin\n    if (~rstn_tx_i) begin\n      r_input_reg <= 1'b0;\n      sync_a      <= 2'b00;\n    end else begin\n      r_input_reg <= s_input_reg_next;\n      sync_a      <= {sync_b, sync_a[1]};\n    end\n  end\n\n  pulp_sync_wedge u_sync_clkb (\n      .clk_i   (clk_rx_i),\n      .rstn_i  (rstn_rx_i),\n      .en_i    (1'b1),\n      .serial_i(r_input_reg),\n      .r_edge_o(edge_o),\n      .f_edge_o(),\n      .serial_o(sync_b)\n  );\n\nendmodule\n", tree=[kDescriptionList], tokens=None, rawtokens=None, errors=None)}
name:        : ['foo']
ports:       : ['a', 'b', 'z']
direct:      : ['input', 'input', 'output']
parameters:  : []
name:        : ['edge_propagator_ack']
ports:       : ['clk_tx_i', 'rstn_tx_i', 'edge_i', 'ack_tx_o', 'clk_rx_i', 'rstn_rx_i', 'edge_o']
direct:      : ['input', 'input', 'input', 'output', 'input', 'input', 'output']
parameters:  : []
{'header_text': 'module foo (\n    input  a,\n    b,\n    output z\n);', 'name': 'foo', 'ports': ['a', 'b', 'z'], 'direct': ['input', 'input', 'output'], 'parameters': [], 'imports': []}
{'header_text': 'module edge_propagator_ack (\n    input  logic clk_tx_i,\n    input  logic rstn_tx_i,\n    input  logic edge_i,\n    output logic ack_tx_o,\n    input  logic clk_rx_i,\n    input  logic rstn_rx_i,\n    output logic edge_o\n);', 'name': 'edge_propagator_ack', 'ports': ['clk_tx_i', 'rstn_tx_i', 'edge_i', 'ack_tx_o', 'clk_rx_i', 'rstn_rx_i', 'edge_o'], 'direct': ['input', 'input', 'input', 'output', 'input', 'input', 'output'], 'parameters': [], 'imports': []}
[{'name': 'foo', 'param': [], 'input': ['a', 'b'], 'output': ['z']}, {'name': 'edge_propagator_ack', 'param': [], 'input': ['clk_tx_i', 'rstn_tx_i', 'edge_i', 'clk_rx_i', 'rstn_rx_i'], 'output': ['ack_tx_o', 'edge_o']}]
[{'type': 'foo', 'name': 'foo', 'color': 'rgb(192,0,255)'}, {'type': 'edge_propagator_ack', 'name': 'edge_propagator_ack', 'color': 'rgb(192,0,255)'}]
127.0.0.1 - - [25/May/2024 14:58:05] "POST /process_file HTTP/1.1" 200 -
127.0.0.1 - - [25/May/2024 15:04:18] "OPTIONS /process_file HTTP/1.1" 200 -
{'input': '/home/yhlu/MICA/testfile/filelist.f'}
['/home/yhlu/MICA/testfile/test.sv', '/home/yhlu/MICA/testfile/test2.sv']
{'/home/yhlu/MICA/testfile/test.sv': SyntaxData(source_code=b'module foo (\n    input  a,\n    b,\n    output z\n);\nendmodule : foo\n', tree=[kDescriptionList], tokens=None, rawtokens=None, errors=None), '/home/yhlu/MICA/testfile/test2.sv': SyntaxData(source_code=b"module edge_propagator_ack (\n    input  logic clk_tx_i,\n    input  logic rstn_tx_i,\n    input  logic edge_i,\n    output logic ack_tx_o,\n    input  logic clk_rx_i,\n    input  logic rstn_rx_i,\n    output logic edge_o\n);\n\n  logic [1:0] sync_a;\n  logic       sync_b;\n\n  logic       r_input_reg;\n  logic       s_input_reg_next;\n\n  assign ack_tx_o = sync_a[0];\n\n  assign s_input_reg_next = edge_i | (r_input_reg & ~sync_a[0]);\n\n  always @(negedge rstn_tx_i or posedge clk_tx_i) begin\n    if (~rstn_tx_i) begin\n      r_input_reg <= 1'b0;\n      sync_a      <= 2'b00;\n    end else begin\n      r_input_reg <= s_input_reg_next;\n      sync_a      <= {sync_b, sync_a[1]};\n    end\n  end\n\n  pulp_sync_wedge u_sync_clkb (\n      .clk_i   (clk_rx_i),\n      .rstn_i  (rstn_rx_i),\n      .en_i    (1'b1),\n      .serial_i(r_input_reg),\n      .r_edge_o(edge_o),\n      .f_edge_o(),\n      .serial_o(sync_b)\n  );\n\nendmodule\n", tree=[kDescriptionList], tokens=None, rawtokens=None, errors=None)}
name:        : ['foo']
ports:       : ['a', 'b', 'z']
direct:      : ['input', 'input', 'output']
parameters:  : []
name:        : ['edge_propagator_ack']
ports:       : ['clk_tx_i', 'rstn_tx_i', 'edge_i', 'ack_tx_o', 'clk_rx_i', 'rstn_rx_i', 'edge_o']
direct:      : ['input', 'input', 'input', 'output', 'input', 'input', 'output']
parameters:  : []
{'header_text': 'module foo (\n    input  a,\n    b,\n    output z\n);', 'name': 'foo', 'ports': ['a', 'b', 'z'], 'direct': ['input', 'input', 'output'], 'parameters': [], 'imports': []}
{'header_text': 'module edge_propagator_ack (\n    input  logic clk_tx_i,\n    input  logic rstn_tx_i,\n    input  logic edge_i,\n    output logic ack_tx_o,\n    input  logic clk_rx_i,\n    input  logic rstn_rx_i,\n    output logic edge_o\n);', 'name': 'edge_propagator_ack', 'ports': ['clk_tx_i', 'rstn_tx_i', 'edge_i', 'ack_tx_o', 'clk_rx_i', 'rstn_rx_i', 'edge_o'], 'direct': ['input', 'input', 'input', 'output', 'input', 'input', 'output'], 'parameters': [], 'imports': []}
[{'name': 'foo', 'param': [], 'input': ['a', 'b'], 'output': ['z']}, {'name': 'edge_propagator_ack', 'param': [], 'input': ['clk_tx_i', 'rstn_tx_i', 'edge_i', 'clk_rx_i', 'rstn_rx_i'], 'output': ['ack_tx_o', 'edge_o']}]
[{'type': 'foo', 'name': 'foo', 'color': 'rgb(192,0,255)'}, {'type': 'edge_propagator_ack', 'name': 'edge_propagator_ack', 'color': 'rgb(192,0,255)'}]
127.0.0.1 - - [25/May/2024 15:04:18] "POST /process_file HTTP/1.1" 200 -
127.0.0.1 - - [25/May/2024 15:09:47] "OPTIONS /process_file HTTP/1.1" 200 -
{'input': '/home/yhlu/MICA/testfile/filelist.f'}
['/home/yhlu/MICA/testfile/test.sv', '/home/yhlu/MICA/testfile/test2.sv']
{'/home/yhlu/MICA/testfile/test.sv': SyntaxData(source_code=b'module foo (\n    input  a,\n    b,\n    output z\n);\nendmodule : foo\n', tree=[kDescriptionList], tokens=None, rawtokens=None, errors=None), '/home/yhlu/MICA/testfile/test2.sv': SyntaxData(source_code=b"module edge_propagator_ack (\n    input  logic clk_tx_i,\n    input  logic rstn_tx_i,\n    input  logic edge_i,\n    output logic ack_tx_o,\n    input  logic clk_rx_i,\n    input  logic rstn_rx_i,\n    output logic edge_o\n);\n\n  logic [1:0] sync_a;\n  logic       sync_b;\n\n  logic       r_input_reg;\n  logic       s_input_reg_next;\n\n  assign ack_tx_o = sync_a[0];\n\n  assign s_input_reg_next = edge_i | (r_input_reg & ~sync_a[0]);\n\n  always @(negedge rstn_tx_i or posedge clk_tx_i) begin\n    if (~rstn_tx_i) begin\n      r_input_reg <= 1'b0;\n      sync_a      <= 2'b00;\n    end else begin\n      r_input_reg <= s_input_reg_next;\n      sync_a      <= {sync_b, sync_a[1]};\n    end\n  end\n\n  pulp_sync_wedge u_sync_clkb (\n      .clk_i   (clk_rx_i),\n      .rstn_i  (rstn_rx_i),\n      .en_i    (1'b1),\n      .serial_i(r_input_reg),\n      .r_edge_o(edge_o),\n      .f_edge_o(),\n      .serial_o(sync_b)\n  );\n\nendmodule\n", tree=[kDescriptionList], tokens=None, rawtokens=None, errors=None)}
name:        : ['foo']
ports:       : ['a', 'b', 'z']
direct:      : ['input', 'input', 'output']
parameters:  : []
name:        : ['edge_propagator_ack']
ports:       : ['clk_tx_i', 'rstn_tx_i', 'edge_i', 'ack_tx_o', 'clk_rx_i', 'rstn_rx_i', 'edge_o']
direct:      : ['input', 'input', 'input', 'output', 'input', 'input', 'output']
parameters:  : []
{'header_text': 'module foo (\n    input  a,\n    b,\n    output z\n);', 'name': 'foo', 'ports': ['a', 'b', 'z'], 'direct': ['input', 'input', 'output'], 'parameters': [], 'imports': []}
{'header_text': 'module edge_propagator_ack (\n    input  logic clk_tx_i,\n    input  logic rstn_tx_i,\n    input  logic edge_i,\n    output logic ack_tx_o,\n    input  logic clk_rx_i,\n    input  logic rstn_rx_i,\n    output logic edge_o\n);', 'name': 'edge_propagator_ack', 'ports': ['clk_tx_i', 'rstn_tx_i', 'edge_i', 'ack_tx_o', 'clk_rx_i', 'rstn_rx_i', 'edge_o'], 'direct': ['input', 'input', 'input', 'output', 'input', 'input', 'output'], 'parameters': [], 'imports': []}
[{'name': 'foo', 'param': [], 'input': ['a', 'b'], 'output': ['z']}, {'name': 'edge_propagator_ack', 'param': [], 'input': ['clk_tx_i', 'rstn_tx_i', 'edge_i', 'clk_rx_i', 'rstn_rx_i'], 'output': ['ack_tx_o', 'edge_o']}]
[{'type': 'foo', 'name': 'foo', 'color': 'rgb(192,0,255)'}, {'type': 'edge_propagator_ack', 'name': 'edge_propagator_ack', 'color': 'rgb(192,0,255)'}]
127.0.0.1 - - [25/May/2024 15:09:47] "POST /process_file HTTP/1.1" 200 -
[31m[1mWARNING: This is a development server. Do not use it in a production deployment. Use a production WSGI server instead.[0m
 * Running on http://127.0.0.1:5000
[33mPress CTRL+C to quit[0m
127.0.0.1 - - [25/May/2024 15:50:04] "OPTIONS /process_file HTTP/1.1" 200 -
{'input': '/home/yhlu/MICA/testfile/filelist.f'}
['/home/yhlu/MICA/testfile/test.sv', '/home/yhlu/MICA/testfile/test2.sv']
{'/home/yhlu/MICA/testfile/test.sv': SyntaxData(source_code=b'module foo (\n    input  a,\n    b,\n    output z\n);\nendmodule : foo\n', tree=[kDescriptionList], tokens=None, rawtokens=None, errors=None), '/home/yhlu/MICA/testfile/test2.sv': SyntaxData(source_code=b"module edge_propagator_ack (\n    input  logic clk_tx_i,\n    input  logic rstn_tx_i,\n    input  logic edge_i,\n    output logic ack_tx_o,\n    input  logic clk_rx_i,\n    input  logic rstn_rx_i,\n    output logic edge_o\n);\n\n  logic [1:0] sync_a;\n  logic       sync_b;\n\n  logic       r_input_reg;\n  logic       s_input_reg_next;\n\n  assign ack_tx_o = sync_a[0];\n\n  assign s_input_reg_next = edge_i | (r_input_reg & ~sync_a[0]);\n\n  always @(negedge rstn_tx_i or posedge clk_tx_i) begin\n    if (~rstn_tx_i) begin\n      r_input_reg <= 1'b0;\n      sync_a      <= 2'b00;\n    end else begin\n      r_input_reg <= s_input_reg_next;\n      sync_a      <= {sync_b, sync_a[1]};\n    end\n  end\n\n  pulp_sync_wedge u_sync_clkb (\n      .clk_i   (clk_rx_i),\n      .rstn_i  (rstn_rx_i),\n      .en_i    (1'b1),\n      .serial_i(r_input_reg),\n      .r_edge_o(edge_o),\n      .f_edge_o(),\n      .serial_o(sync_b)\n  );\n\nendmodule\n", tree=[kDescriptionList], tokens=None, rawtokens=None, errors=None)}
name:        : ['foo']
ports:       : ['a', 'b', 'z']
direct:      : ['input', 'input', 'output']
parameters:  : []
name:        : ['edge_propagator_ack']
ports:       : ['clk_tx_i', 'rstn_tx_i', 'edge_i', 'ack_tx_o', 'clk_rx_i', 'rstn_rx_i', 'edge_o']
direct:      : ['input', 'input', 'input', 'output', 'input', 'input', 'output']
parameters:  : []
{'header_text': 'module foo (\n    input  a,\n    b,\n    output z\n);', 'name': 'foo', 'ports': ['a', 'b', 'z'], 'direct': ['input', 'input', 'output'], 'parameters': [], 'imports': []}
{'header_text': 'module edge_propagator_ack (\n    input  logic clk_tx_i,\n    input  logic rstn_tx_i,\n    input  logic edge_i,\n    output logic ack_tx_o,\n    input  logic clk_rx_i,\n    input  logic rstn_rx_i,\n    output logic edge_o\n);', 'name': 'edge_propagator_ack', 'ports': ['clk_tx_i', 'rstn_tx_i', 'edge_i', 'ack_tx_o', 'clk_rx_i', 'rstn_rx_i', 'edge_o'], 'direct': ['input', 'input', 'input', 'output', 'input', 'input', 'output'], 'parameters': [], 'imports': []}
[{'name': 'foo', 'param': [], 'input': ['a', 'b'], 'output': ['z']}, {'name': 'edge_propagator_ack', 'param': [], 'input': ['clk_tx_i', 'rstn_tx_i', 'edge_i', 'clk_rx_i', 'rstn_rx_i'], 'output': ['ack_tx_o', 'edge_o']}]
[{'type': 'foo', 'name': 'foo', 'color': 'rgb(192,0,255)'}, {'type': 'edge_propagator_ack', 'name': 'edge_propagator_ack', 'color': 'rgb(192,0,255)'}]
127.0.0.1 - - [25/May/2024 15:50:05] "POST /process_file HTTP/1.1" 200 -
127.0.0.1 - - [25/May/2024 15:52:22] "OPTIONS /process_file HTTP/1.1" 200 -
{'input': '/home/yhlu/MICA/testfile/filelist.f'}
['/home/yhlu/MICA/testfile/test.sv', '/home/yhlu/MICA/testfile/test2.sv']
{'/home/yhlu/MICA/testfile/test.sv': SyntaxData(source_code=b'module foo (\n    input  a,\n    b,\n    output z\n);\nendmodule : foo\n', tree=[kDescriptionList], tokens=None, rawtokens=None, errors=None), '/home/yhlu/MICA/testfile/test2.sv': SyntaxData(source_code=b"module edge_propagator_ack (\n    input  logic clk_tx_i,\n    input  logic rstn_tx_i,\n    input  logic edge_i,\n    output logic ack_tx_o,\n    input  logic clk_rx_i,\n    input  logic rstn_rx_i,\n    output logic edge_o\n);\n\n  logic [1:0] sync_a;\n  logic       sync_b;\n\n  logic       r_input_reg;\n  logic       s_input_reg_next;\n\n  assign ack_tx_o = sync_a[0];\n\n  assign s_input_reg_next = edge_i | (r_input_reg & ~sync_a[0]);\n\n  always @(negedge rstn_tx_i or posedge clk_tx_i) begin\n    if (~rstn_tx_i) begin\n      r_input_reg <= 1'b0;\n      sync_a      <= 2'b00;\n    end else begin\n      r_input_reg <= s_input_reg_next;\n      sync_a      <= {sync_b, sync_a[1]};\n    end\n  end\n\n  pulp_sync_wedge u_sync_clkb (\n      .clk_i   (clk_rx_i),\n      .rstn_i  (rstn_rx_i),\n      .en_i    (1'b1),\n      .serial_i(r_input_reg),\n      .r_edge_o(edge_o),\n      .f_edge_o(),\n      .serial_o(sync_b)\n  );\n\nendmodule\n", tree=[kDescriptionList], tokens=None, rawtokens=None, errors=None)}
name:        : ['foo']
ports:       : ['a', 'b', 'z']
direct:      : ['input', 'input', 'output']
parameters:  : []
name:        : ['edge_propagator_ack']
ports:       : ['clk_tx_i', 'rstn_tx_i', 'edge_i', 'ack_tx_o', 'clk_rx_i', 'rstn_rx_i', 'edge_o']
direct:      : ['input', 'input', 'input', 'output', 'input', 'input', 'output']
parameters:  : []
{'header_text': 'module foo (\n    input  a,\n    b,\n    output z\n);', 'name': 'foo', 'ports': ['a', 'b', 'z'], 'direct': ['input', 'input', 'output'], 'parameters': [], 'imports': []}
{'header_text': 'module edge_propagator_ack (\n    input  logic clk_tx_i,\n    input  logic rstn_tx_i,\n    input  logic edge_i,\n    output logic ack_tx_o,\n    input  logic clk_rx_i,\n    input  logic rstn_rx_i,\n    output logic edge_o\n);', 'name': 'edge_propagator_ack', 'ports': ['clk_tx_i', 'rstn_tx_i', 'edge_i', 'ack_tx_o', 'clk_rx_i', 'rstn_rx_i', 'edge_o'], 'direct': ['input', 'input', 'input', 'output', 'input', 'input', 'output'], 'parameters': [], 'imports': []}
[{'name': 'foo', 'param': [], 'input': ['a', 'b'], 'output': ['z']}, {'name': 'edge_propagator_ack', 'param': [], 'input': ['clk_tx_i', 'rstn_tx_i', 'edge_i', 'clk_rx_i', 'rstn_rx_i'], 'output': ['ack_tx_o', 'edge_o']}]
[{'type': 'foo', 'name': 'foo', 'color': 'rgb(192,0,255)'}, {'type': 'edge_propagator_ack', 'name': 'edge_propagator_ack', 'color': 'rgb(192,0,255)'}]
127.0.0.1 - - [25/May/2024 15:52:23] "POST /process_file HTTP/1.1" 200 -
{'input': '/home/yhlu/MICA/testfile/filelist.f'}
['/home/yhlu/MICA/testfile/test.sv', '/home/yhlu/MICA/testfile/test2.sv']
{'/home/yhlu/MICA/testfile/test.sv': SyntaxData(source_code=b'module foo (\n    input  a,\n    b,\n    output z\n);\nendmodule : foo\n', tree=[kDescriptionList], tokens=None, rawtokens=None, errors=None), '/home/yhlu/MICA/testfile/test2.sv': SyntaxData(source_code=b"module edge_propagator_ack (\n    input  logic clk_tx_i,\n    input  logic rstn_tx_i,\n    input  logic edge_i,\n    output logic ack_tx_o,\n    input  logic clk_rx_i,\n    input  logic rstn_rx_i,\n    output logic edge_o\n);\n\n  logic [1:0] sync_a;\n  logic       sync_b;\n\n  logic       r_input_reg;\n  logic       s_input_reg_next;\n\n  assign ack_tx_o = sync_a[0];\n\n  assign s_input_reg_next = edge_i | (r_input_reg & ~sync_a[0]);\n\n  always @(negedge rstn_tx_i or posedge clk_tx_i) begin\n    if (~rstn_tx_i) begin\n      r_input_reg <= 1'b0;\n      sync_a      <= 2'b00;\n    end else begin\n      r_input_reg <= s_input_reg_next;\n      sync_a      <= {sync_b, sync_a[1]};\n    end\n  end\n\n  pulp_sync_wedge u_sync_clkb (\n      .clk_i   (clk_rx_i),\n      .rstn_i  (rstn_rx_i),\n      .en_i    (1'b1),\n      .serial_i(r_input_reg),\n      .r_edge_o(edge_o),\n      .f_edge_o(),\n      .serial_o(sync_b)\n  );\n\nendmodule\n", tree=[kDescriptionList], tokens=None, rawtokens=None, errors=None)}
name:        : ['foo']
ports:       : ['a', 'b', 'z']
direct:      : ['input', 'input', 'output']
parameters:  : []
name:        : ['edge_propagator_ack']
ports:       : ['clk_tx_i', 'rstn_tx_i', 'edge_i', 'ack_tx_o', 'clk_rx_i', 'rstn_rx_i', 'edge_o']
direct:      : ['input', 'input', 'input', 'output', 'input', 'input', 'output']
parameters:  : []
{'header_text': 'module foo (\n    input  a,\n    b,\n    output z\n);', 'name': 'foo', 'ports': ['a', 'b', 'z'], 'direct': ['input', 'input', 'output'], 'parameters': [], 'imports': []}
{'header_text': 'module edge_propagator_ack (\n    input  logic clk_tx_i,\n    input  logic rstn_tx_i,\n    input  logic edge_i,\n    output logic ack_tx_o,\n    input  logic clk_rx_i,\n    input  logic rstn_rx_i,\n    output logic edge_o\n);', 'name': 'edge_propagator_ack', 'ports': ['clk_tx_i', 'rstn_tx_i', 'edge_i', 'ack_tx_o', 'clk_rx_i', 'rstn_rx_i', 'edge_o'], 'direct': ['input', 'input', 'input', 'output', 'input', 'input', 'output'], 'parameters': [], 'imports': []}
[{'name': 'foo', 'param': [], 'input': ['a', 'b'], 'output': ['z']}, {'name': 'edge_propagator_ack', 'param': [], 'input': ['clk_tx_i', 'rstn_tx_i', 'edge_i', 'clk_rx_i', 'rstn_rx_i'], 'output': ['ack_tx_o', 'edge_o']}]
[{'type': 'foo', 'name': 'foo', 'color': 'rgb(192,0,255)'}, {'type': 'edge_propagator_ack', 'name': 'edge_propagator_ack', 'color': 'rgb(192,0,255)'}]
127.0.0.1 - - [25/May/2024 15:52:23] "POST /process_file HTTP/1.1" 200 -
{'input': '/home/yhlu/MICA/testfile/filelist.f'}
['/home/yhlu/MICA/testfile/test.sv', '/home/yhlu/MICA/testfile/test2.sv']
{'/home/yhlu/MICA/testfile/test.sv': SyntaxData(source_code=b'module foo (\n    input  a,\n    b,\n    output z\n);\nendmodule : foo\n', tree=[kDescriptionList], tokens=None, rawtokens=None, errors=None), '/home/yhlu/MICA/testfile/test2.sv': SyntaxData(source_code=b"module edge_propagator_ack (\n    input  logic clk_tx_i,\n    input  logic rstn_tx_i,\n    input  logic edge_i,\n    output logic ack_tx_o,\n    input  logic clk_rx_i,\n    input  logic rstn_rx_i,\n    output logic edge_o\n);\n\n  logic [1:0] sync_a;\n  logic       sync_b;\n\n  logic       r_input_reg;\n  logic       s_input_reg_next;\n\n  assign ack_tx_o = sync_a[0];\n\n  assign s_input_reg_next = edge_i | (r_input_reg & ~sync_a[0]);\n\n  always @(negedge rstn_tx_i or posedge clk_tx_i) begin\n    if (~rstn_tx_i) begin\n      r_input_reg <= 1'b0;\n      sync_a      <= 2'b00;\n    end else begin\n      r_input_reg <= s_input_reg_next;\n      sync_a      <= {sync_b, sync_a[1]};\n    end\n  end\n\n  pulp_sync_wedge u_sync_clkb (\n      .clk_i   (clk_rx_i),\n      .rstn_i  (rstn_rx_i),\n      .en_i    (1'b1),\n      .serial_i(r_input_reg),\n      .r_edge_o(edge_o),\n      .f_edge_o(),\n      .serial_o(sync_b)\n  );\n\nendmodule\n", tree=[kDescriptionList], tokens=None, rawtokens=None, errors=None)}
name:        : ['foo']
ports:       : ['a', 'b', 'z']
direct:      : ['input', 'input', 'output']
parameters:  : []
name:        : ['edge_propagator_ack']
ports:       : ['clk_tx_i', 'rstn_tx_i', 'edge_i', 'ack_tx_o', 'clk_rx_i', 'rstn_rx_i', 'edge_o']
direct:      : ['input', 'input', 'input', 'output', 'input', 'input', 'output']
parameters:  : []
{'header_text': 'module foo (\n    input  a,\n    b,\n    output z\n);', 'name': 'foo', 'ports': ['a', 'b', 'z'], 'direct': ['input', 'input', 'output'], 'parameters': [], 'imports': []}
{'header_text': 'module edge_propagator_ack (\n    input  logic clk_tx_i,\n    input  logic rstn_tx_i,\n    input  logic edge_i,\n    output logic ack_tx_o,\n    input  logic clk_rx_i,\n    input  logic rstn_rx_i,\n    output logic edge_o\n);', 'name': 'edge_propagator_ack', 'ports': ['clk_tx_i', 'rstn_tx_i', 'edge_i', 'ack_tx_o', 'clk_rx_i', 'rstn_rx_i', 'edge_o'], 'direct': ['input', 'input', 'input', 'output', 'input', 'input', 'output'], 'parameters': [], 'imports': []}
[{'name': 'foo', 'param': [], 'input': ['a', 'b'], 'output': ['z']}, {'name': 'edge_propagator_ack', 'param': [], 'input': ['clk_tx_i', 'rstn_tx_i', 'edge_i', 'clk_rx_i', 'rstn_rx_i'], 'output': ['ack_tx_o', 'edge_o']}]
[{'type': 'foo', 'name': 'foo', 'color': 'rgb(192,0,255)'}, {'type': 'edge_propagator_ack', 'name': 'edge_propagator_ack', 'color': 'rgb(192,0,255)'}]
127.0.0.1 - - [25/May/2024 15:52:28] "POST /process_file HTTP/1.1" 200 -
127.0.0.1 - - [25/May/2024 15:52:29] "OPTIONS /process_file HTTP/1.1" 200 -
{'input': '/home/yhlu/MICA/testfile/filelist.f'}
['/home/yhlu/MICA/testfile/test.sv', '/home/yhlu/MICA/testfile/test2.sv']
{'/home/yhlu/MICA/testfile/test.sv': SyntaxData(source_code=b'module foo (\n    input  a,\n    b,\n    output z\n);\nendmodule : foo\n', tree=[kDescriptionList], tokens=None, rawtokens=None, errors=None), '/home/yhlu/MICA/testfile/test2.sv': SyntaxData(source_code=b"module edge_propagator_ack (\n    input  logic clk_tx_i,\n    input  logic rstn_tx_i,\n    input  logic edge_i,\n    output logic ack_tx_o,\n    input  logic clk_rx_i,\n    input  logic rstn_rx_i,\n    output logic edge_o\n);\n\n  logic [1:0] sync_a;\n  logic       sync_b;\n\n  logic       r_input_reg;\n  logic       s_input_reg_next;\n\n  assign ack_tx_o = sync_a[0];\n\n  assign s_input_reg_next = edge_i | (r_input_reg & ~sync_a[0]);\n\n  always @(negedge rstn_tx_i or posedge clk_tx_i) begin\n    if (~rstn_tx_i) begin\n      r_input_reg <= 1'b0;\n      sync_a      <= 2'b00;\n    end else begin\n      r_input_reg <= s_input_reg_next;\n      sync_a      <= {sync_b, sync_a[1]};\n    end\n  end\n\n  pulp_sync_wedge u_sync_clkb (\n      .clk_i   (clk_rx_i),\n      .rstn_i  (rstn_rx_i),\n      .en_i    (1'b1),\n      .serial_i(r_input_reg),\n      .r_edge_o(edge_o),\n      .f_edge_o(),\n      .serial_o(sync_b)\n  );\n\nendmodule\n", tree=[kDescriptionList], tokens=None, rawtokens=None, errors=None)}
name:        : ['foo']
ports:       : ['a', 'b', 'z']
direct:      : ['input', 'input', 'output']
parameters:  : []
name:        : ['edge_propagator_ack']
ports:       : ['clk_tx_i', 'rstn_tx_i', 'edge_i', 'ack_tx_o', 'clk_rx_i', 'rstn_rx_i', 'edge_o']
direct:      : ['input', 'input', 'input', 'output', 'input', 'input', 'output']
parameters:  : []
{'header_text': 'module foo (\n    input  a,\n    b,\n    output z\n);', 'name': 'foo', 'ports': ['a', 'b', 'z'], 'direct': ['input', 'input', 'output'], 'parameters': [], 'imports': []}
{'header_text': 'module edge_propagator_ack (\n    input  logic clk_tx_i,\n    input  logic rstn_tx_i,\n    input  logic edge_i,\n    output logic ack_tx_o,\n    input  logic clk_rx_i,\n    input  logic rstn_rx_i,\n    output logic edge_o\n);', 'name': 'edge_propagator_ack', 'ports': ['clk_tx_i', 'rstn_tx_i', 'edge_i', 'ack_tx_o', 'clk_rx_i', 'rstn_rx_i', 'edge_o'], 'direct': ['input', 'input', 'input', 'output', 'input', 'input', 'output'], 'parameters': [], 'imports': []}
[{'name': 'foo', 'param': [], 'input': ['a', 'b'], 'output': ['z']}, {'name': 'edge_propagator_ack', 'param': [], 'input': ['clk_tx_i', 'rstn_tx_i', 'edge_i', 'clk_rx_i', 'rstn_rx_i'], 'output': ['ack_tx_o', 'edge_o']}]
[{'type': 'foo', 'name': 'foo', 'color': 'rgb(192,0,255)'}, {'type': 'edge_propagator_ack', 'name': 'edge_propagator_ack', 'color': 'rgb(192,0,255)'}]
127.0.0.1 - - [25/May/2024 15:52:29] "POST /process_file HTTP/1.1" 200 -
{'input': '/home/yhlu/MICA/testfile/filelist.f'}
['/home/yhlu/MICA/testfile/test.sv', '/home/yhlu/MICA/testfile/test2.sv']
{'/home/yhlu/MICA/testfile/test.sv': SyntaxData(source_code=b'module foo (\n    input  a,\n    b,\n    output z\n);\nendmodule : foo\n', tree=[kDescriptionList], tokens=None, rawtokens=None, errors=None), '/home/yhlu/MICA/testfile/test2.sv': SyntaxData(source_code=b"module edge_propagator_ack (\n    input  logic clk_tx_i,\n    input  logic rstn_tx_i,\n    input  logic edge_i,\n    output logic ack_tx_o,\n    input  logic clk_rx_i,\n    input  logic rstn_rx_i,\n    output logic edge_o\n);\n\n  logic [1:0] sync_a;\n  logic       sync_b;\n\n  logic       r_input_reg;\n  logic       s_input_reg_next;\n\n  assign ack_tx_o = sync_a[0];\n\n  assign s_input_reg_next = edge_i | (r_input_reg & ~sync_a[0]);\n\n  always @(negedge rstn_tx_i or posedge clk_tx_i) begin\n    if (~rstn_tx_i) begin\n      r_input_reg <= 1'b0;\n      sync_a      <= 2'b00;\n    end else begin\n      r_input_reg <= s_input_reg_next;\n      sync_a      <= {sync_b, sync_a[1]};\n    end\n  end\n\n  pulp_sync_wedge u_sync_clkb (\n      .clk_i   (clk_rx_i),\n      .rstn_i  (rstn_rx_i),\n      .en_i    (1'b1),\n      .serial_i(r_input_reg),\n      .r_edge_o(edge_o),\n      .f_edge_o(),\n      .serial_o(sync_b)\n  );\n\nendmodule\n", tree=[kDescriptionList], tokens=None, rawtokens=None, errors=None)}
name:        : ['foo']
ports:       : ['a', 'b', 'z']
direct:      : ['input', 'input', 'output']
parameters:  : []
name:        : ['edge_propagator_ack']
ports:       : ['clk_tx_i', 'rstn_tx_i', 'edge_i', 'ack_tx_o', 'clk_rx_i', 'rstn_rx_i', 'edge_o']
direct:      : ['input', 'input', 'input', 'output', 'input', 'input', 'output']
parameters:  : []
{'header_text': 'module foo (\n    input  a,\n    b,\n    output z\n);', 'name': 'foo', 'ports': ['a', 'b', 'z'], 'direct': ['input', 'input', 'output'], 'parameters': [], 'imports': []}
{'header_text': 'module edge_propagator_ack (\n    input  logic clk_tx_i,\n    input  logic rstn_tx_i,\n    input  logic edge_i,\n    output logic ack_tx_o,\n    input  logic clk_rx_i,\n    input  logic rstn_rx_i,\n    output logic edge_o\n);', 'name': 'edge_propagator_ack', 'ports': ['clk_tx_i', 'rstn_tx_i', 'edge_i', 'ack_tx_o', 'clk_rx_i', 'rstn_rx_i', 'edge_o'], 'direct': ['input', 'input', 'input', 'output', 'input', 'input', 'output'], 'parameters': [], 'imports': []}
[{'name': 'foo', 'param': [], 'input': ['a', 'b'], 'output': ['z']}, {'name': 'edge_propagator_ack', 'param': [], 'input': ['clk_tx_i', 'rstn_tx_i', 'edge_i', 'clk_rx_i', 'rstn_rx_i'], 'output': ['ack_tx_o', 'edge_o']}]
[{'type': 'foo', 'name': 'foo', 'color': 'rgb(192,0,255)'}, {'type': 'edge_propagator_ack', 'name': 'edge_propagator_ack', 'color': 'rgb(192,0,255)'}]
127.0.0.1 - - [25/May/2024 15:52:29] "POST /process_file HTTP/1.1" 200 -
127.0.0.1 - - [25/May/2024 16:04:38] "OPTIONS /process_file HTTP/1.1" 200 -
{'input': '/home/yhlu/MICA/testfile/filelist.f'}
['/home/yhlu/MICA/testfile/test.sv', '/home/yhlu/MICA/testfile/test2.sv']
{'/home/yhlu/MICA/testfile/test.sv': SyntaxData(source_code=b'module foo (\n    input  a,\n    b,\n    output z\n);\nendmodule : foo\n', tree=[kDescriptionList], tokens=None, rawtokens=None, errors=None), '/home/yhlu/MICA/testfile/test2.sv': SyntaxData(source_code=b"module edge_propagator_ack (\n    input  logic clk_tx_i,\n    input  logic rstn_tx_i,\n    input  logic edge_i,\n    output logic ack_tx_o,\n    input  logic clk_rx_i,\n    input  logic rstn_rx_i,\n    output logic edge_o\n);\n\n  logic [1:0] sync_a;\n  logic       sync_b;\n\n  logic       r_input_reg;\n  logic       s_input_reg_next;\n\n  assign ack_tx_o = sync_a[0];\n\n  assign s_input_reg_next = edge_i | (r_input_reg & ~sync_a[0]);\n\n  always @(negedge rstn_tx_i or posedge clk_tx_i) begin\n    if (~rstn_tx_i) begin\n      r_input_reg <= 1'b0;\n      sync_a      <= 2'b00;\n    end else begin\n      r_input_reg <= s_input_reg_next;\n      sync_a      <= {sync_b, sync_a[1]};\n    end\n  end\n\n  pulp_sync_wedge u_sync_clkb (\n      .clk_i   (clk_rx_i),\n      .rstn_i  (rstn_rx_i),\n      .en_i    (1'b1),\n      .serial_i(r_input_reg),\n      .r_edge_o(edge_o),\n      .f_edge_o(),\n      .serial_o(sync_b)\n  );\n\nendmodule\n", tree=[kDescriptionList], tokens=None, rawtokens=None, errors=None)}
name:        : ['foo']
ports:       : ['a', 'b', 'z']
direct:      : ['input', 'input', 'output']
parameters:  : []
name:        : ['edge_propagator_ack']
ports:       : ['clk_tx_i', 'rstn_tx_i', 'edge_i', 'ack_tx_o', 'clk_rx_i', 'rstn_rx_i', 'edge_o']
direct:      : ['input', 'input', 'input', 'output', 'input', 'input', 'output']
parameters:  : []
{'header_text': 'module foo (\n    input  a,\n    b,\n    output z\n);', 'name': 'foo', 'ports': ['a', 'b', 'z'], 'direct': ['input', 'input', 'output'], 'parameters': [], 'imports': []}
{'header_text': 'module edge_propagator_ack (\n    input  logic clk_tx_i,\n    input  logic rstn_tx_i,\n    input  logic edge_i,\n    output logic ack_tx_o,\n    input  logic clk_rx_i,\n    input  logic rstn_rx_i,\n    output logic edge_o\n);', 'name': 'edge_propagator_ack', 'ports': ['clk_tx_i', 'rstn_tx_i', 'edge_i', 'ack_tx_o', 'clk_rx_i', 'rstn_rx_i', 'edge_o'], 'direct': ['input', 'input', 'input', 'output', 'input', 'input', 'output'], 'parameters': [], 'imports': []}
[{'name': 'foo', 'param': [], 'input': ['a', 'b'], 'output': ['z']}, {'name': 'edge_propagator_ack', 'param': [], 'input': ['clk_tx_i', 'rstn_tx_i', 'edge_i', 'clk_rx_i', 'rstn_rx_i'], 'output': ['ack_tx_o', 'edge_o']}]
[{'type': 'foo', 'name': 'foo', 'color': 'rgb(192,0,255)'}, {'type': 'edge_propagator_ack', 'name': 'edge_propagator_ack', 'color': 'rgb(192,0,255)'}]
127.0.0.1 - - [25/May/2024 16:04:38] "POST /process_file HTTP/1.1" 200 -
127.0.0.1 - - [25/May/2024 16:04:45] "OPTIONS /process_file HTTP/1.1" 200 -
{'input': '/home/yhlu/MICA/testfile/filelist.f'}
['/home/yhlu/MICA/testfile/test.sv', '/home/yhlu/MICA/testfile/test2.sv']
{'/home/yhlu/MICA/testfile/test.sv': SyntaxData(source_code=b'module foo (\n    input  a,\n    b,\n    output z\n);\nendmodule : foo\n', tree=[kDescriptionList], tokens=None, rawtokens=None, errors=None), '/home/yhlu/MICA/testfile/test2.sv': SyntaxData(source_code=b"module edge_propagator_ack (\n    input  logic clk_tx_i,\n    input  logic rstn_tx_i,\n    input  logic edge_i,\n    output logic ack_tx_o,\n    input  logic clk_rx_i,\n    input  logic rstn_rx_i,\n    output logic edge_o\n);\n\n  logic [1:0] sync_a;\n  logic       sync_b;\n\n  logic       r_input_reg;\n  logic       s_input_reg_next;\n\n  assign ack_tx_o = sync_a[0];\n\n  assign s_input_reg_next = edge_i | (r_input_reg & ~sync_a[0]);\n\n  always @(negedge rstn_tx_i or posedge clk_tx_i) begin\n    if (~rstn_tx_i) begin\n      r_input_reg <= 1'b0;\n      sync_a      <= 2'b00;\n    end else begin\n      r_input_reg <= s_input_reg_next;\n      sync_a      <= {sync_b, sync_a[1]};\n    end\n  end\n\n  pulp_sync_wedge u_sync_clkb (\n      .clk_i   (clk_rx_i),\n      .rstn_i  (rstn_rx_i),\n      .en_i    (1'b1),\n      .serial_i(r_input_reg),\n      .r_edge_o(edge_o),\n      .f_edge_o(),\n      .serial_o(sync_b)\n  );\n\nendmodule\n", tree=[kDescriptionList], tokens=None, rawtokens=None, errors=None)}
name:        : ['foo']
ports:       : ['a', 'b', 'z']
direct:      : ['input', 'input', 'output']
parameters:  : []
name:        : ['edge_propagator_ack']
ports:       : ['clk_tx_i', 'rstn_tx_i', 'edge_i', 'ack_tx_o', 'clk_rx_i', 'rstn_rx_i', 'edge_o']
direct:      : ['input', 'input', 'input', 'output', 'input', 'input', 'output']
parameters:  : []
{'header_text': 'module foo (\n    input  a,\n    b,\n    output z\n);', 'name': 'foo', 'ports': ['a', 'b', 'z'], 'direct': ['input', 'input', 'output'], 'parameters': [], 'imports': []}
{'header_text': 'module edge_propagator_ack (\n    input  logic clk_tx_i,\n    input  logic rstn_tx_i,\n    input  logic edge_i,\n    output logic ack_tx_o,\n    input  logic clk_rx_i,\n    input  logic rstn_rx_i,\n    output logic edge_o\n);', 'name': 'edge_propagator_ack', 'ports': ['clk_tx_i', 'rstn_tx_i', 'edge_i', 'ack_tx_o', 'clk_rx_i', 'rstn_rx_i', 'edge_o'], 'direct': ['input', 'input', 'input', 'output', 'input', 'input', 'output'], 'parameters': [], 'imports': []}
[{'name': 'foo', 'param': [], 'input': ['a', 'b'], 'output': ['z']}, {'name': 'edge_propagator_ack', 'param': [], 'input': ['clk_tx_i', 'rstn_tx_i', 'edge_i', 'clk_rx_i', 'rstn_rx_i'], 'output': ['ack_tx_o', 'edge_o']}]
[{'type': 'foo', 'name': 'foo', 'color': 'rgb(192,0,255)'}, {'type': 'edge_propagator_ack', 'name': 'edge_propagator_ack', 'color': 'rgb(192,0,255)'}]
127.0.0.1 - - [25/May/2024 16:04:46] "POST /process_file HTTP/1.1" 200 -
{'input': '/home/yhlu/MICA/testfile/filelist.f'}
['/home/yhlu/MICA/testfile/test.sv', '/home/yhlu/MICA/testfile/test2.sv']
{'/home/yhlu/MICA/testfile/test.sv': SyntaxData(source_code=b'module foo (\n    input  a,\n    b,\n    output z\n);\nendmodule : foo\n', tree=[kDescriptionList], tokens=None, rawtokens=None, errors=None), '/home/yhlu/MICA/testfile/test2.sv': SyntaxData(source_code=b"module edge_propagator_ack (\n    input  logic clk_tx_i,\n    input  logic rstn_tx_i,\n    input  logic edge_i,\n    output logic ack_tx_o,\n    input  logic clk_rx_i,\n    input  logic rstn_rx_i,\n    output logic edge_o\n);\n\n  logic [1:0] sync_a;\n  logic       sync_b;\n\n  logic       r_input_reg;\n  logic       s_input_reg_next;\n\n  assign ack_tx_o = sync_a[0];\n\n  assign s_input_reg_next = edge_i | (r_input_reg & ~sync_a[0]);\n\n  always @(negedge rstn_tx_i or posedge clk_tx_i) begin\n    if (~rstn_tx_i) begin\n      r_input_reg <= 1'b0;\n      sync_a      <= 2'b00;\n    end else begin\n      r_input_reg <= s_input_reg_next;\n      sync_a      <= {sync_b, sync_a[1]};\n    end\n  end\n\n  pulp_sync_wedge u_sync_clkb (\n      .clk_i   (clk_rx_i),\n      .rstn_i  (rstn_rx_i),\n      .en_i    (1'b1),\n      .serial_i(r_input_reg),\n      .r_edge_o(edge_o),\n      .f_edge_o(),\n      .serial_o(sync_b)\n  );\n\nendmodule\n", tree=[kDescriptionList], tokens=None, rawtokens=None, errors=None)}
name:        : ['foo']
ports:       : ['a', 'b', 'z']
direct:      : ['input', 'input', 'output']
parameters:  : []
name:        : ['edge_propagator_ack']
ports:       : ['clk_tx_i', 'rstn_tx_i', 'edge_i', 'ack_tx_o', 'clk_rx_i', 'rstn_rx_i', 'edge_o']
direct:      : ['input', 'input', 'input', 'output', 'input', 'input', 'output']
parameters:  : []
{'header_text': 'module foo (\n    input  a,\n    b,\n    output z\n);', 'name': 'foo', 'ports': ['a', 'b', 'z'], 'direct': ['input', 'input', 'output'], 'parameters': [], 'imports': []}
{'header_text': 'module edge_propagator_ack (\n    input  logic clk_tx_i,\n    input  logic rstn_tx_i,\n    input  logic edge_i,\n    output logic ack_tx_o,\n    input  logic clk_rx_i,\n    input  logic rstn_rx_i,\n    output logic edge_o\n);', 'name': 'edge_propagator_ack', 'ports': ['clk_tx_i', 'rstn_tx_i', 'edge_i', 'ack_tx_o', 'clk_rx_i', 'rstn_rx_i', 'edge_o'], 'direct': ['input', 'input', 'input', 'output', 'input', 'input', 'output'], 'parameters': [], 'imports': []}
[{'name': 'foo', 'param': [], 'input': ['a', 'b'], 'output': ['z']}, {'name': 'edge_propagator_ack', 'param': [], 'input': ['clk_tx_i', 'rstn_tx_i', 'edge_i', 'clk_rx_i', 'rstn_rx_i'], 'output': ['ack_tx_o', 'edge_o']}]
[{'type': 'foo', 'name': 'foo', 'color': 'rgb(192,0,255)'}, {'type': 'edge_propagator_ack', 'name': 'edge_propagator_ack', 'color': 'rgb(192,0,255)'}]
127.0.0.1 - - [25/May/2024 16:04:47] "POST /process_file HTTP/1.1" 200 -
{'input': '/home/yhlu/MICA/testfile/filelist.f'}
['/home/yhlu/MICA/testfile/test.sv', '/home/yhlu/MICA/testfile/test2.sv']
{'/home/yhlu/MICA/testfile/test.sv': SyntaxData(source_code=b'module foo (\n    input  a,\n    b,\n    output z\n);\nendmodule : foo\n', tree=[kDescriptionList], tokens=None, rawtokens=None, errors=None), '/home/yhlu/MICA/testfile/test2.sv': SyntaxData(source_code=b"module edge_propagator_ack (\n    input  logic clk_tx_i,\n    input  logic rstn_tx_i,\n    input  logic edge_i,\n    output logic ack_tx_o,\n    input  logic clk_rx_i,\n    input  logic rstn_rx_i,\n    output logic edge_o\n);\n\n  logic [1:0] sync_a;\n  logic       sync_b;\n\n  logic       r_input_reg;\n  logic       s_input_reg_next;\n\n  assign ack_tx_o = sync_a[0];\n\n  assign s_input_reg_next = edge_i | (r_input_reg & ~sync_a[0]);\n\n  always @(negedge rstn_tx_i or posedge clk_tx_i) begin\n    if (~rstn_tx_i) begin\n      r_input_reg <= 1'b0;\n      sync_a      <= 2'b00;\n    end else begin\n      r_input_reg <= s_input_reg_next;\n      sync_a      <= {sync_b, sync_a[1]};\n    end\n  end\n\n  pulp_sync_wedge u_sync_clkb (\n      .clk_i   (clk_rx_i),\n      .rstn_i  (rstn_rx_i),\n      .en_i    (1'b1),\n      .serial_i(r_input_reg),\n      .r_edge_o(edge_o),\n      .f_edge_o(),\n      .serial_o(sync_b)\n  );\n\nendmodule\n", tree=[kDescriptionList], tokens=None, rawtokens=None, errors=None)}
name:        : ['foo']
ports:       : ['a', 'b', 'z']
direct:      : ['input', 'input', 'output']
parameters:  : []
name:        : ['edge_propagator_ack']
ports:       : ['clk_tx_i', 'rstn_tx_i', 'edge_i', 'ack_tx_o', 'clk_rx_i', 'rstn_rx_i', 'edge_o']
direct:      : ['input', 'input', 'input', 'output', 'input', 'input', 'output']
parameters:  : []
{'header_text': 'module foo (\n    input  a,\n    b,\n    output z\n);', 'name': 'foo', 'ports': ['a', 'b', 'z'], 'direct': ['input', 'input', 'output'], 'parameters': [], 'imports': []}
{'header_text': 'module edge_propagator_ack (\n    input  logic clk_tx_i,\n    input  logic rstn_tx_i,\n    input  logic edge_i,\n    output logic ack_tx_o,\n    input  logic clk_rx_i,\n    input  logic rstn_rx_i,\n    output logic edge_o\n);', 'name': 'edge_propagator_ack', 'ports': ['clk_tx_i', 'rstn_tx_i', 'edge_i', 'ack_tx_o', 'clk_rx_i', 'rstn_rx_i', 'edge_o'], 'direct': ['input', 'input', 'input', 'output', 'input', 'input', 'output'], 'parameters': [], 'imports': []}
[{'name': 'foo', 'param': [], 'input': ['a', 'b'], 'output': ['z']}, {'name': 'edge_propagator_ack', 'param': [], 'input': ['clk_tx_i', 'rstn_tx_i', 'edge_i', 'clk_rx_i', 'rstn_rx_i'], 'output': ['ack_tx_o', 'edge_o']}]
[{'type': 'foo', 'name': 'foo', 'color': 'rgb(192,0,255)'}, {'type': 'edge_propagator_ack', 'name': 'edge_propagator_ack', 'color': 'rgb(192,0,255)'}]
127.0.0.1 - - [25/May/2024 16:04:48] "POST /process_file HTTP/1.1" 200 -
127.0.0.1 - - [25/May/2024 16:22:52] "OPTIONS /process_file HTTP/1.1" 200 -
{'input': '/home/yhlu/MICA/testfile/filelist.f'}
['/home/yhlu/MICA/testfile/test.sv', '/home/yhlu/MICA/testfile/test2.sv']
{'/home/yhlu/MICA/testfile/test.sv': SyntaxData(source_code=b'module foo (\n    input  a,\n    b,\n    output z\n);\nendmodule : foo\n', tree=[kDescriptionList], tokens=None, rawtokens=None, errors=None), '/home/yhlu/MICA/testfile/test2.sv': SyntaxData(source_code=b"module edge_propagator_ack (\n    input  logic clk_tx_i,\n    input  logic rstn_tx_i,\n    input  logic edge_i,\n    output logic ack_tx_o,\n    input  logic clk_rx_i,\n    input  logic rstn_rx_i,\n    output logic edge_o\n);\n\n  logic [1:0] sync_a;\n  logic       sync_b;\n\n  logic       r_input_reg;\n  logic       s_input_reg_next;\n\n  assign ack_tx_o = sync_a[0];\n\n  assign s_input_reg_next = edge_i | (r_input_reg & ~sync_a[0]);\n\n  always @(negedge rstn_tx_i or posedge clk_tx_i) begin\n    if (~rstn_tx_i) begin\n      r_input_reg <= 1'b0;\n      sync_a      <= 2'b00;\n    end else begin\n      r_input_reg <= s_input_reg_next;\n      sync_a      <= {sync_b, sync_a[1]};\n    end\n  end\n\n  pulp_sync_wedge u_sync_clkb (\n      .clk_i   (clk_rx_i),\n      .rstn_i  (rstn_rx_i),\n      .en_i    (1'b1),\n      .serial_i(r_input_reg),\n      .r_edge_o(edge_o),\n      .f_edge_o(),\n      .serial_o(sync_b)\n  );\n\nendmodule\n", tree=[kDescriptionList], tokens=None, rawtokens=None, errors=None)}
name:        : ['foo']
ports:       : ['a', 'b', 'z']
direct:      : ['input', 'input', 'output']
parameters:  : []
name:        : ['edge_propagator_ack']
ports:       : ['clk_tx_i', 'rstn_tx_i', 'edge_i', 'ack_tx_o', 'clk_rx_i', 'rstn_rx_i', 'edge_o']
direct:      : ['input', 'input', 'input', 'output', 'input', 'input', 'output']
parameters:  : []
{'header_text': 'module foo (\n    input  a,\n    b,\n    output z\n);', 'name': 'foo', 'ports': ['a', 'b', 'z'], 'direct': ['input', 'input', 'output'], 'parameters': [], 'imports': []}
{'header_text': 'module edge_propagator_ack (\n    input  logic clk_tx_i,\n    input  logic rstn_tx_i,\n    input  logic edge_i,\n    output logic ack_tx_o,\n    input  logic clk_rx_i,\n    input  logic rstn_rx_i,\n    output logic edge_o\n);', 'name': 'edge_propagator_ack', 'ports': ['clk_tx_i', 'rstn_tx_i', 'edge_i', 'ack_tx_o', 'clk_rx_i', 'rstn_rx_i', 'edge_o'], 'direct': ['input', 'input', 'input', 'output', 'input', 'input', 'output'], 'parameters': [], 'imports': []}
[{'name': 'foo', 'param': [], 'input': ['a', 'b'], 'output': ['z']}, {'name': 'edge_propagator_ack', 'param': [], 'input': ['clk_tx_i', 'rstn_tx_i', 'edge_i', 'clk_rx_i', 'rstn_rx_i'], 'output': ['ack_tx_o', 'edge_o']}]
[{'type': 'foo', 'name': 'foo', 'color': 'rgb(192,0,255)'}, {'type': 'edge_propagator_ack', 'name': 'edge_propagator_ack', 'color': 'rgb(192,0,255)'}]
127.0.0.1 - - [25/May/2024 16:22:52] "POST /process_file HTTP/1.1" 200 -
127.0.0.1 - - [25/May/2024 16:22:58] "OPTIONS /process_connect HTTP/1.1" 200 -
[{'id': '834905d9-868e-45ab-9a8c-249d04a0ea25', 'type': 'default', 'selected': True, 'x': 150, 'y': 150, 'ports': [{'id': 'a7902206-cc80-4467-96d6-9bc937cd457a', 'type': 'default', 'x': 152, 'y': 177, 'name': 'u_inst1_edge_propagator_ackclk_tx_i', 'alignment': 'left', 'parentNode': '834905d9-868e-45ab-9a8c-249d04a0ea25', 'links': [], 'in': True, 'label': 'clk_tx_i'}, {'id': 'dae9624d-23de-4f2b-8d90-e6109764da6d', 'type': 'default', 'x': 152, 'y': 193, 'name': 'u_inst1_edge_propagator_ackrstn_tx_i', 'alignment': 'left', 'parentNode': '834905d9-868e-45ab-9a8c-249d04a0ea25', 'links': [], 'in': True, 'label': 'rstn_tx_i'}, {'id': 'f7f519be-4658-462a-aaf3-a4d35cc76218', 'type': 'default', 'x': 152, 'y': 209, 'name': 'u_inst1_edge_propagator_ackedge_i', 'alignment': 'left', 'parentNode': '834905d9-868e-45ab-9a8c-249d04a0ea25', 'links': [], 'in': True, 'label': 'edge_i'}, {'id': 'ff4e4855-acf2-4f3d-9692-929241b8eb52', 'type': 'default', 'x': 152, 'y': 225, 'name': 'u_inst1_edge_propagator_ackclk_rx_i', 'alignment': 'left', 'parentNode': '834905d9-868e-45ab-9a8c-249d04a0ea25', 'links': [], 'in': True, 'label': 'clk_rx_i'}, {'id': 'ce8cd70b-79f6-4aab-be23-156cf116c697', 'type': 'default', 'x': 152, 'y': 241, 'name': 'u_inst1_edge_propagator_ackrstn_rx_i', 'alignment': 'left', 'parentNode': '834905d9-868e-45ab-9a8c-249d04a0ea25', 'links': [], 'in': True, 'label': 'rstn_rx_i'}, {'id': '4a6ed077-f9ee-476a-8e6f-c48d780b9e84', 'type': 'default', 'x': 302.32293701171875, 'y': 177, 'name': 'u_inst1_edge_propagator_ackack_tx_o', 'alignment': 'right', 'parentNode': '834905d9-868e-45ab-9a8c-249d04a0ea25', 'links': [], 'in': False, 'label': 'ack_tx_o'}, {'id': 'd0465629-f308-4ff8-aba6-b73421bad945', 'type': 'default', 'x': 302.32293701171875, 'y': 193, 'name': 'u_inst1_edge_propagator_ackedge_o', 'alignment': 'right', 'parentNode': '834905d9-868e-45ab-9a8c-249d04a0ea25', 'links': [], 'in': False, 'label': 'edge_o'}], 'name': 'u_inst1_edge_propagator_ack', 'color': 'rgb(192,0,255)', 'portsInOrder': ['a7902206-cc80-4467-96d6-9bc937cd457a', 'dae9624d-23de-4f2b-8d90-e6109764da6d', 'f7f519be-4658-462a-aaf3-a4d35cc76218', 'ff4e4855-acf2-4f3d-9692-929241b8eb52', 'ce8cd70b-79f6-4aab-be23-156cf116c697'], 'portsOutOrder': ['4a6ed077-f9ee-476a-8e6f-c48d780b9e84', 'd0465629-f308-4ff8-aba6-b73421bad945']}, {'id': '49251ff1-b7af-4c6a-830e-b197fc2bd728', 'type': 'default', 'selected': True, 'x': 495, 'y': 330.66666412353516, 'ports': [{'id': 'ac28a63a-8b9f-4b56-80f7-bb2cd30c0e90', 'type': 'default', 'x': 497, 'y': 357.66666412353516, 'name': 'u_inst3_edge_propagator_ackclk_tx_i', 'alignment': 'left', 'parentNode': '49251ff1-b7af-4c6a-830e-b197fc2bd728', 'links': [], 'in': True, 'label': 'clk_tx_i'}, {'id': '6fb2c1ea-da52-405a-93b3-e93bfd346ee8', 'type': 'default', 'x': 497, 'y': 373.66666412353516, 'name': 'u_inst3_edge_propagator_ackrstn_tx_i', 'alignment': 'left', 'parentNode': '49251ff1-b7af-4c6a-830e-b197fc2bd728', 'links': [], 'in': True, 'label': 'rstn_tx_i'}, {'id': 'b80bed9e-fe89-49e9-9e4a-2db1cc0463a1', 'type': 'default', 'x': 497, 'y': 389.66666412353516, 'name': 'u_inst3_edge_propagator_ackedge_i', 'alignment': 'left', 'parentNode': '49251ff1-b7af-4c6a-830e-b197fc2bd728', 'links': [], 'in': True, 'label': 'edge_i'}, {'id': '88acb085-e5d2-4863-ad98-642c5d2a8730', 'type': 'default', 'x': 497, 'y': 405.66666412353516, 'name': 'u_inst3_edge_propagator_ackclk_rx_i', 'alignment': 'left', 'parentNode': '49251ff1-b7af-4c6a-830e-b197fc2bd728', 'links': [], 'in': True, 'label': 'clk_rx_i'}, {'id': 'b139f9ea-e077-4bbd-826b-af14044c3a89', 'type': 'default', 'x': 497, 'y': 421.66666412353516, 'name': 'u_inst3_edge_propagator_ackrstn_rx_i', 'alignment': 'left', 'parentNode': '49251ff1-b7af-4c6a-830e-b197fc2bd728', 'links': [], 'in': True, 'label': 'rstn_rx_i'}, {'id': 'fa5d5972-012b-45ab-90eb-b2eaec2baa1e', 'type': 'default', 'x': 647.3229370117188, 'y': 357.66666412353516, 'name': 'u_inst3_edge_propagator_ackack_tx_o', 'alignment': 'right', 'parentNode': '49251ff1-b7af-4c6a-830e-b197fc2bd728', 'links': [], 'in': False, 'label': 'ack_tx_o'}, {'id': '94f395b2-b1c0-480c-adce-de6928711b13', 'type': 'default', 'x': 647.3229370117188, 'y': 373.66666412353516, 'name': 'u_inst3_edge_propagator_ackedge_o', 'alignment': 'right', 'parentNode': '49251ff1-b7af-4c6a-830e-b197fc2bd728', 'links': [], 'in': False, 'label': 'edge_o'}], 'name': 'u_inst3_edge_propagator_ack', 'color': 'rgb(192,0,255)', 'portsInOrder': ['ac28a63a-8b9f-4b56-80f7-bb2cd30c0e90', '6fb2c1ea-da52-405a-93b3-e93bfd346ee8', 'b80bed9e-fe89-49e9-9e4a-2db1cc0463a1', '88acb085-e5d2-4863-ad98-642c5d2a8730', 'b139f9ea-e077-4bbd-826b-af14044c3a89'], 'portsOutOrder': ['fa5d5972-012b-45ab-90eb-b2eaec2baa1e', '94f395b2-b1c0-480c-adce-de6928711b13']}]
127.0.0.1 - - [25/May/2024 16:22:59] "POST /process_connect HTTP/1.1" 200 -
127.0.0.1 - - [25/May/2024 16:25:50] "OPTIONS /process_connect HTTP/1.1" 200 -
[{'id': '834905d9-868e-45ab-9a8c-249d04a0ea25', 'type': 'default', 'selected': True, 'x': 150, 'y': 150, 'ports': [{'id': 'a7902206-cc80-4467-96d6-9bc937cd457a', 'type': 'default', 'x': 152, 'y': 177, 'name': 'u_inst1_edge_propagator_ackclk_tx_i', 'alignment': 'left', 'parentNode': '834905d9-868e-45ab-9a8c-249d04a0ea25', 'links': [], 'in': True, 'label': 'clk_tx_i'}, {'id': 'dae9624d-23de-4f2b-8d90-e6109764da6d', 'type': 'default', 'x': 152, 'y': 193, 'name': 'u_inst1_edge_propagator_ackrstn_tx_i', 'alignment': 'left', 'parentNode': '834905d9-868e-45ab-9a8c-249d04a0ea25', 'links': [], 'in': True, 'label': 'rstn_tx_i'}, {'id': 'f7f519be-4658-462a-aaf3-a4d35cc76218', 'type': 'default', 'x': 152, 'y': 209, 'name': 'u_inst1_edge_propagator_ackedge_i', 'alignment': 'left', 'parentNode': '834905d9-868e-45ab-9a8c-249d04a0ea25', 'links': [], 'in': True, 'label': 'edge_i'}, {'id': 'ff4e4855-acf2-4f3d-9692-929241b8eb52', 'type': 'default', 'x': 152, 'y': 225, 'name': 'u_inst1_edge_propagator_ackclk_rx_i', 'alignment': 'left', 'parentNode': '834905d9-868e-45ab-9a8c-249d04a0ea25', 'links': [], 'in': True, 'label': 'clk_rx_i'}, {'id': 'ce8cd70b-79f6-4aab-be23-156cf116c697', 'type': 'default', 'x': 152, 'y': 241, 'name': 'u_inst1_edge_propagator_ackrstn_rx_i', 'alignment': 'left', 'parentNode': '834905d9-868e-45ab-9a8c-249d04a0ea25', 'links': [], 'in': True, 'label': 'rstn_rx_i'}, {'id': '4a6ed077-f9ee-476a-8e6f-c48d780b9e84', 'type': 'default', 'x': 302.32293701171875, 'y': 177, 'name': 'u_inst1_edge_propagator_ackack_tx_o', 'alignment': 'right', 'parentNode': '834905d9-868e-45ab-9a8c-249d04a0ea25', 'links': [], 'in': False, 'label': 'ack_tx_o'}, {'id': 'd0465629-f308-4ff8-aba6-b73421bad945', 'type': 'default', 'x': 302.32293701171875, 'y': 193, 'name': 'u_inst1_edge_propagator_ackedge_o', 'alignment': 'right', 'parentNode': '834905d9-868e-45ab-9a8c-249d04a0ea25', 'links': [], 'in': False, 'label': 'edge_o'}], 'name': 'u_inst1_edge_propagator_ack', 'color': 'rgb(192,0,255)', 'portsInOrder': ['a7902206-cc80-4467-96d6-9bc937cd457a', 'dae9624d-23de-4f2b-8d90-e6109764da6d', 'f7f519be-4658-462a-aaf3-a4d35cc76218', 'ff4e4855-acf2-4f3d-9692-929241b8eb52', 'ce8cd70b-79f6-4aab-be23-156cf116c697'], 'portsOutOrder': ['4a6ed077-f9ee-476a-8e6f-c48d780b9e84', 'd0465629-f308-4ff8-aba6-b73421bad945']}, {'id': '49251ff1-b7af-4c6a-830e-b197fc2bd728', 'type': 'default', 'selected': True, 'x': 495, 'y': 330.66666412353516, 'ports': [{'id': 'ac28a63a-8b9f-4b56-80f7-bb2cd30c0e90', 'type': 'default', 'x': 497, 'y': 357.66666412353516, 'name': 'u_inst3_edge_propagator_ackclk_tx_i', 'alignment': 'left', 'parentNode': '49251ff1-b7af-4c6a-830e-b197fc2bd728', 'links': [], 'in': True, 'label': 'clk_tx_i'}, {'id': '6fb2c1ea-da52-405a-93b3-e93bfd346ee8', 'type': 'default', 'x': 497, 'y': 373.66666412353516, 'name': 'u_inst3_edge_propagator_ackrstn_tx_i', 'alignment': 'left', 'parentNode': '49251ff1-b7af-4c6a-830e-b197fc2bd728', 'links': [], 'in': True, 'label': 'rstn_tx_i'}, {'id': 'b80bed9e-fe89-49e9-9e4a-2db1cc0463a1', 'type': 'default', 'x': 497, 'y': 389.66666412353516, 'name': 'u_inst3_edge_propagator_ackedge_i', 'alignment': 'left', 'parentNode': '49251ff1-b7af-4c6a-830e-b197fc2bd728', 'links': [], 'in': True, 'label': 'edge_i'}, {'id': '88acb085-e5d2-4863-ad98-642c5d2a8730', 'type': 'default', 'x': 497, 'y': 405.66666412353516, 'name': 'u_inst3_edge_propagator_ackclk_rx_i', 'alignment': 'left', 'parentNode': '49251ff1-b7af-4c6a-830e-b197fc2bd728', 'links': [], 'in': True, 'label': 'clk_rx_i'}, {'id': 'b139f9ea-e077-4bbd-826b-af14044c3a89', 'type': 'default', 'x': 497, 'y': 421.66666412353516, 'name': 'u_inst3_edge_propagator_ackrstn_rx_i', 'alignment': 'left', 'parentNode': '49251ff1-b7af-4c6a-830e-b197fc2bd728', 'links': [], 'in': True, 'label': 'rstn_rx_i'}, {'id': 'fa5d5972-012b-45ab-90eb-b2eaec2baa1e', 'type': 'default', 'x': 647.3229370117188, 'y': 357.66666412353516, 'name': 'u_inst3_edge_propagator_ackack_tx_o', 'alignment': 'right', 'parentNode': '49251ff1-b7af-4c6a-830e-b197fc2bd728', 'links': [], 'in': False, 'label': 'ack_tx_o'}, {'id': '94f395b2-b1c0-480c-adce-de6928711b13', 'type': 'default', 'x': 647.3229370117188, 'y': 373.66666412353516, 'name': 'u_inst3_edge_propagator_ackedge_o', 'alignment': 'right', 'parentNode': '49251ff1-b7af-4c6a-830e-b197fc2bd728', 'links': [], 'in': False, 'label': 'edge_o'}], 'name': 'u_inst3_edge_propagator_ack', 'color': 'rgb(192,0,255)', 'portsInOrder': ['ac28a63a-8b9f-4b56-80f7-bb2cd30c0e90', '6fb2c1ea-da52-405a-93b3-e93bfd346ee8', 'b80bed9e-fe89-49e9-9e4a-2db1cc0463a1', '88acb085-e5d2-4863-ad98-642c5d2a8730', 'b139f9ea-e077-4bbd-826b-af14044c3a89'], 'portsOutOrder': ['fa5d5972-012b-45ab-90eb-b2eaec2baa1e', '94f395b2-b1c0-480c-adce-de6928711b13']}]
127.0.0.1 - - [25/May/2024 16:25:50] "POST /process_connect HTTP/1.1" 200 -
[31m[1mWARNING: This is a development server. Do not use it in a production deployment. Use a production WSGI server instead.[0m
 * Running on http://127.0.0.1:5000
[33mPress CTRL+C to quit[0m
127.0.0.1 - - [25/May/2024 21:34:16] "OPTIONS /process_file HTTP/1.1" 200 -
{'input': '/home/yhlu/MICA/testfile/filelist.f'}
['/home/yhlu/MICA/testfile/test.sv', '/home/yhlu/MICA/testfile/test2.sv']
{'/home/yhlu/MICA/testfile/test.sv': SyntaxData(source_code=b'module foo (\n    input  a,\n    b,\n    output z\n);\nendmodule : foo\n', tree=[kDescriptionList], tokens=None, rawtokens=None, errors=None), '/home/yhlu/MICA/testfile/test2.sv': SyntaxData(source_code=b"module edge_propagator_ack (\n    input  logic clk_tx_i,\n    input  logic rstn_tx_i,\n    input  logic edge_i,\n    output logic ack_tx_o,\n    input  logic clk_rx_i,\n    input  logic rstn_rx_i,\n    output logic edge_o\n);\n\n  logic [1:0] sync_a;\n  logic       sync_b;\n\n  logic       r_input_reg;\n  logic       s_input_reg_next;\n\n  assign ack_tx_o = sync_a[0];\n\n  assign s_input_reg_next = edge_i | (r_input_reg & ~sync_a[0]);\n\n  always @(negedge rstn_tx_i or posedge clk_tx_i) begin\n    if (~rstn_tx_i) begin\n      r_input_reg <= 1'b0;\n      sync_a      <= 2'b00;\n    end else begin\n      r_input_reg <= s_input_reg_next;\n      sync_a      <= {sync_b, sync_a[1]};\n    end\n  end\n\n  pulp_sync_wedge u_sync_clkb (\n      .clk_i   (clk_rx_i),\n      .rstn_i  (rstn_rx_i),\n      .en_i    (1'b1),\n      .serial_i(r_input_reg),\n      .r_edge_o(edge_o),\n      .f_edge_o(),\n      .serial_o(sync_b)\n  );\n\nendmodule\n", tree=[kDescriptionList], tokens=None, rawtokens=None, errors=None)}
name:        : ['foo']
ports:       : ['a', 'b', 'z']
direct:      : ['input', 'input', 'output']
parameters:  : []
name:        : ['edge_propagator_ack']
ports:       : ['clk_tx_i', 'rstn_tx_i', 'edge_i', 'ack_tx_o', 'clk_rx_i', 'rstn_rx_i', 'edge_o']
direct:      : ['input', 'input', 'input', 'output', 'input', 'input', 'output']
parameters:  : []
{'header_text': 'module foo (\n    input  a,\n    b,\n    output z\n);', 'name': 'foo', 'ports': ['a', 'b', 'z'], 'direct': ['input', 'input', 'output'], 'parameters': [], 'imports': []}
{'header_text': 'module edge_propagator_ack (\n    input  logic clk_tx_i,\n    input  logic rstn_tx_i,\n    input  logic edge_i,\n    output logic ack_tx_o,\n    input  logic clk_rx_i,\n    input  logic rstn_rx_i,\n    output logic edge_o\n);', 'name': 'edge_propagator_ack', 'ports': ['clk_tx_i', 'rstn_tx_i', 'edge_i', 'ack_tx_o', 'clk_rx_i', 'rstn_rx_i', 'edge_o'], 'direct': ['input', 'input', 'input', 'output', 'input', 'input', 'output'], 'parameters': [], 'imports': []}
[{'name': 'foo', 'param': [], 'input': ['a', 'b'], 'output': ['z']}, {'name': 'edge_propagator_ack', 'param': [], 'input': ['clk_tx_i', 'rstn_tx_i', 'edge_i', 'clk_rx_i', 'rstn_rx_i'], 'output': ['ack_tx_o', 'edge_o']}]
[{'type': 'foo', 'name': 'foo', 'color': 'rgb(192,0,255)'}, {'type': 'edge_propagator_ack', 'name': 'edge_propagator_ack', 'color': 'rgb(192,0,255)'}]
127.0.0.1 - - [25/May/2024 21:34:16] "POST /process_file HTTP/1.1" 200 -
127.0.0.1 - - [25/May/2024 21:34:24] "OPTIONS /process_connect HTTP/1.1" 200 -
[{'id': 'b0812fb4-e73a-46e1-8aa4-f2746e2933cf', 'type': 'default', 'selected': True, 'x': 180, 'y': 167.66666412353516, 'ports': [{'id': '2dd8aeb2-a6f8-4ab7-9166-2f15c9a36f31', 'type': 'default', 'x': 182, 'y': 194.66666412353516, 'name': 'u_inst1_edge_propagator_ackclk_tx_i', 'alignment': 'left', 'parentNode': 'b0812fb4-e73a-46e1-8aa4-f2746e2933cf', 'links': [], 'in': True, 'label': 'clk_tx_i'}, {'id': '3aa6f9d4-7e44-4453-a9b1-064436ab8bf6', 'type': 'default', 'x': 182, 'y': 210.66666412353516, 'name': 'u_inst1_edge_propagator_ackrstn_tx_i', 'alignment': 'left', 'parentNode': 'b0812fb4-e73a-46e1-8aa4-f2746e2933cf', 'links': [], 'in': True, 'label': 'rstn_tx_i'}, {'id': 'c22be9ca-129c-43cb-b364-c9212bb8f199', 'type': 'default', 'x': 182, 'y': 226.66666412353516, 'name': 'u_inst1_edge_propagator_ackedge_i', 'alignment': 'left', 'parentNode': 'b0812fb4-e73a-46e1-8aa4-f2746e2933cf', 'links': [], 'in': True, 'label': 'edge_i'}, {'id': '62464338-6b24-4e00-8603-c3111e92d356', 'type': 'default', 'x': 182, 'y': 242.66666412353516, 'name': 'u_inst1_edge_propagator_ackclk_rx_i', 'alignment': 'left', 'parentNode': 'b0812fb4-e73a-46e1-8aa4-f2746e2933cf', 'links': [], 'in': True, 'label': 'clk_rx_i'}, {'id': 'd2635724-06b6-477d-99ff-24c92b2f6a5a', 'type': 'default', 'x': 182, 'y': 258.66666412353516, 'name': 'u_inst1_edge_propagator_ackrstn_rx_i', 'alignment': 'left', 'parentNode': 'b0812fb4-e73a-46e1-8aa4-f2746e2933cf', 'links': [], 'in': True, 'label': 'rstn_rx_i'}, {'id': '362a38d4-8b51-40ba-8383-c3ba572e586a', 'type': 'default', 'x': 332.32293701171875, 'y': 194.66666412353516, 'name': 'u_inst1_edge_propagator_ackack_tx_o', 'alignment': 'right', 'parentNode': 'b0812fb4-e73a-46e1-8aa4-f2746e2933cf', 'links': [], 'in': False, 'label': 'ack_tx_o'}, {'id': '80ffbdbf-985e-4555-9245-dd487956d013', 'type': 'default', 'x': 332.32293701171875, 'y': 210.66666412353516, 'name': 'u_inst1_edge_propagator_ackedge_o', 'alignment': 'right', 'parentNode': 'b0812fb4-e73a-46e1-8aa4-f2746e2933cf', 'links': [], 'in': False, 'label': 'edge_o'}], 'name': 'u_inst1_edge_propagator_ack', 'color': 'rgb(192,0,255)', 'portsInOrder': ['2dd8aeb2-a6f8-4ab7-9166-2f15c9a36f31', '3aa6f9d4-7e44-4453-a9b1-064436ab8bf6', 'c22be9ca-129c-43cb-b364-c9212bb8f199', '62464338-6b24-4e00-8603-c3111e92d356', 'd2635724-06b6-477d-99ff-24c92b2f6a5a'], 'portsOutOrder': ['362a38d4-8b51-40ba-8383-c3ba572e586a', '80ffbdbf-985e-4555-9245-dd487956d013']}, {'id': 'f1d91593-e523-44f0-9e9a-ffb56f3737cf', 'type': 'default', 'selected': True, 'x': 400, 'y': 300, 'ports': [{'id': 'caf91436-cfc7-468e-9aac-62a79e339275', 'type': 'default', 'x': 402, 'y': 327, 'name': 'u_inst3_edge_propagator_ackclk_tx_i', 'alignment': 'left', 'parentNode': 'f1d91593-e523-44f0-9e9a-ffb56f3737cf', 'links': [], 'in': True, 'label': 'clk_tx_i'}, {'id': '0c05449f-7db1-4054-8f4a-24ddb31fc490', 'type': 'default', 'x': 402, 'y': 343, 'name': 'u_inst3_edge_propagator_ackrstn_tx_i', 'alignment': 'left', 'parentNode': 'f1d91593-e523-44f0-9e9a-ffb56f3737cf', 'links': [], 'in': True, 'label': 'rstn_tx_i'}, {'id': 'f48c58d3-dedf-4a91-a037-4dc6d28d8c21', 'type': 'default', 'x': 402, 'y': 359, 'name': 'u_inst3_edge_propagator_ackedge_i', 'alignment': 'left', 'parentNode': 'f1d91593-e523-44f0-9e9a-ffb56f3737cf', 'links': [], 'in': True, 'label': 'edge_i'}, {'id': 'df091d33-f6b5-4da6-a409-4cc0419d6cde', 'type': 'default', 'x': 402, 'y': 375, 'name': 'u_inst3_edge_propagator_ackclk_rx_i', 'alignment': 'left', 'parentNode': 'f1d91593-e523-44f0-9e9a-ffb56f3737cf', 'links': [], 'in': True, 'label': 'clk_rx_i'}, {'id': '0e4dac8f-3a5f-42d5-9c81-24490bd5e040', 'type': 'default', 'x': 402, 'y': 391, 'name': 'u_inst3_edge_propagator_ackrstn_rx_i', 'alignment': 'left', 'parentNode': 'f1d91593-e523-44f0-9e9a-ffb56f3737cf', 'links': [], 'in': True, 'label': 'rstn_rx_i'}, {'id': '9faaf5f8-ecf9-4dc3-b9c7-5151f320003f', 'type': 'default', 'x': 552.3229370117188, 'y': 327, 'name': 'u_inst3_edge_propagator_ackack_tx_o', 'alignment': 'right', 'parentNode': 'f1d91593-e523-44f0-9e9a-ffb56f3737cf', 'links': [], 'in': False, 'label': 'ack_tx_o'}, {'id': '9a44760d-5f1b-4d24-b5fb-4e56e5977243', 'type': 'default', 'x': 552.3229370117188, 'y': 343, 'name': 'u_inst3_edge_propagator_ackedge_o', 'alignment': 'right', 'parentNode': 'f1d91593-e523-44f0-9e9a-ffb56f3737cf', 'links': [], 'in': False, 'label': 'edge_o'}], 'name': 'u_inst3_edge_propagator_ack', 'color': 'rgb(192,0,255)', 'portsInOrder': ['caf91436-cfc7-468e-9aac-62a79e339275', '0c05449f-7db1-4054-8f4a-24ddb31fc490', 'f48c58d3-dedf-4a91-a037-4dc6d28d8c21', 'df091d33-f6b5-4da6-a409-4cc0419d6cde', '0e4dac8f-3a5f-42d5-9c81-24490bd5e040'], 'portsOutOrder': ['9faaf5f8-ecf9-4dc3-b9c7-5151f320003f', '9a44760d-5f1b-4d24-b5fb-4e56e5977243']}]
[]
[]
127.0.0.1 - - [25/May/2024 21:34:24] "POST /process_connect HTTP/1.1" 200 -
[31m[1mWARNING: This is a development server. Do not use it in a production deployment. Use a production WSGI server instead.[0m
 * Running on http://127.0.0.1:5000
[33mPress CTRL+C to quit[0m
127.0.0.1 - - [25/May/2024 21:37:50] "OPTIONS /process_connect HTTP/1.1" 200 -
[{'id': 'b0812fb4-e73a-46e1-8aa4-f2746e2933cf', 'type': 'default', 'selected': True, 'x': 100, 'y': 300, 'ports': [{'id': '2dd8aeb2-a6f8-4ab7-9166-2f15c9a36f31', 'type': 'default', 'x': 102, 'y': 327, 'name': 'u_inst1_edge_propagator_ackclk_tx_i', 'alignment': 'left', 'parentNode': 'b0812fb4-e73a-46e1-8aa4-f2746e2933cf', 'links': [], 'in': True, 'label': 'clk_tx_i'}, {'id': '3aa6f9d4-7e44-4453-a9b1-064436ab8bf6', 'type': 'default', 'x': 102, 'y': 343, 'name': 'u_inst1_edge_propagator_ackrstn_tx_i', 'alignment': 'left', 'parentNode': 'b0812fb4-e73a-46e1-8aa4-f2746e2933cf', 'links': [], 'in': True, 'label': 'rstn_tx_i'}, {'id': 'c22be9ca-129c-43cb-b364-c9212bb8f199', 'type': 'default', 'x': 102, 'y': 359, 'name': 'u_inst1_edge_propagator_ackedge_i', 'alignment': 'left', 'parentNode': 'b0812fb4-e73a-46e1-8aa4-f2746e2933cf', 'links': [], 'in': True, 'label': 'edge_i'}, {'id': '62464338-6b24-4e00-8603-c3111e92d356', 'type': 'default', 'x': 102, 'y': 375, 'name': 'u_inst1_edge_propagator_ackclk_rx_i', 'alignment': 'left', 'parentNode': 'b0812fb4-e73a-46e1-8aa4-f2746e2933cf', 'links': [], 'in': True, 'label': 'clk_rx_i'}, {'id': 'd2635724-06b6-477d-99ff-24c92b2f6a5a', 'type': 'default', 'x': 102, 'y': 391, 'name': 'u_inst1_edge_propagator_ackrstn_rx_i', 'alignment': 'left', 'parentNode': 'b0812fb4-e73a-46e1-8aa4-f2746e2933cf', 'links': [], 'in': True, 'label': 'rstn_rx_i'}, {'id': '362a38d4-8b51-40ba-8383-c3ba572e586a', 'type': 'default', 'x': 252.32293701171875, 'y': 327, 'name': 'u_inst1_edge_propagator_ackack_tx_o', 'alignment': 'right', 'parentNode': 'b0812fb4-e73a-46e1-8aa4-f2746e2933cf', 'links': [], 'in': False, 'label': 'ack_tx_o'}, {'id': '80ffbdbf-985e-4555-9245-dd487956d013', 'type': 'default', 'x': 252.32293701171875, 'y': 343, 'name': 'u_inst1_edge_propagator_ackedge_o', 'alignment': 'right', 'parentNode': 'b0812fb4-e73a-46e1-8aa4-f2746e2933cf', 'links': [], 'in': False, 'label': 'edge_o'}], 'name': 'u_inst1_edge_propagator_ack', 'color': 'rgb(192,0,255)', 'portsInOrder': ['2dd8aeb2-a6f8-4ab7-9166-2f15c9a36f31', '3aa6f9d4-7e44-4453-a9b1-064436ab8bf6', 'c22be9ca-129c-43cb-b364-c9212bb8f199', '62464338-6b24-4e00-8603-c3111e92d356', 'd2635724-06b6-477d-99ff-24c92b2f6a5a'], 'portsOutOrder': ['362a38d4-8b51-40ba-8383-c3ba572e586a', '80ffbdbf-985e-4555-9245-dd487956d013']}, {'id': 'f1d91593-e523-44f0-9e9a-ffb56f3737cf', 'type': 'default', 'selected': True, 'x': 400, 'y': 300, 'ports': [{'id': 'caf91436-cfc7-468e-9aac-62a79e339275', 'type': 'default', 'x': 402, 'y': 327, 'name': 'u_inst3_edge_propagator_ackclk_tx_i', 'alignment': 'left', 'parentNode': 'f1d91593-e523-44f0-9e9a-ffb56f3737cf', 'links': [], 'in': True, 'label': 'clk_tx_i'}, {'id': '0c05449f-7db1-4054-8f4a-24ddb31fc490', 'type': 'default', 'x': 402, 'y': 343, 'name': 'u_inst3_edge_propagator_ackrstn_tx_i', 'alignment': 'left', 'parentNode': 'f1d91593-e523-44f0-9e9a-ffb56f3737cf', 'links': [], 'in': True, 'label': 'rstn_tx_i'}, {'id': 'f48c58d3-dedf-4a91-a037-4dc6d28d8c21', 'type': 'default', 'x': 402, 'y': 359, 'name': 'u_inst3_edge_propagator_ackedge_i', 'alignment': 'left', 'parentNode': 'f1d91593-e523-44f0-9e9a-ffb56f3737cf', 'links': [], 'in': True, 'label': 'edge_i'}, {'id': 'df091d33-f6b5-4da6-a409-4cc0419d6cde', 'type': 'default', 'x': 402, 'y': 375, 'name': 'u_inst3_edge_propagator_ackclk_rx_i', 'alignment': 'left', 'parentNode': 'f1d91593-e523-44f0-9e9a-ffb56f3737cf', 'links': [], 'in': True, 'label': 'clk_rx_i'}, {'id': '0e4dac8f-3a5f-42d5-9c81-24490bd5e040', 'type': 'default', 'x': 402, 'y': 391, 'name': 'u_inst3_edge_propagator_ackrstn_rx_i', 'alignment': 'left', 'parentNode': 'f1d91593-e523-44f0-9e9a-ffb56f3737cf', 'links': [], 'in': True, 'label': 'rstn_rx_i'}, {'id': '9faaf5f8-ecf9-4dc3-b9c7-5151f320003f', 'type': 'default', 'x': 552.3229370117188, 'y': 327, 'name': 'u_inst3_edge_propagator_ackack_tx_o', 'alignment': 'right', 'parentNode': 'f1d91593-e523-44f0-9e9a-ffb56f3737cf', 'links': [], 'in': False, 'label': 'ack_tx_o'}, {'id': '9a44760d-5f1b-4d24-b5fb-4e56e5977243', 'type': 'default', 'x': 552.3229370117188, 'y': 343, 'name': 'u_inst3_edge_propagator_ackedge_o', 'alignment': 'right', 'parentNode': 'f1d91593-e523-44f0-9e9a-ffb56f3737cf', 'links': [], 'in': False, 'label': 'edge_o'}], 'name': 'u_inst3_edge_propagator_ack', 'color': 'rgb(192,0,255)', 'portsInOrder': ['caf91436-cfc7-468e-9aac-62a79e339275', '0c05449f-7db1-4054-8f4a-24ddb31fc490', 'f48c58d3-dedf-4a91-a037-4dc6d28d8c21', 'df091d33-f6b5-4da6-a409-4cc0419d6cde', '0e4dac8f-3a5f-42d5-9c81-24490bd5e040'], 'portsOutOrder': ['9faaf5f8-ecf9-4dc3-b9c7-5151f320003f', '9a44760d-5f1b-4d24-b5fb-4e56e5977243']}]
[{'id': '362a38d4-8b51-40ba-8383-c3ba572e586a', 'type': 'default', 'x': 252.32293701171875, 'y': 327, 'name': 'u_inst1_edge_propagator_ackack_tx_o', 'alignment': 'right', 'parentNode': 'b0812fb4-e73a-46e1-8aa4-f2746e2933cf', 'links': [], 'in': False, 'label': 'ack_tx_o'}, {'id': '80ffbdbf-985e-4555-9245-dd487956d013', 'type': 'default', 'x': 252.32293701171875, 'y': 343, 'name': 'u_inst1_edge_propagator_ackedge_o', 'alignment': 'right', 'parentNode': 'b0812fb4-e73a-46e1-8aa4-f2746e2933cf', 'links': [], 'in': False, 'label': 'edge_o'}]
[{'id': 'caf91436-cfc7-468e-9aac-62a79e339275', 'type': 'default', 'x': 402, 'y': 327, 'name': 'u_inst3_edge_propagator_ackclk_tx_i', 'alignment': 'left', 'parentNode': 'f1d91593-e523-44f0-9e9a-ffb56f3737cf', 'links': [], 'in': True, 'label': 'clk_tx_i'}, {'id': '0c05449f-7db1-4054-8f4a-24ddb31fc490', 'type': 'default', 'x': 402, 'y': 343, 'name': 'u_inst3_edge_propagator_ackrstn_tx_i', 'alignment': 'left', 'parentNode': 'f1d91593-e523-44f0-9e9a-ffb56f3737cf', 'links': [], 'in': True, 'label': 'rstn_tx_i'}, {'id': 'f48c58d3-dedf-4a91-a037-4dc6d28d8c21', 'type': 'default', 'x': 402, 'y': 359, 'name': 'u_inst3_edge_propagator_ackedge_i', 'alignment': 'left', 'parentNode': 'f1d91593-e523-44f0-9e9a-ffb56f3737cf', 'links': [], 'in': True, 'label': 'edge_i'}, {'id': 'df091d33-f6b5-4da6-a409-4cc0419d6cde', 'type': 'default', 'x': 402, 'y': 375, 'name': 'u_inst3_edge_propagator_ackclk_rx_i', 'alignment': 'left', 'parentNode': 'f1d91593-e523-44f0-9e9a-ffb56f3737cf', 'links': [], 'in': True, 'label': 'clk_rx_i'}, {'id': '0e4dac8f-3a5f-42d5-9c81-24490bd5e040', 'type': 'default', 'x': 402, 'y': 391, 'name': 'u_inst3_edge_propagator_ackrstn_rx_i', 'alignment': 'left', 'parentNode': 'f1d91593-e523-44f0-9e9a-ffb56f3737cf', 'links': [], 'in': True, 'label': 'rstn_rx_i'}]
127.0.0.1 - - [25/May/2024 21:37:50] "POST /process_connect HTTP/1.1" 200 -
[31m[1mWARNING: This is a development server. Do not use it in a production deployment. Use a production WSGI server instead.[0m
 * Running on http://127.0.0.1:5000
[33mPress CTRL+C to quit[0m
127.0.0.1 - - [25/May/2024 21:39:41] "OPTIONS /process_connect HTTP/1.1" 200 -
[{'id': 'b0812fb4-e73a-46e1-8aa4-f2746e2933cf', 'type': 'default', 'selected': True, 'x': 100, 'y': 300, 'ports': [{'id': '2dd8aeb2-a6f8-4ab7-9166-2f15c9a36f31', 'type': 'default', 'x': 102, 'y': 327, 'name': 'u_inst1_edge_propagator_ackclk_tx_i', 'alignment': 'left', 'parentNode': 'b0812fb4-e73a-46e1-8aa4-f2746e2933cf', 'links': [], 'in': True, 'label': 'clk_tx_i'}, {'id': '3aa6f9d4-7e44-4453-a9b1-064436ab8bf6', 'type': 'default', 'x': 102, 'y': 343, 'name': 'u_inst1_edge_propagator_ackrstn_tx_i', 'alignment': 'left', 'parentNode': 'b0812fb4-e73a-46e1-8aa4-f2746e2933cf', 'links': [], 'in': True, 'label': 'rstn_tx_i'}, {'id': 'c22be9ca-129c-43cb-b364-c9212bb8f199', 'type': 'default', 'x': 102, 'y': 359, 'name': 'u_inst1_edge_propagator_ackedge_i', 'alignment': 'left', 'parentNode': 'b0812fb4-e73a-46e1-8aa4-f2746e2933cf', 'links': [], 'in': True, 'label': 'edge_i'}, {'id': '62464338-6b24-4e00-8603-c3111e92d356', 'type': 'default', 'x': 102, 'y': 375, 'name': 'u_inst1_edge_propagator_ackclk_rx_i', 'alignment': 'left', 'parentNode': 'b0812fb4-e73a-46e1-8aa4-f2746e2933cf', 'links': [], 'in': True, 'label': 'clk_rx_i'}, {'id': 'd2635724-06b6-477d-99ff-24c92b2f6a5a', 'type': 'default', 'x': 102, 'y': 391, 'name': 'u_inst1_edge_propagator_ackrstn_rx_i', 'alignment': 'left', 'parentNode': 'b0812fb4-e73a-46e1-8aa4-f2746e2933cf', 'links': [], 'in': True, 'label': 'rstn_rx_i'}, {'id': '362a38d4-8b51-40ba-8383-c3ba572e586a', 'type': 'default', 'x': 252.32293701171875, 'y': 327, 'name': 'u_inst1_edge_propagator_ackack_tx_o', 'alignment': 'right', 'parentNode': 'b0812fb4-e73a-46e1-8aa4-f2746e2933cf', 'links': [], 'in': False, 'label': 'ack_tx_o'}, {'id': '80ffbdbf-985e-4555-9245-dd487956d013', 'type': 'default', 'x': 252.32293701171875, 'y': 343, 'name': 'u_inst1_edge_propagator_ackedge_o', 'alignment': 'right', 'parentNode': 'b0812fb4-e73a-46e1-8aa4-f2746e2933cf', 'links': [], 'in': False, 'label': 'edge_o'}], 'name': 'u_inst1_edge_propagator_ack', 'color': 'rgb(192,0,255)', 'portsInOrder': ['2dd8aeb2-a6f8-4ab7-9166-2f15c9a36f31', '3aa6f9d4-7e44-4453-a9b1-064436ab8bf6', 'c22be9ca-129c-43cb-b364-c9212bb8f199', '62464338-6b24-4e00-8603-c3111e92d356', 'd2635724-06b6-477d-99ff-24c92b2f6a5a'], 'portsOutOrder': ['362a38d4-8b51-40ba-8383-c3ba572e586a', '80ffbdbf-985e-4555-9245-dd487956d013']}, {'id': 'f1d91593-e523-44f0-9e9a-ffb56f3737cf', 'type': 'default', 'selected': True, 'x': 400, 'y': 300, 'ports': [{'id': 'caf91436-cfc7-468e-9aac-62a79e339275', 'type': 'default', 'x': 402, 'y': 327, 'name': 'u_inst3_edge_propagator_ackclk_tx_i', 'alignment': 'left', 'parentNode': 'f1d91593-e523-44f0-9e9a-ffb56f3737cf', 'links': [], 'in': True, 'label': 'clk_tx_i'}, {'id': '0c05449f-7db1-4054-8f4a-24ddb31fc490', 'type': 'default', 'x': 402, 'y': 343, 'name': 'u_inst3_edge_propagator_ackrstn_tx_i', 'alignment': 'left', 'parentNode': 'f1d91593-e523-44f0-9e9a-ffb56f3737cf', 'links': [], 'in': True, 'label': 'rstn_tx_i'}, {'id': 'f48c58d3-dedf-4a91-a037-4dc6d28d8c21', 'type': 'default', 'x': 402, 'y': 359, 'name': 'u_inst3_edge_propagator_ackedge_i', 'alignment': 'left', 'parentNode': 'f1d91593-e523-44f0-9e9a-ffb56f3737cf', 'links': [], 'in': True, 'label': 'edge_i'}, {'id': 'df091d33-f6b5-4da6-a409-4cc0419d6cde', 'type': 'default', 'x': 402, 'y': 375, 'name': 'u_inst3_edge_propagator_ackclk_rx_i', 'alignment': 'left', 'parentNode': 'f1d91593-e523-44f0-9e9a-ffb56f3737cf', 'links': [], 'in': True, 'label': 'clk_rx_i'}, {'id': '0e4dac8f-3a5f-42d5-9c81-24490bd5e040', 'type': 'default', 'x': 402, 'y': 391, 'name': 'u_inst3_edge_propagator_ackrstn_rx_i', 'alignment': 'left', 'parentNode': 'f1d91593-e523-44f0-9e9a-ffb56f3737cf', 'links': [], 'in': True, 'label': 'rstn_rx_i'}, {'id': '9faaf5f8-ecf9-4dc3-b9c7-5151f320003f', 'type': 'default', 'x': 552.3229370117188, 'y': 327, 'name': 'u_inst3_edge_propagator_ackack_tx_o', 'alignment': 'right', 'parentNode': 'f1d91593-e523-44f0-9e9a-ffb56f3737cf', 'links': [], 'in': False, 'label': 'ack_tx_o'}, {'id': '9a44760d-5f1b-4d24-b5fb-4e56e5977243', 'type': 'default', 'x': 552.3229370117188, 'y': 343, 'name': 'u_inst3_edge_propagator_ackedge_o', 'alignment': 'right', 'parentNode': 'f1d91593-e523-44f0-9e9a-ffb56f3737cf', 'links': [], 'in': False, 'label': 'edge_o'}], 'name': 'u_inst3_edge_propagator_ack', 'color': 'rgb(192,0,255)', 'portsInOrder': ['caf91436-cfc7-468e-9aac-62a79e339275', '0c05449f-7db1-4054-8f4a-24ddb31fc490', 'f48c58d3-dedf-4a91-a037-4dc6d28d8c21', 'df091d33-f6b5-4da6-a409-4cc0419d6cde', '0e4dac8f-3a5f-42d5-9c81-24490bd5e040'], 'portsOutOrder': ['9faaf5f8-ecf9-4dc3-b9c7-5151f320003f', '9a44760d-5f1b-4d24-b5fb-4e56e5977243']}]
['ack_tx_o', 'edge_o']
['clk_tx_i', 'rstn_tx_i', 'edge_i', 'clk_rx_i', 'rstn_rx_i']
127.0.0.1 - - [25/May/2024 21:39:41] "POST /process_connect HTTP/1.1" 200 -
[31m[1mWARNING: This is a development server. Do not use it in a production deployment. Use a production WSGI server instead.[0m
 * Running on http://127.0.0.1:5000
[33mPress CTRL+C to quit[0m
127.0.0.1 - - [25/May/2024 21:45:16] "OPTIONS /process_connect HTTP/1.1" 200 -
[{'id': 'b0812fb4-e73a-46e1-8aa4-f2746e2933cf', 'type': 'default', 'selected': True, 'x': 100, 'y': 300, 'ports': [{'id': '2dd8aeb2-a6f8-4ab7-9166-2f15c9a36f31', 'type': 'default', 'x': 102, 'y': 327, 'name': 'u_inst1_edge_propagator_ackclk_tx_i', 'alignment': 'left', 'parentNode': 'b0812fb4-e73a-46e1-8aa4-f2746e2933cf', 'links': [], 'in': True, 'label': 'clk_tx_i'}, {'id': '3aa6f9d4-7e44-4453-a9b1-064436ab8bf6', 'type': 'default', 'x': 102, 'y': 343, 'name': 'u_inst1_edge_propagator_ackrstn_tx_i', 'alignment': 'left', 'parentNode': 'b0812fb4-e73a-46e1-8aa4-f2746e2933cf', 'links': [], 'in': True, 'label': 'rstn_tx_i'}, {'id': 'c22be9ca-129c-43cb-b364-c9212bb8f199', 'type': 'default', 'x': 102, 'y': 359, 'name': 'u_inst1_edge_propagator_ackedge_i', 'alignment': 'left', 'parentNode': 'b0812fb4-e73a-46e1-8aa4-f2746e2933cf', 'links': [], 'in': True, 'label': 'edge_i'}, {'id': '62464338-6b24-4e00-8603-c3111e92d356', 'type': 'default', 'x': 102, 'y': 375, 'name': 'u_inst1_edge_propagator_ackclk_rx_i', 'alignment': 'left', 'parentNode': 'b0812fb4-e73a-46e1-8aa4-f2746e2933cf', 'links': [], 'in': True, 'label': 'clk_rx_i'}, {'id': 'd2635724-06b6-477d-99ff-24c92b2f6a5a', 'type': 'default', 'x': 102, 'y': 391, 'name': 'u_inst1_edge_propagator_ackrstn_rx_i', 'alignment': 'left', 'parentNode': 'b0812fb4-e73a-46e1-8aa4-f2746e2933cf', 'links': [], 'in': True, 'label': 'rstn_rx_i'}, {'id': '362a38d4-8b51-40ba-8383-c3ba572e586a', 'type': 'default', 'x': 252.32293701171875, 'y': 327, 'name': 'u_inst1_edge_propagator_ackack_tx_o', 'alignment': 'right', 'parentNode': 'b0812fb4-e73a-46e1-8aa4-f2746e2933cf', 'links': [], 'in': False, 'label': 'ack_tx_o'}, {'id': '80ffbdbf-985e-4555-9245-dd487956d013', 'type': 'default', 'x': 252.32293701171875, 'y': 343, 'name': 'u_inst1_edge_propagator_ackedge_o', 'alignment': 'right', 'parentNode': 'b0812fb4-e73a-46e1-8aa4-f2746e2933cf', 'links': [], 'in': False, 'label': 'edge_o'}], 'name': 'u_inst1_edge_propagator_ack', 'color': 'rgb(192,0,255)', 'portsInOrder': ['2dd8aeb2-a6f8-4ab7-9166-2f15c9a36f31', '3aa6f9d4-7e44-4453-a9b1-064436ab8bf6', 'c22be9ca-129c-43cb-b364-c9212bb8f199', '62464338-6b24-4e00-8603-c3111e92d356', 'd2635724-06b6-477d-99ff-24c92b2f6a5a'], 'portsOutOrder': ['362a38d4-8b51-40ba-8383-c3ba572e586a', '80ffbdbf-985e-4555-9245-dd487956d013']}, {'id': 'f1d91593-e523-44f0-9e9a-ffb56f3737cf', 'type': 'default', 'selected': True, 'x': 400, 'y': 300, 'ports': [{'id': 'caf91436-cfc7-468e-9aac-62a79e339275', 'type': 'default', 'x': 402, 'y': 327, 'name': 'u_inst3_edge_propagator_ackclk_tx_i', 'alignment': 'left', 'parentNode': 'f1d91593-e523-44f0-9e9a-ffb56f3737cf', 'links': [], 'in': True, 'label': 'clk_tx_i'}, {'id': '0c05449f-7db1-4054-8f4a-24ddb31fc490', 'type': 'default', 'x': 402, 'y': 343, 'name': 'u_inst3_edge_propagator_ackrstn_tx_i', 'alignment': 'left', 'parentNode': 'f1d91593-e523-44f0-9e9a-ffb56f3737cf', 'links': [], 'in': True, 'label': 'rstn_tx_i'}, {'id': 'f48c58d3-dedf-4a91-a037-4dc6d28d8c21', 'type': 'default', 'x': 402, 'y': 359, 'name': 'u_inst3_edge_propagator_ackedge_i', 'alignment': 'left', 'parentNode': 'f1d91593-e523-44f0-9e9a-ffb56f3737cf', 'links': [], 'in': True, 'label': 'edge_i'}, {'id': 'df091d33-f6b5-4da6-a409-4cc0419d6cde', 'type': 'default', 'x': 402, 'y': 375, 'name': 'u_inst3_edge_propagator_ackclk_rx_i', 'alignment': 'left', 'parentNode': 'f1d91593-e523-44f0-9e9a-ffb56f3737cf', 'links': [], 'in': True, 'label': 'clk_rx_i'}, {'id': '0e4dac8f-3a5f-42d5-9c81-24490bd5e040', 'type': 'default', 'x': 402, 'y': 391, 'name': 'u_inst3_edge_propagator_ackrstn_rx_i', 'alignment': 'left', 'parentNode': 'f1d91593-e523-44f0-9e9a-ffb56f3737cf', 'links': [], 'in': True, 'label': 'rstn_rx_i'}, {'id': '9faaf5f8-ecf9-4dc3-b9c7-5151f320003f', 'type': 'default', 'x': 552.3229370117188, 'y': 327, 'name': 'u_inst3_edge_propagator_ackack_tx_o', 'alignment': 'right', 'parentNode': 'f1d91593-e523-44f0-9e9a-ffb56f3737cf', 'links': [], 'in': False, 'label': 'ack_tx_o'}, {'id': '9a44760d-5f1b-4d24-b5fb-4e56e5977243', 'type': 'default', 'x': 552.3229370117188, 'y': 343, 'name': 'u_inst3_edge_propagator_ackedge_o', 'alignment': 'right', 'parentNode': 'f1d91593-e523-44f0-9e9a-ffb56f3737cf', 'links': [], 'in': False, 'label': 'edge_o'}], 'name': 'u_inst3_edge_propagator_ack', 'color': 'rgb(192,0,255)', 'portsInOrder': ['caf91436-cfc7-468e-9aac-62a79e339275', '0c05449f-7db1-4054-8f4a-24ddb31fc490', 'f48c58d3-dedf-4a91-a037-4dc6d28d8c21', 'df091d33-f6b5-4da6-a409-4cc0419d6cde', '0e4dac8f-3a5f-42d5-9c81-24490bd5e040'], 'portsOutOrder': ['9faaf5f8-ecf9-4dc3-b9c7-5151f320003f', '9a44760d-5f1b-4d24-b5fb-4e56e5977243']}]
['ack_tx_o', 'edge_o']
['clk_tx_i', 'rstn_tx_i', 'edge_i', 'clk_rx_i', 'rstn_rx_i']
最优匹配: ('ack_tx_o', 'ack_tx_o', 'ack_tx_o', 'ack_tx_o', 'ack_tx_o')
总相似度: 200
127.0.0.1 - - [25/May/2024 21:45:17] "POST /process_connect HTTP/1.1" 200 -
[31m[1mWARNING: This is a development server. Do not use it in a production deployment. Use a production WSGI server instead.[0m
 * Running on http://127.0.0.1:5000
[33mPress CTRL+C to quit[0m
127.0.0.1 - - [25/May/2024 22:04:43] "OPTIONS /process_connect HTTP/1.1" 200 -
[{'id': 'b0812fb4-e73a-46e1-8aa4-f2746e2933cf', 'type': 'default', 'selected': True, 'x': 100, 'y': 300, 'ports': [{'id': '2dd8aeb2-a6f8-4ab7-9166-2f15c9a36f31', 'type': 'default', 'x': 102, 'y': 327, 'name': 'u_inst1_edge_propagator_ackclk_tx_i', 'alignment': 'left', 'parentNode': 'b0812fb4-e73a-46e1-8aa4-f2746e2933cf', 'links': [], 'in': True, 'label': 'clk_tx_i'}, {'id': '3aa6f9d4-7e44-4453-a9b1-064436ab8bf6', 'type': 'default', 'x': 102, 'y': 343, 'name': 'u_inst1_edge_propagator_ackrstn_tx_i', 'alignment': 'left', 'parentNode': 'b0812fb4-e73a-46e1-8aa4-f2746e2933cf', 'links': [], 'in': True, 'label': 'rstn_tx_i'}, {'id': 'c22be9ca-129c-43cb-b364-c9212bb8f199', 'type': 'default', 'x': 102, 'y': 359, 'name': 'u_inst1_edge_propagator_ackedge_i', 'alignment': 'left', 'parentNode': 'b0812fb4-e73a-46e1-8aa4-f2746e2933cf', 'links': [], 'in': True, 'label': 'edge_i'}, {'id': '62464338-6b24-4e00-8603-c3111e92d356', 'type': 'default', 'x': 102, 'y': 375, 'name': 'u_inst1_edge_propagator_ackclk_rx_i', 'alignment': 'left', 'parentNode': 'b0812fb4-e73a-46e1-8aa4-f2746e2933cf', 'links': [], 'in': True, 'label': 'clk_rx_i'}, {'id': 'd2635724-06b6-477d-99ff-24c92b2f6a5a', 'type': 'default', 'x': 102, 'y': 391, 'name': 'u_inst1_edge_propagator_ackrstn_rx_i', 'alignment': 'left', 'parentNode': 'b0812fb4-e73a-46e1-8aa4-f2746e2933cf', 'links': [], 'in': True, 'label': 'rstn_rx_i'}, {'id': '362a38d4-8b51-40ba-8383-c3ba572e586a', 'type': 'default', 'x': 252.32293701171875, 'y': 327, 'name': 'u_inst1_edge_propagator_ackack_tx_o', 'alignment': 'right', 'parentNode': 'b0812fb4-e73a-46e1-8aa4-f2746e2933cf', 'links': [], 'in': False, 'label': 'ack_tx_o'}, {'id': '80ffbdbf-985e-4555-9245-dd487956d013', 'type': 'default', 'x': 252.32293701171875, 'y': 343, 'name': 'u_inst1_edge_propagator_ackedge_o', 'alignment': 'right', 'parentNode': 'b0812fb4-e73a-46e1-8aa4-f2746e2933cf', 'links': [], 'in': False, 'label': 'edge_o'}], 'name': 'u_inst1_edge_propagator_ack', 'color': 'rgb(192,0,255)', 'portsInOrder': ['2dd8aeb2-a6f8-4ab7-9166-2f15c9a36f31', '3aa6f9d4-7e44-4453-a9b1-064436ab8bf6', 'c22be9ca-129c-43cb-b364-c9212bb8f199', '62464338-6b24-4e00-8603-c3111e92d356', 'd2635724-06b6-477d-99ff-24c92b2f6a5a'], 'portsOutOrder': ['362a38d4-8b51-40ba-8383-c3ba572e586a', '80ffbdbf-985e-4555-9245-dd487956d013']}, {'id': 'f1d91593-e523-44f0-9e9a-ffb56f3737cf', 'type': 'default', 'selected': True, 'x': 400, 'y': 300, 'ports': [{'id': 'caf91436-cfc7-468e-9aac-62a79e339275', 'type': 'default', 'x': 402, 'y': 327, 'name': 'u_inst3_edge_propagator_ackclk_tx_i', 'alignment': 'left', 'parentNode': 'f1d91593-e523-44f0-9e9a-ffb56f3737cf', 'links': [], 'in': True, 'label': 'clk_tx_i'}, {'id': '0c05449f-7db1-4054-8f4a-24ddb31fc490', 'type': 'default', 'x': 402, 'y': 343, 'name': 'u_inst3_edge_propagator_ackrstn_tx_i', 'alignment': 'left', 'parentNode': 'f1d91593-e523-44f0-9e9a-ffb56f3737cf', 'links': [], 'in': True, 'label': 'rstn_tx_i'}, {'id': 'f48c58d3-dedf-4a91-a037-4dc6d28d8c21', 'type': 'default', 'x': 402, 'y': 359, 'name': 'u_inst3_edge_propagator_ackedge_i', 'alignment': 'left', 'parentNode': 'f1d91593-e523-44f0-9e9a-ffb56f3737cf', 'links': [], 'in': True, 'label': 'edge_i'}, {'id': 'df091d33-f6b5-4da6-a409-4cc0419d6cde', 'type': 'default', 'x': 402, 'y': 375, 'name': 'u_inst3_edge_propagator_ackclk_rx_i', 'alignment': 'left', 'parentNode': 'f1d91593-e523-44f0-9e9a-ffb56f3737cf', 'links': [], 'in': True, 'label': 'clk_rx_i'}, {'id': '0e4dac8f-3a5f-42d5-9c81-24490bd5e040', 'type': 'default', 'x': 402, 'y': 391, 'name': 'u_inst3_edge_propagator_ackrstn_rx_i', 'alignment': 'left', 'parentNode': 'f1d91593-e523-44f0-9e9a-ffb56f3737cf', 'links': [], 'in': True, 'label': 'rstn_rx_i'}, {'id': '9faaf5f8-ecf9-4dc3-b9c7-5151f320003f', 'type': 'default', 'x': 552.3229370117188, 'y': 327, 'name': 'u_inst3_edge_propagator_ackack_tx_o', 'alignment': 'right', 'parentNode': 'f1d91593-e523-44f0-9e9a-ffb56f3737cf', 'links': [], 'in': False, 'label': 'ack_tx_o'}, {'id': '9a44760d-5f1b-4d24-b5fb-4e56e5977243', 'type': 'default', 'x': 552.3229370117188, 'y': 343, 'name': 'u_inst3_edge_propagator_ackedge_o', 'alignment': 'right', 'parentNode': 'f1d91593-e523-44f0-9e9a-ffb56f3737cf', 'links': [], 'in': False, 'label': 'edge_o'}], 'name': 'u_inst3_edge_propagator_ack', 'color': 'rgb(192,0,255)', 'portsInOrder': ['caf91436-cfc7-468e-9aac-62a79e339275', '0c05449f-7db1-4054-8f4a-24ddb31fc490', 'f48c58d3-dedf-4a91-a037-4dc6d28d8c21', 'df091d33-f6b5-4da6-a409-4cc0419d6cde', '0e4dac8f-3a5f-42d5-9c81-24490bd5e040'], 'portsOutOrder': ['9faaf5f8-ecf9-4dc3-b9c7-5151f320003f', '9a44760d-5f1b-4d24-b5fb-4e56e5977243']}]
['ack_tx_o', 'edge_o']
['clk_tx_i', 'rstn_tx_i', 'edge_i', 'clk_rx_i', 'rstn_rx_i']
Match: edge_o <-> edge_i with score: 83
Match: ack_tx_o <-> clk_tx_i with score: 75
127.0.0.1 - - [25/May/2024 22:04:43] "POST /process_connect HTTP/1.1" 200 -
127.0.0.1 - - [25/May/2024 22:14:06] "OPTIONS /process_file HTTP/1.1" 200 -
{'input': '/home/yhlu/MICA/testfile/filelist.f'}
['/home/yhlu/MICA/testfile/test.sv', '/home/yhlu/MICA/testfile/test2.sv']
{'/home/yhlu/MICA/testfile/test.sv': SyntaxData(source_code=b'module foo (\n    input  a,\n    b,\n    output z\n);\nendmodule : foo\n', tree=[kDescriptionList], tokens=None, rawtokens=None, errors=None), '/home/yhlu/MICA/testfile/test2.sv': SyntaxData(source_code=b"module edge_propagator_ack (\n    input  logic clk_tx_i,\n    input  logic rstn_tx_i,\n    input  logic edge_i,\n    output logic ack_tx_o,\n    input  logic clk_rx_i,\n    input  logic rstn_rx_i,\n    output logic edge_o\n);\n\n  logic [1:0] sync_a;\n  logic       sync_b;\n\n  logic       r_input_reg;\n  logic       s_input_reg_next;\n\n  assign ack_tx_o = sync_a[0];\n\n  assign s_input_reg_next = edge_i | (r_input_reg & ~sync_a[0]);\n\n  always @(negedge rstn_tx_i or posedge clk_tx_i) begin\n    if (~rstn_tx_i) begin\n      r_input_reg <= 1'b0;\n      sync_a      <= 2'b00;\n    end else begin\n      r_input_reg <= s_input_reg_next;\n      sync_a      <= {sync_b, sync_a[1]};\n    end\n  end\n\n  pulp_sync_wedge u_sync_clkb (\n      .clk_i   (clk_rx_i),\n      .rstn_i  (rstn_rx_i),\n      .en_i    (1'b1),\n      .serial_i(r_input_reg),\n      .r_edge_o(edge_o),\n      .f_edge_o(),\n      .serial_o(sync_b)\n  );\n\nendmodule\n", tree=[kDescriptionList], tokens=None, rawtokens=None, errors=None)}
name:        : ['foo']
ports:       : ['a', 'b', 'z']
direct:      : ['input', 'input', 'output']
parameters:  : []
name:        : ['edge_propagator_ack']
ports:       : ['clk_tx_i', 'rstn_tx_i', 'edge_i', 'ack_tx_o', 'clk_rx_i', 'rstn_rx_i', 'edge_o']
direct:      : ['input', 'input', 'input', 'output', 'input', 'input', 'output']
parameters:  : []
{'header_text': 'module foo (\n    input  a,\n    b,\n    output z\n);', 'name': 'foo', 'ports': ['a', 'b', 'z'], 'direct': ['input', 'input', 'output'], 'parameters': [], 'imports': []}
{'header_text': 'module edge_propagator_ack (\n    input  logic clk_tx_i,\n    input  logic rstn_tx_i,\n    input  logic edge_i,\n    output logic ack_tx_o,\n    input  logic clk_rx_i,\n    input  logic rstn_rx_i,\n    output logic edge_o\n);', 'name': 'edge_propagator_ack', 'ports': ['clk_tx_i', 'rstn_tx_i', 'edge_i', 'ack_tx_o', 'clk_rx_i', 'rstn_rx_i', 'edge_o'], 'direct': ['input', 'input', 'input', 'output', 'input', 'input', 'output'], 'parameters': [], 'imports': []}
[{'name': 'foo', 'param': [], 'input': ['a', 'b'], 'output': ['z']}, {'name': 'edge_propagator_ack', 'param': [], 'input': ['clk_tx_i', 'rstn_tx_i', 'edge_i', 'clk_rx_i', 'rstn_rx_i'], 'output': ['ack_tx_o', 'edge_o']}]
[{'type': 'foo', 'name': 'foo', 'color': 'rgb(192,0,255)'}, {'type': 'edge_propagator_ack', 'name': 'edge_propagator_ack', 'color': 'rgb(192,0,255)'}]
127.0.0.1 - - [25/May/2024 22:14:06] "POST /process_file HTTP/1.1" 200 -
[31m[1mWARNING: This is a development server. Do not use it in a production deployment. Use a production WSGI server instead.[0m
 * Running on http://127.0.0.1:5000
[33mPress CTRL+C to quit[0m
127.0.0.1 - - [25/May/2024 22:14:28] "OPTIONS /process_file HTTP/1.1" 200 -
{'input': '/home/yhlu/MICA/testfile/filelist.f'}
['/home/yhlu/MICA/testfile/test.sv', '/home/yhlu/MICA/testfile/test2.sv']
{'/home/yhlu/MICA/testfile/test.sv': SyntaxData(source_code=b'module foo (\n    input  a,\n    b,\n    output z\n);\nendmodule : foo\n', tree=[kDescriptionList], tokens=None, rawtokens=None, errors=None), '/home/yhlu/MICA/testfile/test2.sv': SyntaxData(source_code=b"module edge_propagator_ack (\n    input  logic clk_tx_i,\n    input  logic rstn_tx_i,\n    input  logic edge_i,\n    output logic ack_tx_o,\n    input  logic clk_rx_i,\n    input  logic rstn_rx_i,\n    output logic edge_o\n);\n\n  logic [1:0] sync_a;\n  logic       sync_b;\n\n  logic       r_input_reg;\n  logic       s_input_reg_next;\n\n  assign ack_tx_o = sync_a[0];\n\n  assign s_input_reg_next = edge_i | (r_input_reg & ~sync_a[0]);\n\n  always @(negedge rstn_tx_i or posedge clk_tx_i) begin\n    if (~rstn_tx_i) begin\n      r_input_reg <= 1'b0;\n      sync_a      <= 2'b00;\n    end else begin\n      r_input_reg <= s_input_reg_next;\n      sync_a      <= {sync_b, sync_a[1]};\n    end\n  end\n\n  pulp_sync_wedge u_sync_clkb (\n      .clk_i   (clk_rx_i),\n      .rstn_i  (rstn_rx_i),\n      .en_i    (1'b1),\n      .serial_i(r_input_reg),\n      .r_edge_o(edge_o),\n      .f_edge_o(),\n      .serial_o(sync_b)\n  );\n\nendmodule\n", tree=[kDescriptionList], tokens=None, rawtokens=None, errors=None)}
name:        : ['foo']
ports:       : ['a', 'b', 'z']
direct:      : ['input', 'input', 'output']
parameters:  : []
name:        : ['edge_propagator_ack']
ports:       : ['clk_tx_i', 'rstn_tx_i', 'edge_i', 'ack_tx_o', 'clk_rx_i', 'rstn_rx_i', 'edge_o']
direct:      : ['input', 'input', 'input', 'output', 'input', 'input', 'output']
parameters:  : []
{'header_text': 'module foo (\n    input  a,\n    b,\n    output z\n);', 'name': 'foo', 'ports': ['a', 'b', 'z'], 'direct': ['input', 'input', 'output'], 'parameters': [], 'imports': []}
{'header_text': 'module edge_propagator_ack (\n    input  logic clk_tx_i,\n    input  logic rstn_tx_i,\n    input  logic edge_i,\n    output logic ack_tx_o,\n    input  logic clk_rx_i,\n    input  logic rstn_rx_i,\n    output logic edge_o\n);', 'name': 'edge_propagator_ack', 'ports': ['clk_tx_i', 'rstn_tx_i', 'edge_i', 'ack_tx_o', 'clk_rx_i', 'rstn_rx_i', 'edge_o'], 'direct': ['input', 'input', 'input', 'output', 'input', 'input', 'output'], 'parameters': [], 'imports': []}
[{'name': 'foo', 'param': [], 'input': ['a', 'b'], 'output': ['z']}, {'name': 'edge_propagator_ack', 'param': [], 'input': ['clk_tx_i', 'rstn_tx_i', 'edge_i', 'clk_rx_i', 'rstn_rx_i'], 'output': ['ack_tx_o', 'edge_o']}]
[{'type': 'foo', 'name': 'foo', 'color': 'rgb(192,0,255)'}, {'type': 'edge_propagator_ack', 'name': 'edge_propagator_ack', 'color': 'rgb(192,0,255)'}]
127.0.0.1 - - [25/May/2024 22:14:28] "POST /process_file HTTP/1.1" 200 -
127.0.0.1 - - [25/May/2024 22:14:33] "OPTIONS /process_connect HTTP/1.1" 200 -
[{'id': 'b0812fb4-e73a-46e1-8aa4-f2746e2933cf', 'type': 'default', 'selected': True, 'x': 100, 'y': 300, 'ports': [{'id': '2dd8aeb2-a6f8-4ab7-9166-2f15c9a36f31', 'type': 'default', 'x': 102, 'y': 327, 'name': 'u_inst1_edge_propagator_ackclk_tx_i', 'alignment': 'left', 'parentNode': 'b0812fb4-e73a-46e1-8aa4-f2746e2933cf', 'links': [], 'in': True, 'label': 'clk_tx_i'}, {'id': '3aa6f9d4-7e44-4453-a9b1-064436ab8bf6', 'type': 'default', 'x': 102, 'y': 343, 'name': 'u_inst1_edge_propagator_ackrstn_tx_i', 'alignment': 'left', 'parentNode': 'b0812fb4-e73a-46e1-8aa4-f2746e2933cf', 'links': [], 'in': True, 'label': 'rstn_tx_i'}, {'id': 'c22be9ca-129c-43cb-b364-c9212bb8f199', 'type': 'default', 'x': 102, 'y': 359, 'name': 'u_inst1_edge_propagator_ackedge_i', 'alignment': 'left', 'parentNode': 'b0812fb4-e73a-46e1-8aa4-f2746e2933cf', 'links': [], 'in': True, 'label': 'edge_i'}, {'id': '62464338-6b24-4e00-8603-c3111e92d356', 'type': 'default', 'x': 102, 'y': 375, 'name': 'u_inst1_edge_propagator_ackclk_rx_i', 'alignment': 'left', 'parentNode': 'b0812fb4-e73a-46e1-8aa4-f2746e2933cf', 'links': [], 'in': True, 'label': 'clk_rx_i'}, {'id': 'd2635724-06b6-477d-99ff-24c92b2f6a5a', 'type': 'default', 'x': 102, 'y': 391, 'name': 'u_inst1_edge_propagator_ackrstn_rx_i', 'alignment': 'left', 'parentNode': 'b0812fb4-e73a-46e1-8aa4-f2746e2933cf', 'links': [], 'in': True, 'label': 'rstn_rx_i'}, {'id': '362a38d4-8b51-40ba-8383-c3ba572e586a', 'type': 'default', 'x': 252.32293701171875, 'y': 327, 'name': 'u_inst1_edge_propagator_ackack_tx_o', 'alignment': 'right', 'parentNode': 'b0812fb4-e73a-46e1-8aa4-f2746e2933cf', 'links': [], 'in': False, 'label': 'ack_tx_o'}, {'id': '80ffbdbf-985e-4555-9245-dd487956d013', 'type': 'default', 'x': 252.32293701171875, 'y': 343, 'name': 'u_inst1_edge_propagator_ackedge_o', 'alignment': 'right', 'parentNode': 'b0812fb4-e73a-46e1-8aa4-f2746e2933cf', 'links': [], 'in': False, 'label': 'edge_o'}], 'name': 'u_inst1_edge_propagator_ack', 'color': 'rgb(192,0,255)', 'portsInOrder': ['2dd8aeb2-a6f8-4ab7-9166-2f15c9a36f31', '3aa6f9d4-7e44-4453-a9b1-064436ab8bf6', 'c22be9ca-129c-43cb-b364-c9212bb8f199', '62464338-6b24-4e00-8603-c3111e92d356', 'd2635724-06b6-477d-99ff-24c92b2f6a5a'], 'portsOutOrder': ['362a38d4-8b51-40ba-8383-c3ba572e586a', '80ffbdbf-985e-4555-9245-dd487956d013']}, {'id': 'f1d91593-e523-44f0-9e9a-ffb56f3737cf', 'type': 'default', 'selected': True, 'x': 400, 'y': 300, 'ports': [{'id': 'caf91436-cfc7-468e-9aac-62a79e339275', 'type': 'default', 'x': 402, 'y': 327, 'name': 'u_inst3_edge_propagator_ackclk_tx_i', 'alignment': 'left', 'parentNode': 'f1d91593-e523-44f0-9e9a-ffb56f3737cf', 'links': [], 'in': True, 'label': 'clk_tx_i'}, {'id': '0c05449f-7db1-4054-8f4a-24ddb31fc490', 'type': 'default', 'x': 402, 'y': 343, 'name': 'u_inst3_edge_propagator_ackrstn_tx_i', 'alignment': 'left', 'parentNode': 'f1d91593-e523-44f0-9e9a-ffb56f3737cf', 'links': [], 'in': True, 'label': 'rstn_tx_i'}, {'id': 'f48c58d3-dedf-4a91-a037-4dc6d28d8c21', 'type': 'default', 'x': 402, 'y': 359, 'name': 'u_inst3_edge_propagator_ackedge_i', 'alignment': 'left', 'parentNode': 'f1d91593-e523-44f0-9e9a-ffb56f3737cf', 'links': [], 'in': True, 'label': 'edge_i'}, {'id': 'df091d33-f6b5-4da6-a409-4cc0419d6cde', 'type': 'default', 'x': 402, 'y': 375, 'name': 'u_inst3_edge_propagator_ackclk_rx_i', 'alignment': 'left', 'parentNode': 'f1d91593-e523-44f0-9e9a-ffb56f3737cf', 'links': [], 'in': True, 'label': 'clk_rx_i'}, {'id': '0e4dac8f-3a5f-42d5-9c81-24490bd5e040', 'type': 'default', 'x': 402, 'y': 391, 'name': 'u_inst3_edge_propagator_ackrstn_rx_i', 'alignment': 'left', 'parentNode': 'f1d91593-e523-44f0-9e9a-ffb56f3737cf', 'links': [], 'in': True, 'label': 'rstn_rx_i'}, {'id': '9faaf5f8-ecf9-4dc3-b9c7-5151f320003f', 'type': 'default', 'x': 552.3229370117188, 'y': 327, 'name': 'u_inst3_edge_propagator_ackack_tx_o', 'alignment': 'right', 'parentNode': 'f1d91593-e523-44f0-9e9a-ffb56f3737cf', 'links': [], 'in': False, 'label': 'ack_tx_o'}, {'id': '9a44760d-5f1b-4d24-b5fb-4e56e5977243', 'type': 'default', 'x': 552.3229370117188, 'y': 343, 'name': 'u_inst3_edge_propagator_ackedge_o', 'alignment': 'right', 'parentNode': 'f1d91593-e523-44f0-9e9a-ffb56f3737cf', 'links': [], 'in': False, 'label': 'edge_o'}], 'name': 'u_inst3_edge_propagator_ack', 'color': 'rgb(192,0,255)', 'portsInOrder': ['caf91436-cfc7-468e-9aac-62a79e339275', '0c05449f-7db1-4054-8f4a-24ddb31fc490', 'f48c58d3-dedf-4a91-a037-4dc6d28d8c21', 'df091d33-f6b5-4da6-a409-4cc0419d6cde', '0e4dac8f-3a5f-42d5-9c81-24490bd5e040'], 'portsOutOrder': ['9faaf5f8-ecf9-4dc3-b9c7-5151f320003f', '9a44760d-5f1b-4d24-b5fb-4e56e5977243']}]
['ack_tx_o', 'edge_o']
['clk_tx_i', 'rstn_tx_i', 'edge_i', 'clk_rx_i', 'rstn_rx_i']
Match: edge_o <-> edge_i with score: 83
Match: ack_tx_o <-> clk_tx_i with score: 75
127.0.0.1 - - [25/May/2024 22:14:34] "POST /process_connect HTTP/1.1" 200 -
127.0.0.1 - - [25/May/2024 22:44:26] "OPTIONS /process_file HTTP/1.1" 200 -
{'input': '/home/yhlu/MICA/testfile/filelist.f'}
['/home/yhlu/MICA/testfile/test.sv', '/home/yhlu/MICA/testfile/test2.sv']
{'/home/yhlu/MICA/testfile/test.sv': SyntaxData(source_code=b'module foo (\n    input  a,\n    b,\n    output z\n);\nendmodule : foo\n', tree=[kDescriptionList], tokens=None, rawtokens=None, errors=None), '/home/yhlu/MICA/testfile/test2.sv': SyntaxData(source_code=b"module edge_propagator_ack (\n    input  logic clk_tx_i,\n    input  logic rstn_tx_i,\n    input  logic edge_i,\n    output logic ack_tx_o,\n    input  logic clk_rx_i,\n    input  logic rstn_rx_i,\n    output logic edge_o\n);\n\n  logic [1:0] sync_a;\n  logic       sync_b;\n\n  logic       r_input_reg;\n  logic       s_input_reg_next;\n\n  assign ack_tx_o = sync_a[0];\n\n  assign s_input_reg_next = edge_i | (r_input_reg & ~sync_a[0]);\n\n  always @(negedge rstn_tx_i or posedge clk_tx_i) begin\n    if (~rstn_tx_i) begin\n      r_input_reg <= 1'b0;\n      sync_a      <= 2'b00;\n    end else begin\n      r_input_reg <= s_input_reg_next;\n      sync_a      <= {sync_b, sync_a[1]};\n    end\n  end\n\n  pulp_sync_wedge u_sync_clkb (\n      .clk_i   (clk_rx_i),\n      .rstn_i  (rstn_rx_i),\n      .en_i    (1'b1),\n      .serial_i(r_input_reg),\n      .r_edge_o(edge_o),\n      .f_edge_o(),\n      .serial_o(sync_b)\n  );\n\nendmodule\n", tree=[kDescriptionList], tokens=None, rawtokens=None, errors=None)}
name:        : ['foo']
ports:       : ['a', 'b', 'z']
direct:      : ['input', 'input', 'output']
parameters:  : []
name:        : ['edge_propagator_ack']
ports:       : ['clk_tx_i', 'rstn_tx_i', 'edge_i', 'ack_tx_o', 'clk_rx_i', 'rstn_rx_i', 'edge_o']
direct:      : ['input', 'input', 'input', 'output', 'input', 'input', 'output']
parameters:  : []
{'header_text': 'module foo (\n    input  a,\n    b,\n    output z\n);', 'name': 'foo', 'ports': ['a', 'b', 'z'], 'direct': ['input', 'input', 'output'], 'parameters': [], 'imports': []}
{'header_text': 'module edge_propagator_ack (\n    input  logic clk_tx_i,\n    input  logic rstn_tx_i,\n    input  logic edge_i,\n    output logic ack_tx_o,\n    input  logic clk_rx_i,\n    input  logic rstn_rx_i,\n    output logic edge_o\n);', 'name': 'edge_propagator_ack', 'ports': ['clk_tx_i', 'rstn_tx_i', 'edge_i', 'ack_tx_o', 'clk_rx_i', 'rstn_rx_i', 'edge_o'], 'direct': ['input', 'input', 'input', 'output', 'input', 'input', 'output'], 'parameters': [], 'imports': []}
[{'name': 'foo', 'param': [], 'input': ['a', 'b'], 'output': ['z']}, {'name': 'edge_propagator_ack', 'param': [], 'input': ['clk_tx_i', 'rstn_tx_i', 'edge_i', 'clk_rx_i', 'rstn_rx_i'], 'output': ['ack_tx_o', 'edge_o']}]
[{'type': 'foo', 'name': 'foo', 'color': 'rgb(192,0,255)'}, {'type': 'edge_propagator_ack', 'name': 'edge_propagator_ack', 'color': 'rgb(192,0,255)'}]
127.0.0.1 - - [25/May/2024 22:44:26] "POST /process_file HTTP/1.1" 200 -
127.0.0.1 - - [25/May/2024 22:45:28] "OPTIONS /process_file HTTP/1.1" 200 -
{'input': '/home/yhlu/MICA/testfile/filelist.f'}
['/home/yhlu/MICA/testfile/test.sv', '/home/yhlu/MICA/testfile/test2.sv']
{'/home/yhlu/MICA/testfile/test.sv': SyntaxData(source_code=b'module foo (\n    input  a,\n    b,\n    output z\n);\nendmodule : foo\n', tree=[kDescriptionList], tokens=None, rawtokens=None, errors=None), '/home/yhlu/MICA/testfile/test2.sv': SyntaxData(source_code=b"module edge_propagator_ack (\n    input  logic clk_tx_i,\n    input  logic rstn_tx_i,\n    input  logic edge_i,\n    output logic ack_tx_o,\n    input  logic clk_rx_i,\n    input  logic rstn_rx_i,\n    output logic edge_o\n);\n\n  logic [1:0] sync_a;\n  logic       sync_b;\n\n  logic       r_input_reg;\n  logic       s_input_reg_next;\n\n  assign ack_tx_o = sync_a[0];\n\n  assign s_input_reg_next = edge_i | (r_input_reg & ~sync_a[0]);\n\n  always @(negedge rstn_tx_i or posedge clk_tx_i) begin\n    if (~rstn_tx_i) begin\n      r_input_reg <= 1'b0;\n      sync_a      <= 2'b00;\n    end else begin\n      r_input_reg <= s_input_reg_next;\n      sync_a      <= {sync_b, sync_a[1]};\n    end\n  end\n\n  pulp_sync_wedge u_sync_clkb (\n      .clk_i   (clk_rx_i),\n      .rstn_i  (rstn_rx_i),\n      .en_i    (1'b1),\n      .serial_i(r_input_reg),\n      .r_edge_o(edge_o),\n      .f_edge_o(),\n      .serial_o(sync_b)\n  );\n\nendmodule\n", tree=[kDescriptionList], tokens=None, rawtokens=None, errors=None)}
name:        : ['foo']
ports:       : ['a', 'b', 'z']
direct:      : ['input', 'input', 'output']
parameters:  : []
name:        : ['edge_propagator_ack']
ports:       : ['clk_tx_i', 'rstn_tx_i', 'edge_i', 'ack_tx_o', 'clk_rx_i', 'rstn_rx_i', 'edge_o']
direct:      : ['input', 'input', 'input', 'output', 'input', 'input', 'output']
parameters:  : []
{'header_text': 'module foo (\n    input  a,\n    b,\n    output z\n);', 'name': 'foo', 'ports': ['a', 'b', 'z'], 'direct': ['input', 'input', 'output'], 'parameters': [], 'imports': []}
{'header_text': 'module edge_propagator_ack (\n    input  logic clk_tx_i,\n    input  logic rstn_tx_i,\n    input  logic edge_i,\n    output logic ack_tx_o,\n    input  logic clk_rx_i,\n    input  logic rstn_rx_i,\n    output logic edge_o\n);', 'name': 'edge_propagator_ack', 'ports': ['clk_tx_i', 'rstn_tx_i', 'edge_i', 'ack_tx_o', 'clk_rx_i', 'rstn_rx_i', 'edge_o'], 'direct': ['input', 'input', 'input', 'output', 'input', 'input', 'output'], 'parameters': [], 'imports': []}
[{'name': 'foo', 'param': [], 'input': ['a', 'b'], 'output': ['z']}, {'name': 'edge_propagator_ack', 'param': [], 'input': ['clk_tx_i', 'rstn_tx_i', 'edge_i', 'clk_rx_i', 'rstn_rx_i'], 'output': ['ack_tx_o', 'edge_o']}]
[{'type': 'foo', 'name': 'foo', 'color': 'rgb(192,0,255)'}, {'type': 'edge_propagator_ack', 'name': 'edge_propagator_ack', 'color': 'rgb(192,0,255)'}]
127.0.0.1 - - [25/May/2024 22:45:28] "POST /process_file HTTP/1.1" 200 -
127.0.0.1 - - [25/May/2024 22:45:54] "OPTIONS /process_file HTTP/1.1" 200 -
{'input': '/home/yhlu/MICA/testfile/filelist.f'}
['/home/yhlu/MICA/testfile/test.sv', '/home/yhlu/MICA/testfile/test2.sv']
{'/home/yhlu/MICA/testfile/test.sv': SyntaxData(source_code=b'module foo (\n    input  a,\n    b,\n    output z\n);\nendmodule : foo\n', tree=[kDescriptionList], tokens=None, rawtokens=None, errors=None), '/home/yhlu/MICA/testfile/test2.sv': SyntaxData(source_code=b"module edge_propagator_ack (\n    input  logic clk_tx_i,\n    input  logic rstn_tx_i,\n    input  logic edge_i,\n    output logic ack_tx_o,\n    input  logic clk_rx_i,\n    input  logic rstn_rx_i,\n    output logic edge_o\n);\n\n  logic [1:0] sync_a;\n  logic       sync_b;\n\n  logic       r_input_reg;\n  logic       s_input_reg_next;\n\n  assign ack_tx_o = sync_a[0];\n\n  assign s_input_reg_next = edge_i | (r_input_reg & ~sync_a[0]);\n\n  always @(negedge rstn_tx_i or posedge clk_tx_i) begin\n    if (~rstn_tx_i) begin\n      r_input_reg <= 1'b0;\n      sync_a      <= 2'b00;\n    end else begin\n      r_input_reg <= s_input_reg_next;\n      sync_a      <= {sync_b, sync_a[1]};\n    end\n  end\n\n  pulp_sync_wedge u_sync_clkb (\n      .clk_i   (clk_rx_i),\n      .rstn_i  (rstn_rx_i),\n      .en_i    (1'b1),\n      .serial_i(r_input_reg),\n      .r_edge_o(edge_o),\n      .f_edge_o(),\n      .serial_o(sync_b)\n  );\n\nendmodule\n", tree=[kDescriptionList], tokens=None, rawtokens=None, errors=None)}
name:        : ['foo']
ports:       : ['a', 'b', 'z']
direct:      : ['input', 'input', 'output']
parameters:  : []
name:        : ['edge_propagator_ack']
ports:       : ['clk_tx_i', 'rstn_tx_i', 'edge_i', 'ack_tx_o', 'clk_rx_i', 'rstn_rx_i', 'edge_o']
direct:      : ['input', 'input', 'input', 'output', 'input', 'input', 'output']
parameters:  : []
{'header_text': 'module foo (\n    input  a,\n    b,\n    output z\n);', 'name': 'foo', 'ports': ['a', 'b', 'z'], 'direct': ['input', 'input', 'output'], 'parameters': [], 'imports': []}
{'header_text': 'module edge_propagator_ack (\n    input  logic clk_tx_i,\n    input  logic rstn_tx_i,\n    input  logic edge_i,\n    output logic ack_tx_o,\n    input  logic clk_rx_i,\n    input  logic rstn_rx_i,\n    output logic edge_o\n);', 'name': 'edge_propagator_ack', 'ports': ['clk_tx_i', 'rstn_tx_i', 'edge_i', 'ack_tx_o', 'clk_rx_i', 'rstn_rx_i', 'edge_o'], 'direct': ['input', 'input', 'input', 'output', 'input', 'input', 'output'], 'parameters': [], 'imports': []}
[{'name': 'foo', 'param': [], 'input': ['a', 'b'], 'output': ['z']}, {'name': 'edge_propagator_ack', 'param': [], 'input': ['clk_tx_i', 'rstn_tx_i', 'edge_i', 'clk_rx_i', 'rstn_rx_i'], 'output': ['ack_tx_o', 'edge_o']}]
[{'type': 'foo', 'name': 'foo', 'color': 'rgb(192,0,255)'}, {'type': 'edge_propagator_ack', 'name': 'edge_propagator_ack', 'color': 'rgb(192,0,255)'}]
127.0.0.1 - - [25/May/2024 22:45:54] "POST /process_file HTTP/1.1" 200 -
127.0.0.1 - - [25/May/2024 22:47:32] "OPTIONS /process_file HTTP/1.1" 200 -
{'input': '/home/yhlu/MICA/testfile/filelist.f'}
['/home/yhlu/MICA/testfile/test.sv', '/home/yhlu/MICA/testfile/test2.sv']
{'/home/yhlu/MICA/testfile/test.sv': SyntaxData(source_code=b'module foo (\n    input  a,\n    b,\n    output z\n);\nendmodule : foo\n', tree=[kDescriptionList], tokens=None, rawtokens=None, errors=None), '/home/yhlu/MICA/testfile/test2.sv': SyntaxData(source_code=b"module edge_propagator_ack (\n    input  logic clk_tx_i,\n    input  logic rstn_tx_i,\n    input  logic edge_i,\n    output logic ack_tx_o,\n    input  logic clk_rx_i,\n    input  logic rstn_rx_i,\n    output logic edge_o\n);\n\n  logic [1:0] sync_a;\n  logic       sync_b;\n\n  logic       r_input_reg;\n  logic       s_input_reg_next;\n\n  assign ack_tx_o = sync_a[0];\n\n  assign s_input_reg_next = edge_i | (r_input_reg & ~sync_a[0]);\n\n  always @(negedge rstn_tx_i or posedge clk_tx_i) begin\n    if (~rstn_tx_i) begin\n      r_input_reg <= 1'b0;\n      sync_a      <= 2'b00;\n    end else begin\n      r_input_reg <= s_input_reg_next;\n      sync_a      <= {sync_b, sync_a[1]};\n    end\n  end\n\n  pulp_sync_wedge u_sync_clkb (\n      .clk_i   (clk_rx_i),\n      .rstn_i  (rstn_rx_i),\n      .en_i    (1'b1),\n      .serial_i(r_input_reg),\n      .r_edge_o(edge_o),\n      .f_edge_o(),\n      .serial_o(sync_b)\n  );\n\nendmodule\n", tree=[kDescriptionList], tokens=None, rawtokens=None, errors=None)}
name:        : ['foo']
ports:       : ['a', 'b', 'z']
direct:      : ['input', 'input', 'output']
parameters:  : []
name:        : ['edge_propagator_ack']
ports:       : ['clk_tx_i', 'rstn_tx_i', 'edge_i', 'ack_tx_o', 'clk_rx_i', 'rstn_rx_i', 'edge_o']
direct:      : ['input', 'input', 'input', 'output', 'input', 'input', 'output']
parameters:  : []
{'header_text': 'module foo (\n    input  a,\n    b,\n    output z\n);', 'name': 'foo', 'ports': ['a', 'b', 'z'], 'direct': ['input', 'input', 'output'], 'parameters': [], 'imports': []}
{'header_text': 'module edge_propagator_ack (\n    input  logic clk_tx_i,\n    input  logic rstn_tx_i,\n    input  logic edge_i,\n    output logic ack_tx_o,\n    input  logic clk_rx_i,\n    input  logic rstn_rx_i,\n    output logic edge_o\n);', 'name': 'edge_propagator_ack', 'ports': ['clk_tx_i', 'rstn_tx_i', 'edge_i', 'ack_tx_o', 'clk_rx_i', 'rstn_rx_i', 'edge_o'], 'direct': ['input', 'input', 'input', 'output', 'input', 'input', 'output'], 'parameters': [], 'imports': []}
[{'name': 'foo', 'param': [], 'input': ['a', 'b'], 'output': ['z']}, {'name': 'edge_propagator_ack', 'param': [], 'input': ['clk_tx_i', 'rstn_tx_i', 'edge_i', 'clk_rx_i', 'rstn_rx_i'], 'output': ['ack_tx_o', 'edge_o']}]
[{'type': 'foo', 'name': 'foo', 'color': 'rgb(192,0,255)'}, {'type': 'edge_propagator_ack', 'name': 'edge_propagator_ack', 'color': 'rgb(192,0,255)'}]
127.0.0.1 - - [25/May/2024 22:47:33] "POST /process_file HTTP/1.1" 200 -
127.0.0.1 - - [25/May/2024 23:46:37] "OPTIONS /process_file HTTP/1.1" 200 -
{'input': '/home/yhlu/MICA/testfile/filelist.f'}
['/home/yhlu/MICA/testfile/test.sv', '/home/yhlu/MICA/testfile/test2.sv']
{'/home/yhlu/MICA/testfile/test.sv': SyntaxData(source_code=b'module foo (\n    input  a,\n    b,\n    output z\n);\nendmodule : foo\n', tree=[kDescriptionList], tokens=None, rawtokens=None, errors=None), '/home/yhlu/MICA/testfile/test2.sv': SyntaxData(source_code=b"module edge_propagator_ack (\n    input  logic clk_tx_i,\n    input  logic rstn_tx_i,\n    input  logic edge_i,\n    output logic ack_tx_o,\n    input  logic clk_rx_i,\n    input  logic rstn_rx_i,\n    output logic edge_o\n);\n\n  logic [1:0] sync_a;\n  logic       sync_b;\n\n  logic       r_input_reg;\n  logic       s_input_reg_next;\n\n  assign ack_tx_o = sync_a[0];\n\n  assign s_input_reg_next = edge_i | (r_input_reg & ~sync_a[0]);\n\n  always @(negedge rstn_tx_i or posedge clk_tx_i) begin\n    if (~rstn_tx_i) begin\n      r_input_reg <= 1'b0;\n      sync_a      <= 2'b00;\n    end else begin\n      r_input_reg <= s_input_reg_next;\n      sync_a      <= {sync_b, sync_a[1]};\n    end\n  end\n\n  pulp_sync_wedge u_sync_clkb (\n      .clk_i   (clk_rx_i),\n      .rstn_i  (rstn_rx_i),\n      .en_i    (1'b1),\n      .serial_i(r_input_reg),\n      .r_edge_o(edge_o),\n      .f_edge_o(),\n      .serial_o(sync_b)\n  );\n\nendmodule\n", tree=[kDescriptionList], tokens=None, rawtokens=None, errors=None)}
name:        : ['foo']
ports:       : ['a', 'b', 'z']
direct:      : ['input', 'input', 'output']
parameters:  : []
name:        : ['edge_propagator_ack']
ports:       : ['clk_tx_i', 'rstn_tx_i', 'edge_i', 'ack_tx_o', 'clk_rx_i', 'rstn_rx_i', 'edge_o']
direct:      : ['input', 'input', 'input', 'output', 'input', 'input', 'output']
parameters:  : []
{'header_text': 'module foo (\n    input  a,\n    b,\n    output z\n);', 'name': 'foo', 'ports': ['a', 'b', 'z'], 'direct': ['input', 'input', 'output'], 'parameters': [], 'imports': []}
{'header_text': 'module edge_propagator_ack (\n    input  logic clk_tx_i,\n    input  logic rstn_tx_i,\n    input  logic edge_i,\n    output logic ack_tx_o,\n    input  logic clk_rx_i,\n    input  logic rstn_rx_i,\n    output logic edge_o\n);', 'name': 'edge_propagator_ack', 'ports': ['clk_tx_i', 'rstn_tx_i', 'edge_i', 'ack_tx_o', 'clk_rx_i', 'rstn_rx_i', 'edge_o'], 'direct': ['input', 'input', 'input', 'output', 'input', 'input', 'output'], 'parameters': [], 'imports': []}
[{'name': 'foo', 'param': [], 'input': ['a', 'b'], 'output': ['z']}, {'name': 'edge_propagator_ack', 'param': [], 'input': ['clk_tx_i', 'rstn_tx_i', 'edge_i', 'clk_rx_i', 'rstn_rx_i'], 'output': ['ack_tx_o', 'edge_o']}]
[{'type': 'foo', 'name': 'foo', 'color': 'rgb(192,0,255)'}, {'type': 'edge_propagator_ack', 'name': 'edge_propagator_ack', 'color': 'rgb(192,0,255)'}]
127.0.0.1 - - [25/May/2024 23:46:37] "POST /process_file HTTP/1.1" 200 -
127.0.0.1 - - [25/May/2024 23:51:25] "OPTIONS /process_file HTTP/1.1" 200 -
{'input': '/home/yhlu/MICA/testfile/filelist.f'}
['/home/yhlu/MICA/testfile/test.sv', '/home/yhlu/MICA/testfile/test2.sv']
{'/home/yhlu/MICA/testfile/test.sv': SyntaxData(source_code=b'module foo (\n    input  a,\n    b,\n    output z\n);\nendmodule : foo\n', tree=[kDescriptionList], tokens=None, rawtokens=None, errors=None), '/home/yhlu/MICA/testfile/test2.sv': SyntaxData(source_code=b"module edge_propagator_ack (\n    input  logic clk_tx_i,\n    input  logic rstn_tx_i,\n    input  logic edge_i,\n    output logic ack_tx_o,\n    input  logic clk_rx_i,\n    input  logic rstn_rx_i,\n    output logic edge_o\n);\n\n  logic [1:0] sync_a;\n  logic       sync_b;\n\n  logic       r_input_reg;\n  logic       s_input_reg_next;\n\n  assign ack_tx_o = sync_a[0];\n\n  assign s_input_reg_next = edge_i | (r_input_reg & ~sync_a[0]);\n\n  always @(negedge rstn_tx_i or posedge clk_tx_i) begin\n    if (~rstn_tx_i) begin\n      r_input_reg <= 1'b0;\n      sync_a      <= 2'b00;\n    end else begin\n      r_input_reg <= s_input_reg_next;\n      sync_a      <= {sync_b, sync_a[1]};\n    end\n  end\n\n  pulp_sync_wedge u_sync_clkb (\n      .clk_i   (clk_rx_i),\n      .rstn_i  (rstn_rx_i),\n      .en_i    (1'b1),\n      .serial_i(r_input_reg),\n      .r_edge_o(edge_o),\n      .f_edge_o(),\n      .serial_o(sync_b)\n  );\n\nendmodule\n", tree=[kDescriptionList], tokens=None, rawtokens=None, errors=None)}
name:        : ['foo']
ports:       : ['a', 'b', 'z']
direct:      : ['input', 'input', 'output']
parameters:  : []
name:        : ['edge_propagator_ack']
ports:       : ['clk_tx_i', 'rstn_tx_i', 'edge_i', 'ack_tx_o', 'clk_rx_i', 'rstn_rx_i', 'edge_o']
direct:      : ['input', 'input', 'input', 'output', 'input', 'input', 'output']
parameters:  : []
{'header_text': 'module foo (\n    input  a,\n    b,\n    output z\n);', 'name': 'foo', 'ports': ['a', 'b', 'z'], 'direct': ['input', 'input', 'output'], 'parameters': [], 'imports': []}
{'header_text': 'module edge_propagator_ack (\n    input  logic clk_tx_i,\n    input  logic rstn_tx_i,\n    input  logic edge_i,\n    output logic ack_tx_o,\n    input  logic clk_rx_i,\n    input  logic rstn_rx_i,\n    output logic edge_o\n);', 'name': 'edge_propagator_ack', 'ports': ['clk_tx_i', 'rstn_tx_i', 'edge_i', 'ack_tx_o', 'clk_rx_i', 'rstn_rx_i', 'edge_o'], 'direct': ['input', 'input', 'input', 'output', 'input', 'input', 'output'], 'parameters': [], 'imports': []}
[{'name': 'foo', 'param': [], 'input': ['a', 'b'], 'output': ['z']}, {'name': 'edge_propagator_ack', 'param': [], 'input': ['clk_tx_i', 'rstn_tx_i', 'edge_i', 'clk_rx_i', 'rstn_rx_i'], 'output': ['ack_tx_o', 'edge_o']}]
[{'type': 'foo', 'name': 'foo', 'color': 'rgb(192,0,255)'}, {'type': 'edge_propagator_ack', 'name': 'edge_propagator_ack', 'color': 'rgb(192,0,255)'}]
127.0.0.1 - - [25/May/2024 23:51:25] "POST /process_file HTTP/1.1" 200 -
127.0.0.1 - - [25/May/2024 23:52:51] "OPTIONS /process_file HTTP/1.1" 200 -
{'input': '/home/yhlu/MICA/testfile/filelist.f'}
['/home/yhlu/MICA/testfile/test.sv', '/home/yhlu/MICA/testfile/test2.sv']
{'/home/yhlu/MICA/testfile/test.sv': SyntaxData(source_code=b'module foo (\n    input  a,\n    b,\n    output z\n);\nendmodule : foo\n', tree=[kDescriptionList], tokens=None, rawtokens=None, errors=None), '/home/yhlu/MICA/testfile/test2.sv': SyntaxData(source_code=b"module edge_propagator_ack (\n    input  logic clk_tx_i,\n    input  logic rstn_tx_i,\n    input  logic edge_i,\n    output logic ack_tx_o,\n    input  logic clk_rx_i,\n    input  logic rstn_rx_i,\n    output logic edge_o\n);\n\n  logic [1:0] sync_a;\n  logic       sync_b;\n\n  logic       r_input_reg;\n  logic       s_input_reg_next;\n\n  assign ack_tx_o = sync_a[0];\n\n  assign s_input_reg_next = edge_i | (r_input_reg & ~sync_a[0]);\n\n  always @(negedge rstn_tx_i or posedge clk_tx_i) begin\n    if (~rstn_tx_i) begin\n      r_input_reg <= 1'b0;\n      sync_a      <= 2'b00;\n    end else begin\n      r_input_reg <= s_input_reg_next;\n      sync_a      <= {sync_b, sync_a[1]};\n    end\n  end\n\n  pulp_sync_wedge u_sync_clkb (\n      .clk_i   (clk_rx_i),\n      .rstn_i  (rstn_rx_i),\n      .en_i    (1'b1),\n      .serial_i(r_input_reg),\n      .r_edge_o(edge_o),\n      .f_edge_o(),\n      .serial_o(sync_b)\n  );\n\nendmodule\n", tree=[kDescriptionList], tokens=None, rawtokens=None, errors=None)}
name:        : ['foo']
ports:       : ['a', 'b', 'z']
direct:      : ['input', 'input', 'output']
parameters:  : []
name:        : ['edge_propagator_ack']
ports:       : ['clk_tx_i', 'rstn_tx_i', 'edge_i', 'ack_tx_o', 'clk_rx_i', 'rstn_rx_i', 'edge_o']
direct:      : ['input', 'input', 'input', 'output', 'input', 'input', 'output']
parameters:  : []
{'header_text': 'module foo (\n    input  a,\n    b,\n    output z\n);', 'name': 'foo', 'ports': ['a', 'b', 'z'], 'direct': ['input', 'input', 'output'], 'parameters': [], 'imports': []}
{'header_text': 'module edge_propagator_ack (\n    input  logic clk_tx_i,\n    input  logic rstn_tx_i,\n    input  logic edge_i,\n    output logic ack_tx_o,\n    input  logic clk_rx_i,\n    input  logic rstn_rx_i,\n    output logic edge_o\n);', 'name': 'edge_propagator_ack', 'ports': ['clk_tx_i', 'rstn_tx_i', 'edge_i', 'ack_tx_o', 'clk_rx_i', 'rstn_rx_i', 'edge_o'], 'direct': ['input', 'input', 'input', 'output', 'input', 'input', 'output'], 'parameters': [], 'imports': []}
[{'name': 'foo', 'param': [], 'input': ['a', 'b'], 'output': ['z']}, {'name': 'edge_propagator_ack', 'param': [], 'input': ['clk_tx_i', 'rstn_tx_i', 'edge_i', 'clk_rx_i', 'rstn_rx_i'], 'output': ['ack_tx_o', 'edge_o']}]
[{'type': 'foo', 'name': 'foo', 'color': 'rgb(192,0,255)'}, {'type': 'edge_propagator_ack', 'name': 'edge_propagator_ack', 'color': 'rgb(192,0,255)'}]
127.0.0.1 - - [25/May/2024 23:52:51] "POST /process_file HTTP/1.1" 200 -
127.0.0.1 - - [25/May/2024 23:57:19] "OPTIONS /process_file HTTP/1.1" 200 -
{'input': '/home/yhlu/MICA/testfile/filelist.f'}
['/home/yhlu/MICA/testfile/test.sv', '/home/yhlu/MICA/testfile/test2.sv']
{'/home/yhlu/MICA/testfile/test.sv': SyntaxData(source_code=b'module foo (\n    input  a,\n    b,\n    output z\n);\nendmodule : foo\n', tree=[kDescriptionList], tokens=None, rawtokens=None, errors=None), '/home/yhlu/MICA/testfile/test2.sv': SyntaxData(source_code=b"module edge_propagator_ack (\n    input  logic clk_tx_i,\n    input  logic rstn_tx_i,\n    input  logic edge_i,\n    output logic ack_tx_o,\n    input  logic clk_rx_i,\n    input  logic rstn_rx_i,\n    output logic edge_o\n);\n\n  logic [1:0] sync_a;\n  logic       sync_b;\n\n  logic       r_input_reg;\n  logic       s_input_reg_next;\n\n  assign ack_tx_o = sync_a[0];\n\n  assign s_input_reg_next = edge_i | (r_input_reg & ~sync_a[0]);\n\n  always @(negedge rstn_tx_i or posedge clk_tx_i) begin\n    if (~rstn_tx_i) begin\n      r_input_reg <= 1'b0;\n      sync_a      <= 2'b00;\n    end else begin\n      r_input_reg <= s_input_reg_next;\n      sync_a      <= {sync_b, sync_a[1]};\n    end\n  end\n\n  pulp_sync_wedge u_sync_clkb (\n      .clk_i   (clk_rx_i),\n      .rstn_i  (rstn_rx_i),\n      .en_i    (1'b1),\n      .serial_i(r_input_reg),\n      .r_edge_o(edge_o),\n      .f_edge_o(),\n      .serial_o(sync_b)\n  );\n\nendmodule\n", tree=[kDescriptionList], tokens=None, rawtokens=None, errors=None)}
name:        : ['foo']
ports:       : ['a', 'b', 'z']
direct:      : ['input', 'input', 'output']
parameters:  : []
name:        : ['edge_propagator_ack']
ports:       : ['clk_tx_i', 'rstn_tx_i', 'edge_i', 'ack_tx_o', 'clk_rx_i', 'rstn_rx_i', 'edge_o']
direct:      : ['input', 'input', 'input', 'output', 'input', 'input', 'output']
parameters:  : []
{'header_text': 'module foo (\n    input  a,\n    b,\n    output z\n);', 'name': 'foo', 'ports': ['a', 'b', 'z'], 'direct': ['input', 'input', 'output'], 'parameters': [], 'imports': []}
{'header_text': 'module edge_propagator_ack (\n    input  logic clk_tx_i,\n    input  logic rstn_tx_i,\n    input  logic edge_i,\n    output logic ack_tx_o,\n    input  logic clk_rx_i,\n    input  logic rstn_rx_i,\n    output logic edge_o\n);', 'name': 'edge_propagator_ack', 'ports': ['clk_tx_i', 'rstn_tx_i', 'edge_i', 'ack_tx_o', 'clk_rx_i', 'rstn_rx_i', 'edge_o'], 'direct': ['input', 'input', 'input', 'output', 'input', 'input', 'output'], 'parameters': [], 'imports': []}
[{'name': 'foo', 'param': [], 'input': ['a', 'b'], 'output': ['z']}, {'name': 'edge_propagator_ack', 'param': [], 'input': ['clk_tx_i', 'rstn_tx_i', 'edge_i', 'clk_rx_i', 'rstn_rx_i'], 'output': ['ack_tx_o', 'edge_o']}]
[{'type': 'foo', 'name': 'foo', 'color': 'rgb(192,0,255)'}, {'type': 'edge_propagator_ack', 'name': 'edge_propagator_ack', 'color': 'rgb(192,0,255)'}]
127.0.0.1 - - [25/May/2024 23:57:19] "POST /process_file HTTP/1.1" 200 -
[31m[1mWARNING: This is a development server. Do not use it in a production deployment. Use a production WSGI server instead.[0m
 * Running on http://127.0.0.1:5000
[33mPress CTRL+C to quit[0m
127.0.0.1 - - [26/May/2024 14:59:32] "OPTIONS /process_file HTTP/1.1" 200 -
{'input': '/home/yhlu/MICA/testfile/filelist.f'}
['/home/yhlu/MICA/testfile/test.sv', '/home/yhlu/MICA/testfile/test2.sv']
{'/home/yhlu/MICA/testfile/test.sv': SyntaxData(source_code=b'module foo (\n    input  a,\n    b,\n    output z\n);\nendmodule : foo\n', tree=[kDescriptionList], tokens=None, rawtokens=None, errors=None), '/home/yhlu/MICA/testfile/test2.sv': SyntaxData(source_code=b"module edge_propagator_ack (\n    input  logic clk_tx_i,\n    input  logic rstn_tx_i,\n    input  logic edge_i,\n    output logic ack_tx_o,\n    input  logic clk_rx_i,\n    input  logic rstn_rx_i,\n    output logic edge_o\n);\n\n  logic [1:0] sync_a;\n  logic       sync_b;\n\n  logic       r_input_reg;\n  logic       s_input_reg_next;\n\n  assign ack_tx_o = sync_a[0];\n\n  assign s_input_reg_next = edge_i | (r_input_reg & ~sync_a[0]);\n\n  always @(negedge rstn_tx_i or posedge clk_tx_i) begin\n    if (~rstn_tx_i) begin\n      r_input_reg <= 1'b0;\n      sync_a      <= 2'b00;\n    end else begin\n      r_input_reg <= s_input_reg_next;\n      sync_a      <= {sync_b, sync_a[1]};\n    end\n  end\n\n  pulp_sync_wedge u_sync_clkb (\n      .clk_i   (clk_rx_i),\n      .rstn_i  (rstn_rx_i),\n      .en_i    (1'b1),\n      .serial_i(r_input_reg),\n      .r_edge_o(edge_o),\n      .f_edge_o(),\n      .serial_o(sync_b)\n  );\n\nendmodule\n", tree=[kDescriptionList], tokens=None, rawtokens=None, errors=None)}
name:        : ['foo']
ports:       : ['a', 'b', 'z']
direct:      : ['input', 'input', 'output']
parameters:  : []
name:        : ['edge_propagator_ack']
ports:       : ['clk_tx_i', 'rstn_tx_i', 'edge_i', 'ack_tx_o', 'clk_rx_i', 'rstn_rx_i', 'edge_o']
direct:      : ['input', 'input', 'input', 'output', 'input', 'input', 'output']
parameters:  : []
{'header_text': 'module foo (\n    input  a,\n    b,\n    output z\n);', 'name': 'foo', 'ports': ['a', 'b', 'z'], 'direct': ['input', 'input', 'output'], 'parameters': [], 'imports': []}
{'header_text': 'module edge_propagator_ack (\n    input  logic clk_tx_i,\n    input  logic rstn_tx_i,\n    input  logic edge_i,\n    output logic ack_tx_o,\n    input  logic clk_rx_i,\n    input  logic rstn_rx_i,\n    output logic edge_o\n);', 'name': 'edge_propagator_ack', 'ports': ['clk_tx_i', 'rstn_tx_i', 'edge_i', 'ack_tx_o', 'clk_rx_i', 'rstn_rx_i', 'edge_o'], 'direct': ['input', 'input', 'input', 'output', 'input', 'input', 'output'], 'parameters': [], 'imports': []}
[{'name': 'foo', 'param': [], 'input': ['a', 'b'], 'output': ['z']}, {'name': 'edge_propagator_ack', 'param': [], 'input': ['clk_tx_i', 'rstn_tx_i', 'edge_i', 'clk_rx_i', 'rstn_rx_i'], 'output': ['ack_tx_o', 'edge_o']}]
[{'type': 'foo', 'name': 'foo', 'color': 'rgb(192,0,255)'}, {'type': 'edge_propagator_ack', 'name': 'edge_propagator_ack', 'color': 'rgb(192,0,255)'}]
127.0.0.1 - - [26/May/2024 14:59:33] "POST /process_file HTTP/1.1" 200 -
